# probe p1b-zk — P1(b) again with FULL ZK key generation
# source:   contracts/probes/p1b-map-coin.compact
# mode:     --zk
# image:    aa00004-compactc:0.33.0
# utc:      2026-08-18T20:17:36Z
# argv:     compactc --zk contracts/probes/p1b-map-coin.compact harness/generated-probes/p1b-zk
# ---------------- verbatim compiler output below ----------------
Compiling 4 circuits:
# ---------------- end verbatim output ----------------
# exit: 0
# artifacts produced:
#   harness/generated-probes/p1b-zk/compiler/contract-info.json
#   harness/generated-probes/p1b-zk/compiler/contract-manifest.json
#   harness/generated-probes/p1b-zk/contract/index.d.ts
#   harness/generated-probes/p1b-zk/contract/index.js
#   harness/generated-probes/p1b-zk/contract/index.js.map
#   harness/generated-probes/p1b-zk/keys/depositInto.prover
#   harness/generated-probes/p1b-zk/keys/depositInto.verifier
#   harness/generated-probes/p1b-zk/keys/poolHasColour.prover
#   harness/generated-probes/p1b-zk/keys/poolHasColour.verifier
#   harness/generated-probes/p1b-zk/keys/poolValue.prover
#   harness/generated-probes/p1b-zk/keys/poolValue.verifier
#   harness/generated-probes/p1b-zk/keys/withdrawFrom.prover
#   harness/generated-probes/p1b-zk/keys/withdrawFrom.verifier
#   harness/generated-probes/p1b-zk/zkir/depositInto.bzkir
#   harness/generated-probes/p1b-zk/zkir/depositInto.zkir
#   harness/generated-probes/p1b-zk/zkir/poolHasColour.bzkir
#   harness/generated-probes/p1b-zk/zkir/poolHasColour.zkir
#   harness/generated-probes/p1b-zk/zkir/poolValue.bzkir
#   harness/generated-probes/p1b-zk/zkir/poolValue.zkir
#   harness/generated-probes/p1b-zk/zkir/withdrawFrom.bzkir
#   harness/generated-probes/p1b-zk/zkir/withdrawFrom.zkir
