 Network aa00008_phase4_20260824_155250_31371_default Creating 
 Volume aa00008_phase4_20260824_155250_31371_node-data Creating 
 Volume aa00008_phase4_20260824_155250_31371_node-data Creating 
 Network aa00008_phase4_20260824_155250_31371_default Creating 
 Volume aa00008_phase4_20260824_155250_31371_node-data Created 
 Volume aa00008_phase4_20260824_155250_31371_node-data Created 
 Network aa00008_phase4_20260824_155250_31371_default Created 
 Network aa00008_phase4_20260824_155250_31371_default Created 
 Container aa00008_phase4_20260824_155250_31371-proof-server-1 Creating 
 Container aa00008_phase4_20260824_155250_31371-node-1 Creating 
 Container aa00008_phase4_20260824_155250_31371-plain-proof-server-1 Creating 
 Container aa00008_phase4_20260824_155250_31371-plain-proof-server-1 Created 
 Container aa00008_phase4_20260824_155250_31371-proof-server-1 Created 
 Container aa00008_phase4_20260824_155250_31371-node-1 Created 
 Container aa00008_phase4_20260824_155250_31371-indexer-1 Creating 
 Container aa00008_phase4_20260824_155250_31371-indexer-1 Created 
 Container aa00008_phase4_20260824_155250_31371-proof-server-1 Starting 
 Container aa00008_phase4_20260824_155250_31371-plain-proof-server-1 Starting 
 Container aa00008_phase4_20260824_155250_31371-node-1 Starting 
 Container aa00008_phase4_20260824_155250_31371-plain-proof-server-1 Started 
 Container aa00008_phase4_20260824_155250_31371-proof-server-1 Started 
 Container aa00008_phase4_20260824_155250_31371-node-1 Started 
 Container aa00008_phase4_20260824_155250_31371-node-1 Waiting 
 Container aa00008_phase4_20260824_155250_31371-node-1 Healthy 
 Container aa00008_phase4_20260824_155250_31371-indexer-1 Starting 
 Container aa00008_phase4_20260824_155250_31371-indexer-1 Started 
