 Container aa00008_phase4_20260824_155250_31371-indexer-1 Running 
 Container aa00008_phase4_20260824_155250_31371-proof-server-1 Running 
 Container aa00008_phase4_20260824_155250_31371-plain-proof-server-1 Running 
 Container aa00008_phase4_20260824_155250_31371-node-1 Running 
 Container aa00008_phase4_20260824_155250_31371-node-1 Waiting 
 Container aa00008_phase4_20260824_155250_31371-node-1 Healthy 
 Container aa00008_phase4_20260824_155250_31371-node-1 Waiting 
 Container aa00008_phase4_20260824_155250_31371-node-1 Healthy 
 Container aa00008_phase4_20260824_155250_31371-runner-run-d7484cf538e9 Creating 
 Container aa00008_phase4_20260824_155250_31371-runner-run-d7484cf538e9 Created 
Preparing pnpm@11.5.1 for immediate activation...

node:internal/modules/run_main:123
    triggerUncaughtException(
    ^
Error [ERR_MODULE_NOT_FOUND]: Cannot find module '/work/harness/generated-zk/minter-collide/contract/index.js' imported from /work/harness/src/contracts.ts
    at finalizeResolution (node:internal/modules/esm/resolve:274:11)
    at moduleResolve (node:internal/modules/esm/resolve:859:10)
    at defaultResolve (node:internal/modules/esm/resolve:983:11)
    at nextResolve (node:internal/modules/esm/hooks:748:28)
    at resolveBase (file:///work/harness/node_modules/.pnpm/tsx@4.20.6/node_modules/tsx/dist/esm/index.mjs?1787586792070:2:3744)
    at async resolveDirectory (file:///work/harness/node_modules/.pnpm/tsx@4.20.6/node_modules/tsx/dist/esm/index.mjs?1787586792070:2:4237)
    at async resolve (file:///work/harness/node_modules/.pnpm/tsx@4.20.6/node_modules/tsx/dist/esm/index.mjs?1787586792070:2:5355)
    at async nextResolve (node:internal/modules/esm/hooks:748:22)
    at async Hooks.resolve (node:internal/modules/esm/hooks:240:24)
    at async handleMessage (node:internal/modules/esm/worker:199:18) {
  code: 'ERR_MODULE_NOT_FOUND',
  url: 'file:///work/harness/generated-zk/minter-collide/contract/index.js'
}

Node.js v22.18.0

