 Container aa00008_phase4_20260824_155250_31371-proof-server-1 Stopping 
 Container aa00008_phase4_20260824_155250_31371-plain-proof-server-1 Stopping 
 Container aa00008_phase4_20260824_155250_31371-indexer-1 Stopping 
 Container aa00008_phase4_20260824_155250_31371-indexer-1 Stopped 
 Container aa00008_phase4_20260824_155250_31371-indexer-1 Removing 
 Container aa00008_phase4_20260824_155250_31371-indexer-1 Removed 
 Container aa00008_phase4_20260824_155250_31371-node-1 Stopping 
 Container aa00008_phase4_20260824_155250_31371-node-1 Stopped 
 Container aa00008_phase4_20260824_155250_31371-node-1 Removing 
 Container aa00008_phase4_20260824_155250_31371-node-1 Removed 
 Container aa00008_phase4_20260824_155250_31371-plain-proof-server-1 Stopped 
 Container aa00008_phase4_20260824_155250_31371-plain-proof-server-1 Removing 
 Container aa00008_phase4_20260824_155250_31371-plain-proof-server-1 Removed 
 Container aa00008_phase4_20260824_155250_31371-proof-server-1 Stopped 
 Container aa00008_phase4_20260824_155250_31371-proof-server-1 Removing 
 Container aa00008_phase4_20260824_155250_31371-proof-server-1 Removed 
 Network aa00008_phase4_20260824_155250_31371_default Removing 
 Volume aa00008_phase4_20260824_155250_31371_node-data Removing 
 Volume aa00008_phase4_20260824_155250_31371_node-data Removed 
 Network aa00008_phase4_20260824_155250_31371_default Removed 
aa00008_phase4_20260824_155250_31371_work
aa00008_phase4_20260824_155250_31371_evidence
