# G3 run log
started_utc: 2026-08-20T12:17:25Z
argv: ./scripts/g3/verify-g3-swap-ledger.sh full 
cwd: /Users/edwardalvarado/todo/AA/experiments/00006-unbalanced-zswap
host: Darwin arm64
docker: Docker version 29.1.3, build f52814d
compose: 2.40.3-desktop.1
label: EXPERIMENTAL_LANE
--- step: 01-w1-docker-config
    utc_start: 2026-08-20T12:17:25Z
    cwd: /Users/edwardalvarado/todo/AA/experiments/00006-unbalanced-zswap
    argv: step_w1
    utc_end: 2026-08-20T12:17:26Z
    duration_s: 1
    exit: 0
    output: 01-w1-docker-config.out
--- step: 02-probe-ports
    utc_start: 2026-08-20T12:17:26Z
    cwd: /Users/edwardalvarado/todo/AA/experiments/00006-unbalanced-zswap
    argv: step_probe_ports
    utc_end: 2026-08-20T12:17:26Z
    duration_s: 0
    exit: 0
    output: 02-probe-ports.out
--- step: 03-lane-reuse
    utc_start: 2026-08-20T12:17:26Z
    cwd: /Users/edwardalvarado/todo/AA/experiments/00006-unbalanced-zswap
    argv: step_lane_reuse
    utc_end: 2026-08-20T12:17:26Z
    duration_s: 0
    exit: 0
    output: 03-lane-reuse.out
--- step: 04-lane-dev-1
    utc_start: 2026-08-20T12:17:26Z
    cwd: /Users/edwardalvarado/todo/AA/experiments/00006-unbalanced-zswap
    argv: step_lane_dev_1
    utc_end: 2026-08-20T12:17:27Z
    duration_s: 1
    exit: 0
    output: 04-lane-dev-1.out
--- step: 05-compile-fast
    utc_start: 2026-08-20T12:17:27Z
    cwd: /Users/edwardalvarado/todo/AA/experiments/00006-unbalanced-zswap
    argv: step_compile_fast
    utc_end: 2026-08-20T12:17:29Z
    duration_s: 2
    exit: 0
    output: 05-compile-fast.out
--- step: 06-install
    utc_start: 2026-08-20T12:17:29Z
    cwd: /Users/edwardalvarado/todo/AA/experiments/00006-unbalanced-zswap
    argv: step_install
    utc_end: 2026-08-20T12:17:29Z
    duration_s: 0
    exit: 0
    output: 06-install.out
--- step: 07-unit-suites
    utc_start: 2026-08-20T12:17:29Z
    cwd: /Users/edwardalvarado/todo/AA/experiments/00006-unbalanced-zswap
    argv: step_unit_suites
    utc_end: 2026-08-20T12:17:31Z
    duration_s: 2
    exit: 0
    output: 07-unit-suites.out
--- step: 08-typecheck
    utc_start: 2026-08-20T12:17:31Z
    cwd: /Users/edwardalvarado/todo/AA/experiments/00006-unbalanced-zswap
    argv: step_typecheck
    utc_end: 2026-08-20T12:17:32Z
    duration_s: 1
    exit: 0
    output: 08-typecheck.out
--- step: 09-compile-zk
    utc_start: 2026-08-20T12:17:32Z
    cwd: /Users/edwardalvarado/todo/AA/experiments/00006-unbalanced-zswap
    argv: step_compile_zk
    utc_end: 2026-08-20T12:18:52Z
    duration_s: 80
    exit: 0
    output: 09-compile-zk.out
--- step: 10-pull
    utc_start: 2026-08-20T12:18:52Z
    cwd: /Users/edwardalvarado/todo/AA/experiments/00006-unbalanced-zswap
    argv: step_pull
    utc_end: 2026-08-20T12:18:54Z
    duration_s: 2
    exit: 0
    output: 10-pull.out
--- step: 11-boot
    utc_start: 2026-08-20T12:18:54Z
    cwd: /Users/edwardalvarado/todo/AA/experiments/00006-unbalanced-zswap
    argv: step_boot
    utc_end: 2026-08-20T12:19:01Z
    duration_s: 7
    exit: 0
    output: 11-boot.out
--- step: 12-health
    utc_start: 2026-08-20T12:19:01Z
    cwd: /Users/edwardalvarado/todo/AA/experiments/00006-unbalanced-zswap
    argv: step_health
    utc_end: 2026-08-20T12:19:04Z
    duration_s: 3
    exit: 0
    output: 12-health.out
--- step: 13-reset-evidence
    utc_start: 2026-08-20T12:19:04Z
    cwd: /Users/edwardalvarado/todo/AA/experiments/00006-unbalanced-zswap
    argv: step_reset_evidence
    utc_end: 2026-08-20T12:19:04Z
    duration_s: 0
    exit: 0
    output: 13-reset-evidence.out
--- step: 14-loadgate
    utc_start: 2026-08-20T12:19:04Z
    cwd: /Users/edwardalvarado/todo/AA/experiments/00006-unbalanced-zswap
    argv: step_loadgate
    utc_end: 2026-08-20T12:19:04Z
    duration_s: 0
    exit: 0
    output: 14-loadgate.out
--- step: 15-stage-a
    utc_start: 2026-08-20T12:19:04Z
    cwd: /Users/edwardalvarado/todo/AA/experiments/00006-unbalanced-zswap
    argv: step_stage_a
    utc_end: 2026-08-20T12:34:39Z
    duration_s: 935
    exit: 0
    output: 15-stage-a.out
--- step: 16-stage-b
    utc_start: 2026-08-20T12:34:39Z
    cwd: /Users/edwardalvarado/todo/AA/experiments/00006-unbalanced-zswap
    argv: step_stage_b
    utc_end: 2026-08-20T12:43:33Z
    duration_s: 534
    exit: 0
    output: 16-stage-b.out
--- step: 17-stage-c
    utc_start: 2026-08-20T12:43:33Z
    cwd: /Users/edwardalvarado/todo/AA/experiments/00006-unbalanced-zswap
    argv: step_stage_c
    utc_end: 2026-08-20T12:57:22Z
    duration_s: 829
    exit: 0
    output: 17-stage-c.out
--- step: 18-record
    utc_start: 2026-08-20T12:57:22Z
    cwd: /Users/edwardalvarado/todo/AA/experiments/00006-unbalanced-zswap
    argv: step_record
    utc_end: 2026-08-20T12:57:24Z
    duration_s: 2
    exit: 0
    output: 18-record.out
--- teardown
    utc: 2026-08-20T12:57:24Z
    argv: docker compose --env-file /Users/edwardalvarado/todo/AA/experiments/00006-unbalanced-zswap/docker/.env -f /Users/edwardalvarado/todo/AA/experiments/00006-unbalanced-zswap/docker/compose.yml down -v --remove-orphans && stack_assert_clean aa00006-g3-20260820121725-34122 && w1_cleanup
    exit: 0
finished_utc: 2026-08-20T12:57:26Z
final_exit: 0
