[W-2] already running under caffeinate (pid 69525) — idle sleep is held off
[G2] EXPERIMENTAL_LANE / LANE-DEV-1 — 00006 Manager v4 + offer envelope kit, mode=full
[G2] compose project: aa00006-g2-20260820141345-69525
[G2] ok: 01-w1-docker-config (1s)
[G2] ok: 02-probe-ports (0s)
[G2] ok: 03-lane-reuse (1s)
[G2] ok: 04-lane-dev-1 (0s)
[G2] ok: 05-compile-fast (2s)
[G2] ok: 06-install (0s)
[G2] ok: 07-unit-suites (2s)
[G2] ok: 08-typecheck (2s)
[G2] ok: 09-compile-zk (79s)
[G2] ok: 10-pull (2s)
[G2] ok: 11-boot (6s)
[G2] ok: 12-health (2s)
[G2] ok: 13-reset-spike-evidence (0s)
[G2] ok: 14-loadgate (0s)
[G2] ok: 15-spike-s4 (737s)
[G2] S4 verdict: GREEN
[G2] S4 is GREEN, so the bearer-key fallback is NOT needed (FR-308: openness is GREEN if
[G2] EITHER shape settles). Skipping S4b, per Plan 02 Phase 3.
[G2] ok: 17-spike-s5b (991s)
[G2] ok: 18-spike-s5 (2542s)
[G2] ok: 19-spike-s6 (559s)
[G2] ok: 20-record-artifacts (1s)
[G2] ok: 21-record-spikes (1s)
[G2] all steps passed; teardown runs next and must also succeed
[G2] teardown: docker compose --env-file /var/folders/_l/btc7vkzx59j_4tmlx2h02c600000gn/T/aa00006-g4-88MwCz/clone/docker/.env -f /var/folders/_l/btc7vkzx59j_4tmlx2h02c600000gn/T/aa00006-g4-88MwCz/clone/docker/compose.yml down -v --remove-orphans && stack_assert_clean aa00006-g2-20260820141345-69525 && w1_cleanup
[G2] GREEN
