== freshness — is the "reproduction" a different chain at all?
  Manager      original b1f34f0469b0c29e0a61e931be21a1d335d33953367bf3fc9c633b0d8372076d
               repro    010281da01cf6ef6936eb05a06b433487837b58d008d3869566df74d34ac1862
  Minter1        (TOKA) original 0bb842c5b867d73242056d975699037a145c2515cc56e4883441c531691995f2
                        repro    3840b59d70ddcd18b2dc6a6cc4e590b25fefd9bf6227f7a60db466c68456901b
  Minter2        (TOKB) original 6b2a58fee518a9d8b37b3efe7f2f7b19d9189d8a2f48fb9f17356da2fdc665aa
                        repro    4928e264fdf6b433e389f33cc54a69486a80d50e0f9e4e7eb2efde218e8cec46
  Minter3        (TOKC) original 398524288ec4b0e3907170d9f6bfb22445e98b467546485a29b44f8b811a98b5
                        repro    cf4675e02bb8b5afc9001ad6ab0cc914b872106e4c7be5bd3f5bc141a1797db6
  Minter4        (TOKD) original 24319339d7d1886f9d780f873f1c22e1c9127de9115e6a24fa2f8c4b89df72b0
                        repro    9580f508dab2fd31bf9f109a7d711eb13e30e652e79c4dd6c76269b21a22a67a
  Minter5        (TOKE) original 4dd07d275346219ceda9e918ee70b7c226fe759e9d7450e95aba6fa6983e9fa4
                        repro    c8a5d1fe8752c319be4c5a55c6c881ff83760deb7d03fee98654962456966d59
  MinterCollide  (TOKX) original 91d2f65440db34c57dd5f7b3538d759fa798519d94932fe3b9b699cb596c7b67
                        repro    c6b8eae288c88909ff7dcebc5b50837a7ceb93789b7b616201c83f39a354e548
  colours: 12/12 differ (colours are address-scoped and CANNOT repeat on a new chain)
  pooled coin nonces differ: True
  transaction ids: 45 original, 45 reproduced, 0 IN COMMON
  AA_A commitment: original 009a77de97356f5caec09a9f582208d448e7ea81404d0a8501f077a032e4ce4b
                   repro    009a77de97356f5caec09a9f582208d448e7ea81404d0a8501f077a032e4ce4b  (same fixture)
== deploy order — the Manager exists before anything that can mint
  Manager deploy block 28 (chain tip before ANY deploy: 25)
  Minter1        block    40 strictlyLater=True absentAtManagerBlock=True/True
  Minter2        block    49 strictlyLater=True absentAtManagerBlock=True/True
  Minter3        block    58 strictlyLater=True absentAtManagerBlock=True/True
  Minter4        block   153 strictlyLater=True absentAtManagerBlock=True/True
  Minter5        block   195 strictlyLater=True absentAtManagerBlock=True/True
  MinterCollide  block   204 strictlyLater=True absentAtManagerBlock=True/True
== checklist
  GREEN    step-0                 step 0            level SDK
  GREEN    step-1                 step 1            level SDK
  GREEN    step-2                 step 2            level SDK
  GREEN    step-3                 step 3            level SDK
  GREEN    step-4                 step 4            level SDK
  GREEN    step-5                 step 5            level SDK
  GREEN    step-6                 step 6            level SDK
  GREEN    step-7                 step 7            level SDK
  GREEN    step-8                 step 8            level SDK
  GREEN    step-9                 step 9            level SDK
  GREEN    step-10                step 10           level SDK
  GREEN    step-11                step 11           level SDK
  GREEN    step-12                step 12           level SDK
  GREEN    step-13                step 13           level SDK
  GREEN    step-14                step 14           level SDK
  GREEN    step-15                step 15           level SDK
  GREEN    step-16                step 16           level SDK
  GREEN    step-17                step 17           level SDK
  GREEN    invariant-per-colour   step 0-17 + probes level derived
  GREEN    map-sizes              step 0-17 + probes level derived
  GREEN    dormant-U3             step 0-17         level derived
  GREEN    NC-1                   step NC-1         level SDK
  GREEN    NC-2                   step NC-2         level SDK
  GREEN    NC-3                   step NC-3         level SDK
  GREEN    NC-4                   step NC-4         level SDK
  GREEN    NC-5                   step NC-5         level SDK
  GREEN    distinctness           step probe        level SDK
  GREEN    P-COLL                 step probe        level SDK
  GREEN    M3-lazy-init           step probe        level SDK
  GREEN    M3-composition         step probe        level SDK
  original 30 items, reproduced 30 items, 30 GREEN
== final table, custody and the EXACT end-state map sizes
  |  | S1 | S2 | S3 | S4 | U1 | U2 | U3 | U4 |
  |---|---|---|---|---|---|---|---|---|
  | OwnerN | 4 | 2 | 0 | 0 | 5 | 0 | 0 | 0 |
  | OwnerM | 0 | 4 | 6 | 0 | 2 | 5 | 0 | 0 |
  | AA_A | 3 | 0 | 4 | 7 | 3 | 0 | 0 | 0 |
  | AA_B | 3 | 4 | 0 | 0 | 0 | 5 | 0 | 4 |
  | pool / ledger | 6 | 4 | 4 | 7 | 3 | 5 | 0 | 4 |
  end-state map sizes (reproduced walk): {"pools": 4, "shieldedCells": 5, "unshieldedCells": 3}
  end-state map sizes (spec): {"pools": 4, "shieldedCells": 5, "unshieldedCells": 3}
== per-step map sizes (all 18 rows)
  step  0 {"pools": 0, "shieldedCells": 0, "unshieldedCells": 0}  ok
  step  1 {"pools": 0, "shieldedCells": 0, "unshieldedCells": 0}  ok
  step  2 {"pools": 0, "shieldedCells": 0, "unshieldedCells": 0}  ok
  step  3 {"pools": 0, "shieldedCells": 0, "unshieldedCells": 0}  ok
  step  4 {"pools": 0, "shieldedCells": 0, "unshieldedCells": 0}  ok
  step  5 {"pools": 0, "shieldedCells": 0, "unshieldedCells": 0}  ok
  step  6 {"pools": 0, "shieldedCells": 0, "unshieldedCells": 0}  ok
  step  7 {"pools": 1, "shieldedCells": 1, "unshieldedCells": 0}  ok
  step  8 {"pools": 1, "shieldedCells": 1, "unshieldedCells": 1}  ok
  step  9 {"pools": 2, "shieldedCells": 2, "unshieldedCells": 1}  ok
  step 10 {"pools": 3, "shieldedCells": 3, "unshieldedCells": 1}  ok
  step 11 {"pools": 3, "shieldedCells": 3, "unshieldedCells": 2}  ok
  step 12 {"pools": 3, "shieldedCells": 4, "unshieldedCells": 2}  ok
  step 13 {"pools": 3, "shieldedCells": 4, "unshieldedCells": 2}  ok
  step 14 {"pools": 3, "shieldedCells": 4, "unshieldedCells": 2}  ok
  step 15 {"pools": 3, "shieldedCells": 4, "unshieldedCells": 2}  ok
  step 16 {"pools": 4, "shieldedCells": 5, "unshieldedCells": 2}  ok
  step 17 {"pools": 4, "shieldedCells": 5, "unshieldedCells": 3}  ok
== FR-206 — U3 dormant
  U3 across all four parties at row 17: ['0', '0', '0', '0']; custody 0
== distinctness, P-COLL and M3
  distinctness: original 45/45, repro 45/45, collisions 0
  P-COLL after both deposits: pool 3 vs ledger 2; after independent withdrawals: pool 2 vs ledger 1
  P-COLL on-chain circuit reads of the IDENTICAL 32-byte argument: {'note': 'the SAME 32-byte colour argument, handed to two circuits on the deployed Manager — a proved transaction each, independent of the state decode', 'shieldedAccountBalance(AA_B, X)': '2', 'unshieldedAccountBalance(AA_B, X)': '1', 'txs': ['00d42dc65613e873e194252f9d7e6da81a4c9f25330bc220790298cac6d3213ced', '00e21a9e0a2699dc36c7595e1a36429599e5a6a38c5fe6e1e40061169351c1fa6f']}
  M3 original: composedInOneTransaction=True, 1 tx id(s), shape: sdk-scoped batch (one transaction, one segment per call, state threaded)
      attempt 1: refused
        Unexpected error submitting scoped transaction 'aa00005-double-lazy-init': (FiberFailure) SubmissionError: Transaction submission error [cause]: SubmissionError: Transaction submission failed [cause]: RpcError: 1010: Invalid Transaction: Custom error: 104 } } | cause: Transaction submission error
      attempt 2: ACCEPTED
  M3 repro   : composedInOneTransaction=True, 1 tx id(s), shape: sdk-scoped batch (one transaction, one segment per call, state threaded)
      attempt 1: refused
        Unexpected error submitting scoped transaction 'aa00005-double-lazy-init': (FiberFailure) SubmissionError: Transaction submission error [cause]: SubmissionError: Transaction submission failed [cause]: RpcError: 1010: Invalid Transaction: Custom error: 104 } } | cause: Transaction submission error
      attempt 2: ACCEPTED
  M3 map sizes {"pools": 5, "shieldedCells": 6, "unshieldedCells": 4} -> {"pools": 6, "shieldedCells": 7, "unshieldedCells": 5}
== negative controls — verdict, verbatim message, funds AND no-state-created
  GREEN  NC-1   message-matched=True funds-unchanged=True map-sizes-unchanged=True
         no state created — no cell was created for the unregistered witness: accounts still 2, map sizes {"pools":4,"shieldedCells":5,"unshieldedCells":3}
  GREEN  NC-2   message-matched=True funds-unchanged=True map-sizes-unchanged=True
         no state created — (AA_B,S3) cell absent before: yes
         no state created — (AA_B,S3) cell absent after: yes
  GREEN  NC-3   message-matched=True funds-unchanged=True map-sizes-unchanged=True
         no state created — U3 absent from every map before: yes
         no state created — U3 absent from every map after: yes
  GREEN  NC-4   message-matched=True funds-unchanged=True map-sizes-unchanged=True
         no state created — account set unchanged: yes
         no state created — no cell for the bogus account, no pool for the colour: yes ({"pools":4,"shieldedCells":5,"unshieldedCells":3})
  GREEN  NC-5   message-matched=True funds-unchanged=True map-sizes-unchanged=True
         no state created — (AA_A,S2) cell absent before: yes
         no state created — (AA_A,S2) cell absent after: yes
         no state created — poolS2 unchanged: yes (4)

reproduction matches the original item for item, verdict for verdict, map size for map size
and control message for control message — on a demonstrably different chain, with zero
transaction ids in common
