# G4 run log
started_utc: 2026-08-20T13:27:53Z
argv: /Users/edwardalvarado/todo/AA/experiments/00006-unbalanced-zswap/scripts/g4/verify-g4-closeout.sh full
cwd: /Users/edwardalvarado/todo/AA/experiments/00006-unbalanced-zswap
host: Darwin arm64
docker: Docker version 29.1.3, build f52814d
compose: 2.40.3-desktop.1
label: EXPERIMENTAL_LANE
--- step: 01-w1-docker-config
    utc_start: 2026-08-20T13:27:53Z
    cwd: /Users/edwardalvarado/todo/AA/experiments/00006-unbalanced-zswap
    argv: step_w1
    utc_end: 2026-08-20T13:27:53Z
    duration_s: 0
    exit: 0
    output: 01-w1-docker-config.out
--- step: 02-clean-clone
    utc_start: 2026-08-20T13:27:53Z
    cwd: /Users/edwardalvarado/todo/AA/experiments/00006-unbalanced-zswap
    argv: step_clean_clone
    utc_end: 2026-08-20T13:27:53Z
    duration_s: 0
    exit: 0
    output: 02-clean-clone.out
--- step: 03-spec-hash
    utc_start: 2026-08-20T13:27:53Z
    cwd: /Users/edwardalvarado/todo/AA/experiments/00006-unbalanced-zswap
    argv: step_spec_hash
    utc_end: 2026-08-20T13:27:53Z
    duration_s: 0
    exit: 0
    output: 03-spec-hash.out
--- step: 04-freshness-selftest
    utc_start: 2026-08-20T13:27:53Z
    cwd: /Users/edwardalvarado/todo/AA/experiments/00006-unbalanced-zswap
    argv: step_freshness_selftest
    utc_end: 2026-08-20T13:27:53Z
    duration_s: 0
    exit: 0
    output: 04-freshness-selftest.out
--- step: 05-reproduce-g1
    utc_start: 2026-08-20T13:27:53Z
    cwd: /Users/edwardalvarado/todo/AA/experiments/00006-unbalanced-zswap
    argv: step_reproduce_g1
    utc_end: 2026-08-20T14:13:44Z
    duration_s: 2751
    exit: 0
    output: 05-reproduce-g1.out
--- step: 06-reproduce-g2
    utc_start: 2026-08-20T14:13:44Z
    cwd: /Users/edwardalvarado/todo/AA/experiments/00006-unbalanced-zswap
    argv: step_reproduce_g2
    utc_end: 2026-08-20T15:35:54Z
    duration_s: 4930
    exit: 0
    output: 06-reproduce-g2.out
--- step: 07-reproduce-g3
    utc_start: 2026-08-20T15:35:54Z
    cwd: /Users/edwardalvarado/todo/AA/experiments/00006-unbalanced-zswap
    argv: step_reproduce_g3
    utc_end: 2026-08-20T16:15:20Z
    duration_s: 2366
    exit: 0
    output: 07-reproduce-g3.out
--- step: 08-copy-repro-evidence
    utc_start: 2026-08-20T16:15:20Z
    cwd: /Users/edwardalvarado/todo/AA/experiments/00006-unbalanced-zswap
    argv: step_copy_repro
    utc_end: 2026-08-20T16:15:20Z
    duration_s: 0
    exit: 0
    output: 08-copy-repro-evidence.out
--- step: 09-compare
    utc_start: 2026-08-20T16:15:20Z
    cwd: /Users/edwardalvarado/todo/AA/experiments/00006-unbalanced-zswap
    argv: step_compare
    utc_end: 2026-08-20T16:15:20Z
    duration_s: 0
    exit: 0
    output: 09-compare.out
--- step: 10-report
    utc_start: 2026-08-20T16:15:20Z
    cwd: /Users/edwardalvarado/todo/AA/experiments/00006-unbalanced-zswap
    argv: step_report
    utc_end: 2026-08-20T16:15:20Z
    duration_s: 0
    exit: 0
    output: 10-report.out
--- step: 11-docs
    utc_start: 2026-08-20T16:15:20Z
    cwd: /Users/edwardalvarado/todo/AA/experiments/00006-unbalanced-zswap
    argv: step_docs
    utc_end: 2026-08-20T16:15:21Z
    duration_s: 1
    exit: 0
    output: 11-docs.out
--- teardown
    utc: 2026-08-20T16:15:21Z
    argv: step_teardown
    exit: 0
finished_utc: 2026-08-20T16:15:23Z
final_exit: 0
