# G1 Phase 4 — funding + DUST + smoke tx — EXPERIMENTAL_LANE — 2026-08-20T03:05:59.564Z
[2026-08-20T03:05:59.652Z] syncing genesis + feePayer …
2026-08-19 23:05:59        RPC-CORE: subscribeRuntimeVersion(): RuntimeVersion:: disconnected from ws://127.0.0.1:17770/: 1000:: Normal Closure
2026-08-19 23:05:59        RPC-CORE: subscribeRuntimeVersion(): RuntimeVersion:: disconnected from ws://127.0.0.1:17770/: 1000:: Normal Closure
[2026-08-20T03:06:00.209Z] genesis(before): NIGHT=250000000000000 DUST=0 utxos=5 unregisteredNightUtxos=0
2026-08-19 23:06:00        RPC-CORE: subscribeRuntimeVersion(): RuntimeVersion:: disconnected from ws://127.0.0.1:17770/: 1000:: Normal Closure
2026-08-19 23:06:00        RPC-CORE: subscribeRuntimeVersion(): RuntimeVersion:: disconnected from ws://127.0.0.1:17770/: 1000:: Normal Closure
2026-08-19 23:06:00        RPC-CORE: subscribeRuntimeVersion(): RuntimeVersion:: disconnected from ws://127.0.0.1:17770/: 1000:: Normal Closure
2026-08-19 23:06:00        RPC-CORE: subscribeRuntimeVersion(): RuntimeVersion:: disconnected from ws://127.0.0.1:17770/: 1000:: Normal Closure
[2026-08-20T03:06:00.238Z] feePayer(before): NIGHT=0 DUST=0 utxos=0 unregisteredNightUtxos=0
[2026-08-20T03:06:00.244Z]   funding feePayer with 1000000000000 NIGHT from genesis
[2026-08-20T03:06:00.258Z]   fund feePayer: attempt 1 — DUST not yet generated, waiting 15s
[2026-08-20T03:06:31.305Z]   submitted tx 001b27c8025b3959f795e213208310f35e998c3708facff86f95a6819f5ff645de (hash 8ec334e2b3a9da273e8196f8d661f7e776bf2a6e802556a12640102e69874891)
[2026-08-20T03:06:31.305Z]   waiting for feePayer NIGHT to arrive …
[2026-08-20T03:06:31.440Z]   waiting for genesis to observe its own spend (NIGHT at or below 249000000000000) …
[2026-08-20T03:07:34.626Z]   feePayer: registering 1 NIGHT utxo(s) for DUST generation
[2026-08-20T03:07:48.965Z]   feePayer: DUST registration tx 001a36d553b9ea6008cc9e16ca2f4a3ae5f1440932ced54d0d94ba2218ae3e18c1
[2026-08-20T03:07:48.965Z]   waiting for feePayer NIGHT utxos to show registeredForDustGeneration=true …
[2026-08-20T03:08:08.663Z] feePayer(registered): NIGHT=1000000000000 DUST=0 utxos=1 unregisteredNightUtxos=0
[2026-08-20T03:08:08.666Z] smoke transfer: feePayer -> OwnerN 1000000 NIGHT (fees paid from generated DUST)
[2026-08-20T03:08:08.672Z] ownerN(before): NIGHT=0 DUST=0 utxos=0 unregisteredNightUtxos=0
[2026-08-20T03:08:25.128Z]   submitted tx 0006a11db18ab6ef6c766f711aff497536279c857f65d8dd05f148d0faff526aef (hash 4e1d6ba4f7fed21041bd6eb5d65c97d92e500d5728262208f646a3be1ad1026c)
[2026-08-20T03:08:25.128Z]   waiting for OwnerN NIGHT to arrive …
[2026-08-20T03:08:25.296Z] ownerN(after): NIGHT=1000000 DUST=0 utxos=1 unregisteredNightUtxos=1

## RESULT
fund_tx:             8ec334e2b3a9da273e8196f8d661f7e776bf2a6e802556a12640102e69874891
dust_registration_tx:001a36d553b9ea6008cc9e16ca2f4a3ae5f1440932ced54d0d94ba2218ae3e18c1
smoke_tx:            4e1d6ba4f7fed21041bd6eb5d65c97d92e500d5728262208f646a3be1ad1026c
feePayer_night:      1000000000000
feePayer_dust:       0
ownerN_night:        1000000

G1 Phase 4: fee wallet funded, DUST generated, smoke transaction confirmed
