# G1 run log
started_utc: 2026-08-18T01:12:22Z
argv: ./scripts/g1/verify-g1-lane.sh 
cwd: /Users/edwardalvarado/todo/AA/experiments/00003-contract-token-custody
host: Darwin arm64
docker: Docker version 29.1.3, build f52814d
compose: 2.40.3-desktop.1
label: EXPERIMENTAL_LANE
--- step: 01-probe-ports
    utc_start: 2026-08-18T01:12:22Z
    cwd: /Users/edwardalvarado/todo/AA/experiments/00003-contract-token-custody
    argv: step_probe_ports
    utc_end: 2026-08-18T01:12:23Z
    duration_s: 1
    exit: 0
    output: 01-probe-ports.out
--- step: 02-pull
    utc_start: 2026-08-18T01:12:23Z
    cwd: /Users/edwardalvarado/todo/AA/experiments/00003-contract-token-custody
    argv: step_pull
    utc_end: 2026-08-18T01:12:25Z
    duration_s: 2
    exit: 0
    output: 02-pull.out
--- step: 03-assert-digests
    utc_start: 2026-08-18T01:12:25Z
    cwd: /Users/edwardalvarado/todo/AA/experiments/00003-contract-token-custody
    argv: step_assert_digests
    utc_end: 2026-08-18T01:12:25Z
    duration_s: 0
    exit: 0
    output: 03-assert-digests.out
--- step: 04-boot
    utc_start: 2026-08-18T01:12:25Z
    cwd: /Users/edwardalvarado/todo/AA/experiments/00003-contract-token-custody
    argv: step_boot
    utc_end: 2026-08-18T01:12:31Z
    duration_s: 6
    exit: 0
    output: 04-boot.out
--- step: 05-health
    utc_start: 2026-08-18T01:12:31Z
    cwd: /Users/edwardalvarado/todo/AA/experiments/00003-contract-token-custody
    argv: step_health
    utc_end: 2026-08-18T01:12:33Z
    duration_s: 2
    exit: 0
    output: 05-health.out
--- step: 06-install
    utc_start: 2026-08-18T01:12:33Z
    cwd: /Users/edwardalvarado/todo/AA/experiments/00003-contract-token-custody
    argv: step_install
    utc_end: 2026-08-18T01:12:33Z
    duration_s: 0
    exit: 0
    output: 06-install.out
--- step: 07-wallets
    utc_start: 2026-08-18T01:12:33Z
    cwd: /Users/edwardalvarado/todo/AA/experiments/00003-contract-token-custody
    argv: step_wallets
    utc_end: 2026-08-18T01:12:38Z
    duration_s: 5
    exit: 0
    output: 07-wallets.out
--- step: 08-funding
    utc_start: 2026-08-18T01:12:38Z
    cwd: /Users/edwardalvarado/todo/AA/experiments/00003-contract-token-custody
    argv: step_funding
    utc_end: 2026-08-18T01:13:48Z
    duration_s: 70
    exit: 0
    output: 08-funding.out
--- teardown
    utc: 2026-08-18T01:13:48Z
    argv: docker compose --env-file /Users/edwardalvarado/todo/AA/experiments/00003-contract-token-custody/docker/.env -f /Users/edwardalvarado/todo/AA/experiments/00003-contract-token-custody/docker/compose.yml down -v --remove-orphans
    exit: 0
finished_utc: 2026-08-18T01:13:49Z
final_exit: 0
