[G4] EXPERIMENTAL_LANE / LANE-DEV-1 — reproducing the whole demonstration from a clean clone
[G4] ok: 01-w1-docker-config (1s)
[G4] ok: 02-clean-clone (0s)
[G4] ok: 03-spec-hash (0s)
[G4] ok: 04-freshness-selftest (0s)
[G4] ok: 05-reproduce-g1 (95s)
[G4] ok: 06-reproduce-g2 (603s)
[G4] ok: 07-reproduce-g3 (1709s)
[G4] STEP FAILED: 08-compare (exit 1)
== freshness — is the "reproduction" a different chain at all?
  Manager      original b1f34f0469b0c29e0a61e931be21a1d335d33953367bf3fc9c633b0d8372076d
               repro    527dd0088727c64f001e562a43f40d1c74250178e6f5cb337761f5ef2832060d
  Minter1        (TOKA) original 0bb842c5b867d73242056d975699037a145c2515cc56e4883441c531691995f2
                        repro    9c786d0ea1f421af73dac7af26bd6217cb989b9915d4ec7229d9b91abe3a8cb5
  Minter2        (TOKB) original 6b2a58fee518a9d8b37b3efe7f2f7b19d9189d8a2f48fb9f17356da2fdc665aa
                        repro    1abfc8049756f54d5d2a8400c21abe9175d0fa9780e05ced93a5a269c24764a9
  Minter3        (TOKC) original 398524288ec4b0e3907170d9f6bfb22445e98b467546485a29b44f8b811a98b5
                        repro    3a5a0a4cf9a32df074ac434ff497cd510309c6e452259b73f441dae37f412cd2
  Minter4        (TOKD) original 24319339d7d1886f9d780f873f1c22e1c9127de9115e6a24fa2f8c4b89df72b0
                        repro    35ae9a7a5ec8c26673ea4d9af4491b5a44e3a185330739f272a22ce742b44afc
  Minter5        (TOKE) original 4dd07d275346219ceda9e918ee70b7c226fe759e9d7450e95aba6fa6983e9fa4
                        repro    a5e58ac760f212f7fb6395aee4bc3624f7cf988102ab85f8d5c72cd4f4d10762
  MinterCollide  (TOKX) original 91d2f65440db34c57dd5f7b3538d759fa798519d94932fe3b9b699cb596c7b67
                        repro    c2c9c6faa80fdd4235fc71496c80f71edda3c8d1dbc2199162260ed72dca0cfc
  colours: 12/12 differ (colours are address-scoped and CANNOT repeat on a new chain)
  pooled coin nonces differ: True
  transaction ids: 45 original, 46 reproduced, 0 IN COMMON
  AA_A commitment: original 009a77de97356f5caec09a9f582208d448e7ea81404d0a8501f077a032e4ce4b
                   repro    009a77de97356f5caec09a9f582208d448e7ea81404d0a8501f077a032e4ce4b  (same fixture)
== deploy order — the Manager exists before anything that can mint
  Manager deploy block 37 (chain tip before ANY deploy: 34)
  Minter1        block    50 strictlyLater=True absentAtManagerBlock=True/True
  Minter2        block    59 strictlyLater=True absentAtManagerBlock=True/True
  Minter3        block    68 strictlyLater=True absentAtManagerBlock=True/True
  Minter4        block   162 strictlyLater=True absentAtManagerBlock=True/True
  Minter5        block   204 strictlyLater=True absentAtManagerBlock=True/True
  MinterCollide  block   213 strictlyLater=True absentAtManagerBlock=True/True
== checklist
  GREEN  step-0                 step 0            level SDK
  GREEN  step-1                 step 1            level SDK
  GREEN  step-2                 step 2            level SDK
  GREEN  step-3                 step 3            level SDK
  GREEN  step-4                 step 4            level SDK
  GREEN  step-5                 step 5            level SDK
  GREEN  step-6                 step 6            level SDK
  GREEN  step-7                 step 7            level SDK
  GREEN  step-8                 step 8            level SDK
  GREEN  step-9                 step 9            level SDK
  GREEN  step-10                step 10           level SDK
  GREEN  step-11                step 11           level SDK
  GREEN  step-12                step 12           level SDK
  GREEN  step-13                step 13           level SDK
  GREEN  step-14                step 14           level SDK
  GREEN  step-15                step 15           level SDK
  GREEN  step-16                step 16           level SDK
  GREEN  step-17                step 17           level SDK
  GREEN  invariant-per-colour   step 0-17 + probes level derived
  GREEN  map-sizes              step 0-17 + probes level derived
  GREEN  dormant-U3             step 0-17         level derived
  GREEN  NC-1                   step NC-1         level SDK
  GREEN  NC-2                   step NC-2         level SDK
  GREEN  NC-3                   step NC-3         level SDK
  GREEN  NC-4                   step NC-4         level SDK
  GREEN  NC-5                   step NC-5         level SDK
  GREEN  distinctness           step probe        level SDK
  GREEN  P-COLL                 step probe        level SDK
  GREEN  M3-lazy-init           step probe        level SDK
  RECORDED M3-composition         step probe        level SDK
  original 30 items, reproduced 30 items, 29 GREEN
[G4] teardown: step_teardown
[G4] RED (exit 1)
