[G3] ok: 01-w1-docker-config (1s)
[G3] ok: 02-probe-ports (0s)
[G3] ok: 03-lane-reuse (1s)
[G3] ok: 04-lane-dev-1 (1s)
[G3] ok: 05-compile-fast (2s)
[G3] ok: 06-install (1s)
[G3] ok: 07-unit-suites (2s)
[G3] ok: 08-compile-zk (60s)
[G3] ok: 09-pull (1s)
[G3] ok: 10-boot (6s)
[G3] ok: 11-health (3s)
[G3] STEP FAILED: 12-step-ledger (exit 1)
# G3 OPEN-COLOUR STEP LEDGER — steps 0-17 + NC-1..5 + P-COLL + M3 — EXPERIMENTAL_LANE / LANE-DEV-1 — 2026-08-19T09:09:44.947Z
[2026-08-19T09:09:45.018Z] wallets open; syncing genesis …
2026-08-19 05:09:45        RPC-CORE: subscribeRuntimeVersion(): RuntimeVersion:: disconnected from ws://127.0.0.1:11160/: 1000:: Normal Closure
2026-08-19 05:09:45        RPC-CORE: subscribeRuntimeVersion(): RuntimeVersion:: disconnected from ws://127.0.0.1:11160/: 1000:: Normal Closure
[2026-08-19T09:09:45.412Z] genesis: NIGHT=250000000000000 DUST=0 utxos=5 unregisteredNightUtxos=0
2026-08-19 05:09:45        RPC-CORE: subscribeRuntimeVersion(): RuntimeVersion:: disconnected from ws://127.0.0.1:11160/: 1000:: Normal Closure
2026-08-19 05:09:45        RPC-CORE: subscribeRuntimeVersion(): RuntimeVersion:: disconnected from ws://127.0.0.1:11160/: 1000:: Normal Closure
[2026-08-19T09:09:45.440Z]   funding feePayer with 3000000000000 NIGHT from genesis
[2026-08-19T09:09:45.458Z]   fund feePayer: attempt 1 — DUST not yet generated, waiting 15s
[2026-08-19T09:10:19.991Z]   submitted tx 00821f4342119a4952f6d26b8b94746ef793ae24519f30dc1efc32fcb8315ba400 (hash dbe1e55798ee90bdb1e9f60e958d660ed2adeed7f424a1c3f2ccb215545e1717)
[2026-08-19T09:10:19.993Z]   waiting for feePayer NIGHT to arrive …
[2026-08-19T09:10:20.119Z]   waiting for genesis to observe its own spend (NIGHT at or below 247000000000000) …
[2026-08-19T09:11:11.325Z]   feePayer: registering 1 NIGHT utxo(s) for DUST generation
[2026-08-19T09:11:30.976Z]   feePayer: DUST registration tx 001366689ab84a99ed23455c1a4ff5fe2b71faf56278502130c4e795387224604d
[2026-08-19T09:11:30.977Z]   waiting for feePayer NIGHT utxos to show registeredForDustGeneration=true …
2026-08-19 05:11:31        RPC-CORE: subscribeRuntimeVersion(): RuntimeVersion:: disconnected from ws://127.0.0.1:11160/: 1000:: Normal Closure
2026-08-19 05:11:31        RPC-CORE: subscribeRuntimeVersion(): RuntimeVersion:: disconnected from ws://127.0.0.1:11160/: 1000:: Normal Closure
[2026-08-19T09:11:37.140Z]   funding OwnerN-funding with 500000000000 NIGHT from feePayer
[2026-08-19T09:11:55.123Z]   submitted tx 00fc23512c19958f9639b916390f6f58be9c4bd3844deb59d32dda61a4b1a0f4b9 (hash 7daa71804db0764d62fba2e7b2b382bd1e55daf781f9d15c1c49dc49f0be0b7e)
[2026-08-19T09:11:55.124Z]   waiting for OwnerN-funding NIGHT to arrive …
[2026-08-19T09:11:55.287Z]   waiting for feePayer to observe its own spend (NIGHT at or below 2500000000000) …
[2026-08-19T09:12:00.767Z]   OwnerN-funding: registering 1 NIGHT utxo(s) for DUST generation
[2026-08-19T09:12:19.200Z]   OwnerN-funding: DUST registration tx 009461b34d0e6754350e444553ff8c750b1c64405914681847191e6ae93db93020
[2026-08-19T09:12:19.201Z]   waiting for OwnerN-funding NIGHT utxos to show registeredForDustGeneration=true …
2026-08-19 05:12:19        RPC-CORE: subscribeRuntimeVersion(): RuntimeVersion:: disconnected from ws://127.0.0.1:11160/: 1000:: Normal Closure
2026-08-19 05:12:19        RPC-CORE: subscribeRuntimeVersion(): RuntimeVersion:: disconnected from ws://127.0.0.1:11160/: 1000:: Normal Closure
[2026-08-19T09:12:19.611Z]   funding OwnerM-funding with 500000000000 NIGHT from feePayer
[2026-08-19T09:12:37.974Z]   submitted tx 00220793f3b273f5aae1c7fc611bfc28e41bc7003d0cbc245747f109a230842fc9 (hash ff462578485aaabb553f74e5f32bed803b3e99e0b54ecba6c5a66c60bba74883)
[2026-08-19T09:12:37.975Z]   waiting for OwnerM-funding NIGHT to arrive …
[2026-08-19T09:12:38.143Z]   waiting for feePayer to observe its own spend (NIGHT at or below 2000000000000) …
[2026-08-19T09:27:51.315Z]   OwnerM-funding: registering 1 NIGHT utxo(s) for DUST generation
2026-08-19 05:27:52        RPC-CORE: submitAndWatchExtrinsic(extrinsic: Extrinsic): ExtrinsicStatus:: 1010: Invalid Transaction: Custom error: 171
2026-08-19 05:27:52        RPC-CORE: submitAndWatchExtrinsic(extrinsic: Extrinsic): ExtrinsicStatus:: 1010: Invalid Transaction: Custom error: 171

FAILED: Transaction submission error
SubmissionError: Transaction submission error
    at file:///private/var/folders/_l/btc7vkzx59j_4tmlx2h02c600000gn/T/aa00005-g4-vkK73d/clone/harness/node_modules/.pnpm/@midnightntwrk+wallet-sdk-capabilities@4.0.0-beta.2_ws@8.21.3/node_modules/@midnightntwrk/wallet-sdk-capabilities/dist/submission/submissionService.js:31:279
    at /private/var/folders/_l/btc7vkzx59j_4tmlx2h02c600000gn/T/aa00005-g4-vkK73d/clone/harness/node_modules/.pnpm/effect@3.22.1/node_modules/effect/src/internal/core.ts:1078:35
    at <anonymous> (/private/var/folders/_l/btc7vkzx59j_4tmlx2h02c600000gn/T/aa00005-g4-vkK73d/clone/harness/node_modules/.pnpm/effect@3.22.1/node_modules/effect/src/internal/fiberRuntime.ts:1161:41)
    at body (/private/var/folders/_l/btc7vkzx59j_4tmlx2h02c600000gn/T/aa00005-g4-vkK73d/clone/harness/node_modules/.pnpm/effect@3.22.1/node_modules/effect/src/Utils.ts:786:14)
    at FiberRuntime.Sync (/private/var/folders/_l/btc7vkzx59j_4tmlx2h02c600000gn/T/aa00005-g4-vkK73d/clone/harness/node_modules/.pnpm/effect@3.22.1/node_modules/effect/src/internal/fiberRuntime.ts:1161:19)
    at <anonymous> (/private/var/folders/_l/btc7vkzx59j_4tmlx2h02c600000gn/T/aa00005-g4-vkK73d/clone/harness/node_modules/.pnpm/effect@3.22.1/node_modules/effect/src/internal/fiberRuntime.ts:1398:53)
    at Object.f (/private/var/folders/_l/btc7vkzx59j_4tmlx2h02c600000gn/T/aa00005-g4-vkK73d/clone/harness/node_modules/.pnpm/effect@3.22.1/node_modules/effect/src/internal/tracer.ts:101:19)
    at FiberRuntime.runLoop (/private/var/folders/_l/btc7vkzx59j_4tmlx2h02c600000gn/T/aa00005-g4-vkK73d/clone/harness/node_modules/.pnpm/effect@3.22.1/node_modules/effect/src/internal/fiberRuntime.ts:1384:34)
    at FiberRuntime.evaluateEffect (/private/var/folders/_l/btc7vkzx59j_4tmlx2h02c600000gn/T/aa00005-g4-vkK73d/clone/harness/node_modules/.pnpm/effect@3.22.1/node_modules/effect/src/internal/fiberRuntime.ts:950:27)
    at FiberRuntime.evaluateMessageWhileSuspended (/private/var/folders/_l/btc7vkzx59j_4tmlx2h02c600000gn/T/aa00005-g4-vkK73d/clone/harness/node_modules/.pnpm/effect@3.22.1/node_modules/effect/src/internal/fiberRuntime.ts:918:14)
[G3] teardown: docker compose --env-file /var/folders/_l/btc7vkzx59j_4tmlx2h02c600000gn/T/aa00005-g4-vkK73d/clone/docker/.env -f /var/folders/_l/btc7vkzx59j_4tmlx2h02c600000gn/T/aa00005-g4-vkK73d/clone/docker/compose.yml down -v --remove-orphans && stack_assert_clean aa00005-g3-20260819090824-58887 && w1_cleanup
[G3] RED (exit 1)
