# G1 Phase 4 — funding + DUST + smoke tx — EXPERIMENTAL_LANE — 2026-08-20T13:29:46.740Z
[2026-08-20T13:29:46.832Z] syncing genesis + feePayer …
2026-08-20 09:29:47        RPC-CORE: subscribeRuntimeVersion(): RuntimeVersion:: disconnected from ws://127.0.0.1:40327/: 1000:: Normal Closure
2026-08-20 09:29:47        RPC-CORE: subscribeRuntimeVersion(): RuntimeVersion:: disconnected from ws://127.0.0.1:40327/: 1000:: Normal Closure
2026-08-20 09:29:47        RPC-CORE: subscribeRuntimeVersion(): RuntimeVersion:: disconnected from ws://127.0.0.1:40327/: 1000:: Normal Closure
2026-08-20 09:29:47        RPC-CORE: subscribeRuntimeVersion(): RuntimeVersion:: disconnected from ws://127.0.0.1:40327/: 1000:: Normal Closure
2026-08-20 09:29:47        RPC-CORE: subscribeRuntimeVersion(): RuntimeVersion:: disconnected from ws://127.0.0.1:40327/: 1000:: Normal Closure
2026-08-20 09:29:47        RPC-CORE: subscribeRuntimeVersion(): RuntimeVersion:: disconnected from ws://127.0.0.1:40327/: 1000:: Normal Closure
[2026-08-20T13:29:47.402Z] genesis(before): NIGHT=250000000000000 DUST=0 utxos=5 unregisteredNightUtxos=0
[2026-08-20T13:29:47.405Z] feePayer(before): NIGHT=0 DUST=0 utxos=0 unregisteredNightUtxos=0
[2026-08-20T13:29:47.411Z]   funding feePayer with 1000000000000 NIGHT from genesis
[2026-08-20T13:29:47.447Z]   fund feePayer: attempt 1 — DUST not yet generated, waiting 15s
[2026-08-20T13:30:18.874Z]   submitted tx 00226f8b6bd781ac2e387fc663b7bb73df04f9618af3dd54a6af9e25a19d7ee49a (hash d30baf4e7f856324d9027b263258e912192ad922a1e60284a0554df7a9e26207)
[2026-08-20T13:30:18.874Z]   waiting for feePayer NIGHT to arrive …
[2026-08-20T13:30:19.088Z]   waiting for genesis to observe its own spend (NIGHT at or below 249000000000000) …
[2026-08-20T13:31:12.597Z]   feePayer: registering 1 NIGHT utxo(s) for DUST generation
[2026-08-20T13:31:31.188Z]   feePayer: DUST registration tx 00eb605c4e6d41efbdccb860839caca1a1975f26125879b21d6d6d347147b4ca54
[2026-08-20T13:31:31.188Z]   waiting for feePayer NIGHT utxos to show registeredForDustGeneration=true …
[2026-08-20T13:31:44.604Z] feePayer(registered): NIGHT=1000000000000 DUST=0 utxos=1 unregisteredNightUtxos=0
[2026-08-20T13:31:44.606Z] smoke transfer: feePayer -> OwnerN 1000000 NIGHT (fees paid from generated DUST)
[2026-08-20T13:31:44.612Z] ownerN(before): NIGHT=0 DUST=0 utxos=0 unregisteredNightUtxos=0
[2026-08-20T13:32:01.977Z]   submitted tx 00118d079bdd3407522e8b8a9e34540c6f5f59dabef3611a6c8a4bcf0980213532 (hash ff5feca34c71af225134b4d79ede488233b97041db0d5bdf85c1278fec06b084)
[2026-08-20T13:32:01.977Z]   waiting for OwnerN NIGHT to arrive …
[2026-08-20T13:32:02.173Z] ownerN(after): NIGHT=1000000 DUST=0 utxos=1 unregisteredNightUtxos=1

## RESULT
fund_tx:             d30baf4e7f856324d9027b263258e912192ad922a1e60284a0554df7a9e26207
dust_registration_tx:00eb605c4e6d41efbdccb860839caca1a1975f26125879b21d6d6d347147b4ca54
smoke_tx:            ff5feca34c71af225134b4d79ede488233b97041db0d5bdf85c1278fec06b084
feePayer_night:      1000000000000
feePayer_dust:       0
ownerN_night:        1000000

G1 Phase 4: fee wallet funded, DUST generated, smoke transaction confirmed
