# G1 run log
started_utc: 2026-08-20T13:27:54Z
argv: ./scripts/g1/verify-g1-spikes.sh full
cwd: /var/folders/_l/btc7vkzx59j_4tmlx2h02c600000gn/T/aa00006-g4-88MwCz/clone
host: Darwin arm64
docker: Docker version 29.1.3, build f52814d
compose: 2.40.3-desktop.1
label: EXPERIMENTAL_LANE
--- step: 01-w1-docker-config
    utc_start: 2026-08-20T13:27:54Z
    cwd: /var/folders/_l/btc7vkzx59j_4tmlx2h02c600000gn/T/aa00006-g4-88MwCz/clone
    argv: step_w1
    utc_end: 2026-08-20T13:27:54Z
    duration_s: 0
    exit: 0
    output: 01-w1-docker-config.out
--- step: 02-probe-ports
    utc_start: 2026-08-20T13:27:54Z
    cwd: /var/folders/_l/btc7vkzx59j_4tmlx2h02c600000gn/T/aa00006-g4-88MwCz/clone
    argv: step_probe_ports
    utc_end: 2026-08-20T13:27:54Z
    duration_s: 0
    exit: 0
    output: 02-probe-ports.out
--- step: 03-lane-reuse
    utc_start: 2026-08-20T13:27:54Z
    cwd: /var/folders/_l/btc7vkzx59j_4tmlx2h02c600000gn/T/aa00006-g4-88MwCz/clone
    argv: step_lane_reuse
    utc_end: 2026-08-20T13:27:55Z
    duration_s: 1
    exit: 0
    output: 03-lane-reuse.out
--- step: 04-lane-dev-1
    utc_start: 2026-08-20T13:27:55Z
    cwd: /var/folders/_l/btc7vkzx59j_4tmlx2h02c600000gn/T/aa00006-g4-88MwCz/clone
    argv: step_lane_dev_1
    utc_end: 2026-08-20T13:27:56Z
    duration_s: 1
    exit: 0
    output: 04-lane-dev-1.out
--- step: 05-compile-fast
    utc_start: 2026-08-20T13:27:56Z
    cwd: /var/folders/_l/btc7vkzx59j_4tmlx2h02c600000gn/T/aa00006-g4-88MwCz/clone
    argv: step_compile_fast
    utc_end: 2026-08-20T13:27:58Z
    duration_s: 2
    exit: 0
    output: 05-compile-fast.out
--- step: 06-install
    utc_start: 2026-08-20T13:27:58Z
    cwd: /var/folders/_l/btc7vkzx59j_4tmlx2h02c600000gn/T/aa00006-g4-88MwCz/clone
    argv: step_install
    utc_end: 2026-08-20T13:28:00Z
    duration_s: 2
    exit: 0
    output: 06-install.out
--- step: 07-compile-zk
    utc_start: 2026-08-20T13:28:00Z
    cwd: /var/folders/_l/btc7vkzx59j_4tmlx2h02c600000gn/T/aa00006-g4-88MwCz/clone
    argv: step_compile_zk
    utc_end: 2026-08-20T13:29:24Z
    duration_s: 84
    exit: 0
    output: 07-compile-zk.out
--- step: 08-typecheck
    utc_start: 2026-08-20T13:29:24Z
    cwd: /var/folders/_l/btc7vkzx59j_4tmlx2h02c600000gn/T/aa00006-g4-88MwCz/clone
    argv: step_typecheck
    utc_end: 2026-08-20T13:29:26Z
    duration_s: 2
    exit: 0
    output: 08-typecheck.out
--- step: 09-pull
    utc_start: 2026-08-20T13:29:26Z
    cwd: /var/folders/_l/btc7vkzx59j_4tmlx2h02c600000gn/T/aa00006-g4-88MwCz/clone
    argv: step_pull
    utc_end: 2026-08-20T13:29:28Z
    duration_s: 2
    exit: 0
    output: 09-pull.out
--- step: 10-boot
    utc_start: 2026-08-20T13:29:28Z
    cwd: /var/folders/_l/btc7vkzx59j_4tmlx2h02c600000gn/T/aa00006-g4-88MwCz/clone
    argv: step_boot
    utc_end: 2026-08-20T13:29:36Z
    duration_s: 8
    exit: 0
    output: 10-boot.out
--- step: 11-health
    utc_start: 2026-08-20T13:29:36Z
    cwd: /var/folders/_l/btc7vkzx59j_4tmlx2h02c600000gn/T/aa00006-g4-88MwCz/clone
    argv: step_health
    utc_end: 2026-08-20T13:29:38Z
    duration_s: 2
    exit: 0
    output: 11-health.out
--- step: 12-wallets
    utc_start: 2026-08-20T13:29:39Z
    cwd: /var/folders/_l/btc7vkzx59j_4tmlx2h02c600000gn/T/aa00006-g4-88MwCz/clone
    argv: step_wallets
    utc_end: 2026-08-20T13:29:44Z
    duration_s: 6
    exit: 0
    output: 12-wallets.out
--- step: 13-funding
    utc_start: 2026-08-20T13:29:44Z
    cwd: /var/folders/_l/btc7vkzx59j_4tmlx2h02c600000gn/T/aa00006-g4-88MwCz/clone
    argv: step_funding
    utc_end: 2026-08-20T13:32:02Z
    duration_s: 138
    exit: 0
    output: 13-funding.out
--- step: 14-record-lane
    utc_start: 2026-08-20T13:32:02Z
    cwd: /var/folders/_l/btc7vkzx59j_4tmlx2h02c600000gn/T/aa00006-g4-88MwCz/clone
    argv: step_record_lane
    utc_end: 2026-08-20T13:32:02Z
    duration_s: 0
    exit: 0
    output: 14-record-lane.out
--- step: 15-spike-s1
    utc_start: 2026-08-20T13:32:02Z
    cwd: /var/folders/_l/btc7vkzx59j_4tmlx2h02c600000gn/T/aa00006-g4-88MwCz/clone
    argv: step_spike_s1
    utc_end: 2026-08-20T13:38:03Z
    duration_s: 361
    exit: 0
    output: 15-spike-s1.out
--- step: 16-spike-s2
    utc_start: 2026-08-20T13:38:03Z
    cwd: /var/folders/_l/btc7vkzx59j_4tmlx2h02c600000gn/T/aa00006-g4-88MwCz/clone
    argv: step_spike_s2
    utc_end: 2026-08-20T14:09:56Z
    duration_s: 1913
    exit: 0
    output: 16-spike-s2.out
--- step: 17-spike-s3
    utc_start: 2026-08-20T14:09:56Z
    cwd: /var/folders/_l/btc7vkzx59j_4tmlx2h02c600000gn/T/aa00006-g4-88MwCz/clone
    argv: step_spike_s3
    utc_end: 2026-08-20T14:13:43Z
    duration_s: 227
    exit: 0
    output: 17-spike-s3.out
--- step: 18-record-spikes
    utc_start: 2026-08-20T14:13:43Z
    cwd: /var/folders/_l/btc7vkzx59j_4tmlx2h02c600000gn/T/aa00006-g4-88MwCz/clone
    argv: step_record_spikes
    utc_end: 2026-08-20T14:13:43Z
    duration_s: 0
    exit: 0
    output: 18-record-spikes.out
--- teardown
    utc: 2026-08-20T14:13:43Z
    argv: docker compose --env-file /var/folders/_l/btc7vkzx59j_4tmlx2h02c600000gn/T/aa00006-g4-88MwCz/clone/docker/.env -f /var/folders/_l/btc7vkzx59j_4tmlx2h02c600000gn/T/aa00006-g4-88MwCz/clone/docker/compose.yml down -v --remove-orphans && stack_assert_clean aa00006-g1-20260820132754-56991 && w1_cleanup
    exit: 0
finished_utc: 2026-08-20T14:13:44Z
final_exit: 0
