# G3 ATOMICITY PROBES — EXPERIMENTAL_LANE / LANE-DEV-1 — 2026-08-18T13:05:52.590Z
[2026-08-18T13:05:52.708Z] wallets open; syncing genesis …
2026-08-18 09:05:53        RPC-CORE: subscribeRuntimeVersion(): RuntimeVersion:: disconnected from ws://127.0.0.1:36444/: 1000:: Normal Closure
2026-08-18 09:05:53        RPC-CORE: subscribeRuntimeVersion(): RuntimeVersion:: disconnected from ws://127.0.0.1:36444/: 1000:: Normal Closure
2026-08-18 09:05:53        RPC-CORE: subscribeRuntimeVersion(): RuntimeVersion:: disconnected from ws://127.0.0.1:36444/: 1000:: Normal Closure
2026-08-18 09:05:53        RPC-CORE: subscribeRuntimeVersion(): RuntimeVersion:: disconnected from ws://127.0.0.1:36444/: 1000:: Normal Closure
2026-08-18 09:05:53        RPC-CORE: subscribeRuntimeVersion(): RuntimeVersion:: disconnected from ws://127.0.0.1:36444/: 1000:: Normal Closure
2026-08-18 09:05:53        RPC-CORE: subscribeRuntimeVersion(): RuntimeVersion:: disconnected from ws://127.0.0.1:36444/: 1000:: Normal Closure
2026-08-18 09:05:53        RPC-CORE: subscribeRuntimeVersion(): RuntimeVersion:: disconnected from ws://127.0.0.1:36444/: 1000:: Normal Closure
2026-08-18 09:05:53        RPC-CORE: subscribeRuntimeVersion(): RuntimeVersion:: disconnected from ws://127.0.0.1:36444/: 1000:: Normal Closure
[2026-08-18T13:05:54.148Z] genesis: NIGHT=248000000000000 DUST=0 utxos=5 unregisteredNightUtxos=0
[2026-08-18T13:05:54.162Z]   funding feePayer with 1000000000000 NIGHT from genesis
[2026-08-18T13:06:13.154Z]   submitted tx 00072a0a6110398d8dd27cc9bbd1df83f5503e0f976757f2918944c7caaf42e0e7 (hash 3bf52775b8c00c9c489a10b26b285f12a40bc531192d2beb7f54376d859cd0b2)
[2026-08-18T13:06:13.154Z]   waiting for feePayer NIGHT to arrive …
[2026-08-18T13:06:13.316Z]   waiting for genesis to see its change (NIGHT back to 247000000000000) …
[2026-08-18T13:06:25.851Z]   feePayer: NIGHT already registered for DUST
[2026-08-18T13:06:25.858Z]   funding ownerN with 200000000000 NIGHT from feePayer
[2026-08-18T13:06:43.848Z]   submitted tx 002540ef1f59e3a83d2c8f0ee3464757ab09818ad4eb27abf622bf5637ee3ed000 (hash 964dda1a95038df6dc00f54e64939ae5dd51dd4d926df8f2fc22d5382279a854)
[2026-08-18T13:06:43.848Z]   waiting for ownerN NIGHT to arrive …
[2026-08-18T13:06:43.996Z]   waiting for feePayer to see its change (NIGHT back to 2000000000000) …
[2026-08-18T13:06:56.560Z]   funding ownerM with 200000000000 NIGHT from feePayer
[2026-08-18T13:07:13.208Z]   submitted tx 0010d46c08be03d3e0c4697609a1b60ac37d1a124efd4c77be0217e6ba28e52524 (hash 94d7d189c4e37996bf82d014274cc6cd637af0294bbecded896fe6b59739a1c6)
[2026-08-18T13:07:13.208Z]   waiting for ownerM NIGHT to arrive …
[2026-08-18T13:07:13.355Z]   waiting for feePayer to see its change (NIGHT back to 1800000000000) …
[2026-08-18T13:07:13.360Z]   ownerN: NIGHT already registered for DUST
[2026-08-18T13:09:10.489Z]   ownerM: NIGHT already registered for DUST
[2026-08-18T13:09:10.492Z] feePayer: NIGHT=1800000000000 DUST=0 utxos=2 unregisteredNightUtxos=0
[2026-08-18T13:09:10.496Z] ownerN: NIGHT=600000000000 DUST=0 utxos=4 unregisteredNightUtxos=0
[2026-08-18T13:09:10.498Z] ownerM: NIGHT=600000000000 DUST=0 utxos=5 unregisteredNightUtxos=0
[2026-08-18T13:09:10.501Z] deploying Minter …
[2026-08-18T13:09:26.378Z] Minter  d665c714261b635bd421114645ae66563e10b1c567bf23bfe6cfce3baa9fb3c5
[2026-08-18T13:09:26.378Z] deploying Manager …
[2026-08-18T13:09:45.101Z] Manager a9e67fc8e197e3069e660a9359f4a4a9d641b71a0db252dcac79f64693aeaeab
[2026-08-18T13:10:21.015Z] colours: shielded 0266975af62eee591b83892f25eec05a860e98f01d168cfc772a3362ce9ac2b6 / unshielded 452ad8ffb16c26fe4fb230d290584241ae1b1d9004856c095e368288b8517640
[2026-08-18T13:11:14.436Z] AA_A dcf015b07f71ae71c6ccdae873ca9a2f67cd9bb8745ea70fb58348b6d802f331 / AA_B bcc499e63190cb1aade1ffb6cfec52ba5b0502881343a3775ce8ad50cc02317c registered

## shielded atomicity probe
[2026-08-18T13:11:14.539Z] fixture: minting shielded 10 -> AA_A
[2026-08-18T13:11:39.470Z]   preparing the full-balance withdrawal (valid right now, and NOT submitted) …
[2026-08-18T13:11:44.164Z]   displacing: internal transfer empties AA_A into AA_B (submitted by OwnerN) …
[2026-08-18T13:12:03.435Z]   submitting the stale withdrawal — its recorded balance read no longer matches the chain …
2026-08-18 09:12:04        RPC-CORE: submitAndWatchExtrinsic(extrinsic: Extrinsic): ExtrinsicStatus:: 1010: Invalid Transaction: Custom error: 104
2026-08-18 09:12:04        RPC-CORE: submitAndWatchExtrinsic(extrinsic: Extrinsic): ExtrinsicStatus:: 1010: Invalid Transaction: Custom error: 104
[2026-08-18T13:12:04.476Z]   rejected at submission: Transaction submission error
  GREEN shielded: neither the token effect nor the account-state change survived

## unshielded atomicity probe
[2026-08-18T13:12:24.500Z] fixture: minting unshielded 10 -> AA_A
[2026-08-18T13:12:44.837Z]   preparing the full-balance withdrawal (valid right now, and NOT submitted) …
[2026-08-18T13:12:45.943Z]   displacing: internal transfer empties AA_A into AA_B (submitted by OwnerN) …
[2026-08-18T13:13:03.472Z]   submitting the stale withdrawal — its recorded balance read no longer matches the chain …
2026-08-18 09:13:04        RPC-CORE: submitAndWatchExtrinsic(extrinsic: Extrinsic): ExtrinsicStatus:: 1010: Invalid Transaction: Custom error: 104
2026-08-18 09:13:04        RPC-CORE: submitAndWatchExtrinsic(extrinsic: Extrinsic): ExtrinsicStatus:: 1010: Invalid Transaction: Custom error: 104
[2026-08-18T13:13:04.509Z]   rejected at submission: Transaction submission error
  GREEN unshielded: neither the token effect nor the account-state change survived

## RESULT
  GREEN shielded: state and funds unchanged = true
  GREEN unshielded: state and funds unchanged = true

both atomicity probes passed: no token effect and no account-state change survived
