compiling minter (--zk) -> harness/generated-zk/minter
Compiling 4 circuits:
compiling manager (--zk) -> harness/generated-zk/manager
Compiling 13 circuits:
compiling minter-collide (--zk) -> harness/generated-zk/minter-collide
Compiling 5 circuits:

-- verifier keys by contract (SHA-256; resolution is by key hash, not by circuit name)
   minter         mintShieldedTo             ae0e9f3692e354dbb3c20abaef3195cbe14341510c0f2dbaa76b28809687d3a9
   minter         mintUnshieldedTo           0e6c13e4aa8b4a694b516046d43cd141d1390451ce9eb82a8aac0595def1fcda
   minter         shieldedColor              f32145c458988ca85cde3d4110d0abdbcc6dd5494d6484d137c7b82a8a9ba904
   minter         unshieldedColor            21b3ae9afb63441da7d0fc7f0eeb2f9c04675de6e298435507081f05ba7e5e35
   manager        depositShielded            c3a9258024975f6407168392ff02845a39ef7b2d03c5ded08369d82d8c016c69
   manager        depositUnshielded          570e519f854e0af23141c98d6554951df9abb0513f5c3a31eeccdda70dd57186
   manager        isRegistered               904044b557bd5b9449849d2dd2914ac2ce50af731e9a3cf5a8ea6d508545475a
   manager        openSwapShielded           3744736848254ec8dee495f08a797745bb3edc515d735b4b37f64e96849e5b90
   manager        poolHasColour              e6d6bb091a9201fed305b69898df896fac8c80b1ee6cb558c2670d33d9ef9e84
   manager        poolValue                  81918c5f462ce83eae5c9eec1f5c8c227c5ad3ef5d07a72377811928e49a0945
   manager        registerAccount            8fed408221b2f0d0ceb37851604719cc31e558029f030649a014419e3caed99a
   manager        shieldedAccountBalance     706dae7c7ad841a8cbfbfbe7a626f946a6047b35714bb67df3029557f61ec93a
   manager        transferInternalShielded   96d77deab37efc7b08fe6fb2d1cbd3085178fdf67103dc460259795806a9f256
   manager        transferInternalUnshielded f7ef43da737a47f3b45834d1216b17a4fd29a74c46ef5654f1352cec2f039e2b
   manager        unshieldedAccountBalance   cdc138d828ed1043f988582309057908586e93c668ab10d0b6282b4ef6d4f013
   manager        withdrawShielded           6fddafdbcad0f977610f98383f1bbeb744f591479ce46c351a68c7484d20fde0
   manager        withdrawUnshielded         22ddf9bde22d9aed61ec68b3625a9d86cc43cb1a18c3d564bb8bb4d9bf043da2
   minter-collide collidingColor             f32145c458988ca85cde3d4110d0abdbcc6dd5494d6484d137c7b82a8a9ba904
   minter-collide mintShieldedTo             ae0e9f3692e354dbb3c20abaef3195cbe14341510c0f2dbaa76b28809687d3a9
   minter-collide mintUnshieldedTo           2ee87bf116bfefc6a0b82dc28d37d5a075dbb60df9862155ed58b00b1e7fe9a0
   minter-collide shieldedColor              f32145c458988ca85cde3d4110d0abdbcc6dd5494d6484d137c7b82a8a9ba904
   minter-collide unshieldedColor            f32145c458988ca85cde3d4110d0abdbcc6dd5494d6484d137c7b82a8a9ba904

-- circuit names exported by MORE THAN ONE contract (expected: the MinterCollide mirror)
   mintShieldedTo: minter minter-collide
   mintUnshieldedTo: minter minter-collide
   shieldedColor: minter minter-collide
   unshieldedColor: minter minter-collide

-- F-201: verifier keys SHARED between contracts (must share their prover key too)
   ae0e9f3692e354db…  minter.mintShieldedTo, minter-collide.mintShieldedTo
      prover key IDENTICAL too (ab651eeab1c012ac…) — same circuit, so resolution by key hash is unambiguous in effect
   f32145c458988ca8…  minter.shieldedColor, minter-collide.collidingColor, minter-collide.shieldedColor, minter-collide.unshieldedColor
      prover key IDENTICAL too (cbe8ee20856aa13d…) — same circuit, so resolution by key hash is unambiguous in effect
compiled: 22 zkir, 22 verifier keys
