# probe p2 — `constructor(Bytes<32>)` writing derived separators to ledger cells
# source:   contracts/probes/p2-constructor-tag.compact
# mode:     --zk
# image:    aa00004-compactc:0.33.0
# utc:      2026-08-18T20:17:57Z
# argv:     compactc --zk contracts/probes/p2-constructor-tag.compact harness/generated-probes/p2
# ---------------- verbatim compiler output below ----------------
Compiling 3 circuits:
# ---------------- end verbatim output ----------------
# exit: 0
# artifacts produced:
#   harness/generated-probes/p2/compiler/contract-info.json
#   harness/generated-probes/p2/compiler/contract-manifest.json
#   harness/generated-probes/p2/contract/index.d.ts
#   harness/generated-probes/p2/contract/index.js
#   harness/generated-probes/p2/contract/index.js.map
#   harness/generated-probes/p2/keys/mintShieldedTo.prover
#   harness/generated-probes/p2/keys/mintShieldedTo.verifier
#   harness/generated-probes/p2/keys/shieldedColour.prover
#   harness/generated-probes/p2/keys/shieldedColour.verifier
#   harness/generated-probes/p2/keys/unshieldedColour.prover
#   harness/generated-probes/p2/keys/unshieldedColour.verifier
#   harness/generated-probes/p2/zkir/mintShieldedTo.bzkir
#   harness/generated-probes/p2/zkir/mintShieldedTo.zkir
#   harness/generated-probes/p2/zkir/shieldedColour.bzkir
#   harness/generated-probes/p2/zkir/shieldedColour.zkir
#   harness/generated-probes/p2/zkir/unshieldedColour.bzkir
#   harness/generated-probes/p2/zkir/unshieldedColour.zkir
