# G1 Phase 4 — funding + DUST + smoke tx — EXPERIMENTAL_LANE — 2026-08-19T03:33:48.306Z
[2026-08-19T03:33:48.410Z] syncing genesis + feePayer …
2026-08-18 23:33:49        RPC-CORE: subscribeRuntimeVersion(): RuntimeVersion:: disconnected from ws://127.0.0.1:21748/: 1000:: Normal Closure
2026-08-18 23:33:49        RPC-CORE: subscribeRuntimeVersion(): RuntimeVersion:: disconnected from ws://127.0.0.1:21748/: 1000:: Normal Closure
2026-08-18 23:33:49        RPC-CORE: subscribeRuntimeVersion(): RuntimeVersion:: disconnected from ws://127.0.0.1:21748/: 1000:: Normal Closure
2026-08-18 23:33:49        RPC-CORE: subscribeRuntimeVersion(): RuntimeVersion:: disconnected from ws://127.0.0.1:21748/: 1000:: Normal Closure
2026-08-18 23:33:49        RPC-CORE: subscribeRuntimeVersion(): RuntimeVersion:: disconnected from ws://127.0.0.1:21748/: 1000:: Normal Closure
2026-08-18 23:33:49        RPC-CORE: subscribeRuntimeVersion(): RuntimeVersion:: disconnected from ws://127.0.0.1:21748/: 1000:: Normal Closure
[2026-08-19T03:33:49.043Z] genesis(before): NIGHT=250000000000000 DUST=0 utxos=5 unregisteredNightUtxos=0
[2026-08-19T03:33:49.046Z] feePayer(before): NIGHT=0 DUST=0 utxos=0 unregisteredNightUtxos=0
[2026-08-19T03:33:49.054Z]   funding feePayer with 1000000000000 NIGHT from genesis
[2026-08-19T03:33:49.074Z]   fund feePayer: attempt 1 — DUST not yet generated, waiting 15s
[2026-08-19T03:34:19.814Z]   submitted tx 006a76a8006c6999d1eb60fb507409d7abde18aea7983904cf5a084b4f849cc54f (hash 09fa3d48774caf1d59c3f6e1fbb1bf585a792ff8dcac0f4cec8685303f913fca)
[2026-08-19T03:34:19.815Z]   waiting for feePayer NIGHT to arrive …
[2026-08-19T03:34:19.950Z]   waiting for genesis to observe its own spend (NIGHT at or below 249000000000000) …
[2026-08-19T03:35:17.698Z]   feePayer: registering 1 NIGHT utxo(s) for DUST generation
[2026-08-19T03:35:37.329Z]   feePayer: DUST registration tx 009e4f1cce68b86458380c1232da7dbe3c11567ea5bd2bb9627824262182d3e54d
[2026-08-19T03:35:37.329Z]   waiting for feePayer NIGHT utxos to show registeredForDustGeneration=true …
[2026-08-19T03:35:42.269Z] feePayer(registered): NIGHT=1000000000000 DUST=0 utxos=1 unregisteredNightUtxos=0
[2026-08-19T03:35:42.271Z] smoke transfer: feePayer -> OwnerN 1000000 NIGHT (fees paid from generated DUST)
[2026-08-19T03:35:42.274Z] ownerN(before): NIGHT=0 DUST=0 utxos=0 unregisteredNightUtxos=0
[2026-08-19T03:36:01.389Z]   submitted tx 004f457edc922be67042892a525795744af79f827d72f07be828e3c999f0f2ed04 (hash 5eeaa0e76399c6f66b35f2eae318360dc6196bd0766f14e03bafd57eb4b83805)
[2026-08-19T03:36:01.389Z]   waiting for OwnerN NIGHT to arrive …
[2026-08-19T03:36:01.574Z] ownerN(after): NIGHT=1000000 DUST=0 utxos=1 unregisteredNightUtxos=1

## RESULT
fund_tx:             09fa3d48774caf1d59c3f6e1fbb1bf585a792ff8dcac0f4cec8685303f913fca
dust_registration_tx:009e4f1cce68b86458380c1232da7dbe3c11567ea5bd2bb9627824262182d3e54d
smoke_tx:            5eeaa0e76399c6f66b35f2eae318360dc6196bd0766f14e03bafd57eb4b83805
feePayer_night:      1000000000000
feePayer_dust:       0
ownerN_night:        1000000

G1 Phase 4: fee wallet funded, DUST generated, smoke transaction confirmed
