 Container aa00005-g1-20260819030247-64579-indexer-1  Stopping
 Container aa00005-g1-20260819030247-64579-proof-server-1  Stopping
 Container aa00005-g1-20260819030247-64579-indexer-1  Stopped
 Container aa00005-g1-20260819030247-64579-indexer-1  Removing
 Container aa00005-g1-20260819030247-64579-indexer-1  Removed
 Container aa00005-g1-20260819030247-64579-node-1  Stopping
 Container aa00005-g1-20260819030247-64579-node-1  Stopped
 Container aa00005-g1-20260819030247-64579-node-1  Removing
 Container aa00005-g1-20260819030247-64579-node-1  Removed
 Container aa00005-g1-20260819030247-64579-proof-server-1  Stopped
 Container aa00005-g1-20260819030247-64579-proof-server-1  Removing
 Container aa00005-g1-20260819030247-64579-proof-server-1  Removed
 Volume aa00005-g1-20260819030247-64579_node-data  Removing
 Network aa00005-g1-20260819030247-64579_default  Removing
 Volume aa00005-g1-20260819030247-64579_node-data  Removed
 Network aa00005-g1-20260819030247-64579_default  Removed
host clean: no containers, volumes or networks named aa00005-g1-20260819030247-64579*
W-1: scratch DOCKER_CONFIG removed (/var/folders/_l/btc7vkzx59j_4tmlx2h02c600000gn/T//aa00005-dockercfg-Wwso7s)
 Container aa00005-g1-20260819033327-74669-proof-server-1  Stopping
 Container aa00005-g1-20260819033327-74669-indexer-1  Stopping
 Container aa00005-g1-20260819033327-74669-indexer-1  Stopped
 Container aa00005-g1-20260819033327-74669-indexer-1  Removing
 Container aa00005-g1-20260819033327-74669-indexer-1  Removed
 Container aa00005-g1-20260819033327-74669-node-1  Stopping
 Container aa00005-g1-20260819033327-74669-proof-server-1  Stopped
 Container aa00005-g1-20260819033327-74669-proof-server-1  Removing
 Container aa00005-g1-20260819033327-74669-proof-server-1  Removed
 Container aa00005-g1-20260819033327-74669-node-1  Stopped
 Container aa00005-g1-20260819033327-74669-node-1  Removing
 Container aa00005-g1-20260819033327-74669-node-1  Removed
 Volume aa00005-g1-20260819033327-74669_node-data  Removing
 Network aa00005-g1-20260819033327-74669_default  Removing
 Volume aa00005-g1-20260819033327-74669_node-data  Removed
 Network aa00005-g1-20260819033327-74669_default  Removed
host clean: no containers, volumes or networks named aa00005-g1-20260819033327-74669*
W-1: scratch DOCKER_CONFIG removed (/var/folders/_l/btc7vkzx59j_4tmlx2h02c600000gn/T//aa00005-dockercfg-gQW7ST)
