# G3-PROBE run log
started_utc: 2026-08-18T22:42:15Z
argv: ./scripts/g3/probe-mixed.sh 
cwd: /Users/edwardalvarado/todo/AA/experiments/00004-multi-token-custody
host: Darwin arm64
docker: Docker version 29.1.3, build f52814d
compose: 2.40.3-desktop.1
label: EXPERIMENTAL_LANE
--- step: 01-probe-ports
    utc_start: 2026-08-18T22:42:15Z
    cwd: /Users/edwardalvarado/todo/AA/experiments/00004-multi-token-custody
    argv: step_probe_ports
    utc_end: 2026-08-18T22:42:15Z
    duration_s: 0
    exit: 0
    output: 01-probe-ports.out
--- step: 02-boot
    utc_start: 2026-08-18T22:42:15Z
    cwd: /Users/edwardalvarado/todo/AA/experiments/00004-multi-token-custody
    argv: step_boot
    utc_end: 2026-08-18T22:42:21Z
    duration_s: 6
    exit: 0
    output: 02-boot.out
--- step: 03-health
    utc_start: 2026-08-18T22:42:21Z
    cwd: /Users/edwardalvarado/todo/AA/experiments/00004-multi-token-custody
    argv: step_health
    utc_end: 2026-08-18T22:42:23Z
    duration_s: 2
    exit: 0
    output: 03-health.out
--- step: 04-probe
    utc_start: 2026-08-18T22:42:23Z
    cwd: /Users/edwardalvarado/todo/AA/experiments/00004-multi-token-custody
    argv: step_probe
    utc_end: 2026-08-18T22:58:40Z
    duration_s: 977
    exit: 1
    output: 04-probe.out
--- teardown
    utc: 2026-08-18T22:58:40Z
    argv: docker compose --env-file /Users/edwardalvarado/todo/AA/experiments/00004-multi-token-custody/docker/.env -f /Users/edwardalvarado/todo/AA/experiments/00004-multi-token-custody/docker/compose.yml down -v --remove-orphans && stack_assert_clean aa00004-g3probe-20260818224215-75444
    exit: 0
finished_utc: 2026-08-18T22:58:41Z
final_exit: 1
