# G5 OFFLINE SWEEP — EXPERIMENTAL_LANE / LANE-DEV-1 — 2026-08-21T00:27:16.657Z
# parameters: LedgerParameters.initialParameters() — the LEDGER CRATE defaults, NOT the chain. Absolute boundaries from this run are not lane facts (F-313); relative ordering is.
# cells: 1, 2, 4, 8, 16   shapes: named-taker, floating-surplus

## manager (baseline) — Manager v4 (SHIPPED, unchanged)
   cells= 1 pools=1 named-taker      GUARANTEED ops=126 proxy read=3.468ms compute=5.305ms
   cells= 1 pools=1 floating-surplus GUARANTEED ops=117 proxy read=3.468ms compute=5.265ms
   cells= 2 pools=1 named-taker      GUARANTEED ops=126 proxy read=4.386ms compute=6.257ms
   cells= 2 pools=1 floating-surplus GUARANTEED ops=117 proxy read=4.386ms compute=6.216ms
   cells= 4 pools=1 named-taker      GUARANTEED ops=126 proxy read=4.386ms compute=6.308ms
   cells= 4 pools=1 floating-surplus GUARANTEED ops=117 proxy read=4.386ms compute=6.267ms
   cells= 8 pools=1 named-taker      GUARANTEED ops=126 proxy read=4.386ms compute=6.311ms
   cells= 8 pools=1 floating-surplus GUARANTEED ops=117 proxy read=4.386ms compute=6.301ms
   cells=16 pools=1 named-taker      GUARANTEED ops=126 proxy read=4.386ms compute=6.314ms
   cells=16 pools=1 floating-surplus GUARANTEED ops=117 proxy read=4.386ms compute=6.273ms

## v4-slim (control) — v4-slim — v4 minus the unshielded family
   cells= 1 pools=1 named-taker      GUARANTEED ops=126 proxy read=3.468ms compute=5.305ms
   cells= 1 pools=1 floating-surplus GUARANTEED ops=117 proxy read=3.468ms compute=5.265ms
   cells= 2 pools=1 named-taker      GUARANTEED ops=126 proxy read=4.386ms compute=6.257ms
   cells= 2 pools=1 floating-surplus GUARANTEED ops=117 proxy read=4.386ms compute=6.216ms
   cells= 4 pools=1 named-taker      GUARANTEED ops=126 proxy read=4.386ms compute=6.308ms
   cells= 4 pools=1 floating-surplus GUARANTEED ops=117 proxy read=4.386ms compute=6.267ms
   cells= 8 pools=1 named-taker      GUARANTEED ops=126 proxy read=4.386ms compute=6.311ms
   cells= 8 pools=1 floating-surplus GUARANTEED ops=117 proxy read=4.386ms compute=6.301ms
   cells=16 pools=1 named-taker      GUARANTEED ops=126 proxy read=4.386ms compute=6.314ms
   cells=16 pools=1 floating-surplus GUARANTEED ops=117 proxy read=4.386ms compute=6.273ms

## arm-a-dedupe (a) — arm (a) dedupe-flat
   cells= 1 pools=1 named-taker      GUARANTEED ops=107 proxy read=2.652ms compute=4.442ms
   cells= 1 pools=1 floating-surplus GUARANTEED ops= 98 proxy read=2.652ms compute=4.401ms
   cells= 2 pools=1 named-taker      GUARANTEED ops=107 proxy read=3.366ms compute=5.190ms
   cells= 2 pools=1 floating-surplus GUARANTEED ops= 98 proxy read=3.366ms compute=5.149ms
   cells= 4 pools=1 named-taker      GUARANTEED ops=107 proxy read=3.366ms compute=5.241ms
   cells= 4 pools=1 floating-surplus GUARANTEED ops= 98 proxy read=3.366ms compute=5.200ms
   cells= 8 pools=1 named-taker      GUARANTEED ops=107 proxy read=3.366ms compute=5.244ms
   cells= 8 pools=1 floating-surplus GUARANTEED ops= 98 proxy read=3.366ms compute=5.233ms
   cells=16 pools=1 named-taker      GUARANTEED ops=107 proxy read=3.366ms compute=5.246ms
   cells=16 pools=1 floating-surplus GUARANTEED ops= 98 proxy read=3.366ms compute=5.206ms

## arm-b-nested (b) — arm (b) nested-balances
   cells= 1 pools=1 named-taker      GUARANTEED ops=148 proxy read=5.202ms compute=7.145ms
   cells= 1 pools=1 floating-surplus GUARANTEED ops=139 proxy read=5.202ms compute=7.104ms
   cells= 2 pools=1 named-taker      FALLIBLE   ops=148 proxy read=—ms compute=—ms
   cells= 2 pools=1 floating-surplus FALLIBLE   ops=139 proxy read=—ms compute=—ms
   cells= 4 pools=1 named-taker      FALLIBLE   ops=148 proxy read=—ms compute=—ms
   cells= 4 pools=1 floating-surplus FALLIBLE   ops=139 proxy read=—ms compute=—ms
   cells= 8 pools=1 named-taker      FALLIBLE   ops=148 proxy read=—ms compute=—ms
   cells= 8 pools=1 floating-surplus FALLIBLE   ops=139 proxy read=—ms compute=—ms
   cells=16 pools=1 named-taker      FALLIBLE   ops=148 proxy read=—ms compute=—ms
   cells=16 pools=1 floating-surplus FALLIBLE   ops=139 proxy read=—ms compute=—ms

## arm-c-both (c) — arm (c) nested + deduped
   cells= 1 pools=1 named-taker      GUARANTEED ops=117 proxy read=3.570ms compute=5.435ms
   cells= 1 pools=1 floating-surplus GUARANTEED ops=108 proxy read=3.570ms compute=5.394ms
   cells= 2 pools=1 named-taker      GUARANTEED ops=117 proxy read=4.488ms compute=6.386ms
   cells= 2 pools=1 floating-surplus GUARANTEED ops=108 proxy read=4.488ms compute=6.345ms
   cells= 4 pools=1 named-taker      GUARANTEED ops=117 proxy read=4.488ms compute=6.437ms
   cells= 4 pools=1 floating-surplus GUARANTEED ops=108 proxy read=4.488ms compute=6.396ms
   cells= 8 pools=1 named-taker      GUARANTEED ops=117 proxy read=4.488ms compute=6.519ms
   cells= 8 pools=1 floating-surplus GUARANTEED ops=108 proxy read=4.488ms compute=6.478ms
   cells=16 pools=1 named-taker      GUARANTEED ops=117 proxy read=4.488ms compute=6.521ms
   cells=16 pools=1 floating-surplus GUARANTEED ops=108 proxy read=4.488ms compute=6.481ms

## arm-d-unified (d) — arm (d) unified per-account coin map
   cells= 1 pools=1 named-taker      GUARANTEED ops= 98 proxy read=2.652ms compute=4.438ms
   cells= 1 pools=1 floating-surplus GUARANTEED ops= 89 proxy read=2.652ms compute=4.398ms
   cells= 2 pools=1 named-taker      GUARANTEED ops= 98 proxy read=3.672ms compute=5.492ms
   cells= 2 pools=1 floating-surplus GUARANTEED ops= 89 proxy read=3.672ms compute=5.451ms
   cells= 4 pools=1 named-taker      GUARANTEED ops= 98 proxy read=3.672ms compute=5.543ms
   cells= 4 pools=1 floating-surplus GUARANTEED ops= 89 proxy read=3.672ms compute=5.502ms
   cells= 8 pools=1 named-taker      GUARANTEED ops= 98 proxy read=3.672ms compute=5.576ms
   cells= 8 pools=1 floating-surplus GUARANTEED ops= 89 proxy read=3.672ms compute=5.535ms
   cells=16 pools=1 named-taker      GUARANTEED ops= 98 proxy read=3.672ms compute=5.627ms
   cells=16 pools=1 floating-surplus GUARANTEED ops= 89 proxy read=3.672ms compute=5.586ms

## arm-e-escrow (e) — arm (e) two-phase escrow Cell
   cells= 1 pools=1 named-taker      GUARANTEED ops= 64 proxy read=1.530ms compute=3.124ms
   cells= 1 pools=1 floating-surplus GUARANTEED ops= 55 proxy read=1.530ms compute=3.083ms
   cells= 2 pools=1 named-taker      GUARANTEED ops= 64 proxy read=1.632ms compute=3.226ms
   cells= 2 pools=1 floating-surplus GUARANTEED ops= 55 proxy read=1.632ms compute=3.185ms
   cells= 4 pools=1 named-taker      GUARANTEED ops= 64 proxy read=1.632ms compute=3.305ms
   cells= 4 pools=1 floating-surplus GUARANTEED ops= 55 proxy read=1.632ms compute=3.264ms
   cells= 8 pools=1 named-taker      GUARANTEED ops= 64 proxy read=1.632ms compute=3.305ms
   cells= 8 pools=1 floating-surplus GUARANTEED ops= 55 proxy read=1.632ms compute=3.264ms
   cells=16 pools=1 named-taker      GUARANTEED ops= 64 proxy read=1.632ms compute=3.226ms
   cells=16 pools=1 floating-surplus GUARANTEED ops= 55 proxy read=1.632ms compute=3.185ms

wrote /Users/edwardalvarado/todo/AA/experiments/00006-unbalanced-zswap/evidence/g5-mitigation/offline-sweep.json and OFFLINE-SWEEP.md
