# G5 run log
started_utc: 2026-08-20T18:48:09Z
argv: ./scripts/g5/verify-g5-mitigation.sh full
cwd: /Users/edwardalvarado/todo/AA/experiments/00006-unbalanced-zswap
host: Darwin arm64
docker: Docker version 29.1.3, build f52814d
compose: 2.40.3-desktop.1
label: EXPERIMENTAL_LANE
--- step: 01-w1-docker-config
    utc_start: 2026-08-20T18:48:09Z
    cwd: /Users/edwardalvarado/todo/AA/experiments/00006-unbalanced-zswap
    argv: step_w1
    utc_end: 2026-08-20T18:48:10Z
    duration_s: 1
    exit: 0
    output: 01-w1-docker-config.out
--- step: 02-probe-ports
    utc_start: 2026-08-20T18:48:10Z
    cwd: /Users/edwardalvarado/todo/AA/experiments/00006-unbalanced-zswap
    argv: step_probe_ports
    utc_end: 2026-08-20T18:48:11Z
    duration_s: 1
    exit: 0
    output: 02-probe-ports.out
--- step: 03-lane-reuse
    utc_start: 2026-08-20T18:48:11Z
    cwd: /Users/edwardalvarado/todo/AA/experiments/00006-unbalanced-zswap
    argv: step_lane_reuse
    utc_end: 2026-08-20T18:48:11Z
    duration_s: 0
    exit: 0
    output: 03-lane-reuse.out
--- step: 04-lane-dev-1
    utc_start: 2026-08-20T18:48:11Z
    cwd: /Users/edwardalvarado/todo/AA/experiments/00006-unbalanced-zswap
    argv: step_lane_dev_1
    utc_end: 2026-08-20T18:48:15Z
    duration_s: 4
    exit: 0
    output: 04-lane-dev-1.out
--- step: 05-compile-fast
    utc_start: 2026-08-20T18:48:15Z
    cwd: /Users/edwardalvarado/todo/AA/experiments/00006-unbalanced-zswap
    argv: step_compile_fast
    utc_end: 2026-08-20T18:48:17Z
    duration_s: 2
    exit: 0
    output: 05-compile-fast.out
--- step: 06-compile-variants
    utc_start: 2026-08-20T18:48:17Z
    cwd: /Users/edwardalvarado/todo/AA/experiments/00006-unbalanced-zswap
    argv: step_compile_variants
    utc_end: 2026-08-20T18:48:21Z
    duration_s: 4
    exit: 0
    output: 06-compile-variants.out
--- step: 07-install
    utc_start: 2026-08-20T18:48:21Z
    cwd: /Users/edwardalvarado/todo/AA/experiments/00006-unbalanced-zswap
    argv: step_install
    utc_end: 2026-08-20T18:48:22Z
    duration_s: 1
    exit: 0
    output: 07-install.out
--- step: 08-unit-suites
    utc_start: 2026-08-20T18:48:22Z
    cwd: /Users/edwardalvarado/todo/AA/experiments/00006-unbalanced-zswap
    argv: step_unit_suites
    utc_end: 2026-08-20T18:48:25Z
    duration_s: 3
    exit: 0
    output: 08-unit-suites.out
--- step: 09-typecheck
    utc_start: 2026-08-20T18:48:25Z
    cwd: /Users/edwardalvarado/todo/AA/experiments/00006-unbalanced-zswap
    argv: step_typecheck
    utc_end: 2026-08-20T18:48:27Z
    duration_s: 2
    exit: 0
    output: 09-typecheck.out
--- step: 10-compile-zk
    utc_start: 2026-08-20T18:48:27Z
    cwd: /Users/edwardalvarado/todo/AA/experiments/00006-unbalanced-zswap
    argv: step_compile_zk
    utc_end: 2026-08-20T18:49:50Z
    duration_s: 83
    exit: 0
    output: 10-compile-zk.out
--- step: 11-compile-variants-zk
    utc_start: 2026-08-20T18:49:50Z
    cwd: /Users/edwardalvarado/todo/AA/experiments/00006-unbalanced-zswap
    argv: step_compile_variants_zk
--- teardown
    utc: 2026-08-20T18:50:12Z
    argv: docker compose --env-file /Users/edwardalvarado/todo/AA/experiments/00006-unbalanced-zswap/docker/.env -f /Users/edwardalvarado/todo/AA/experiments/00006-unbalanced-zswap/docker/compose.yml down -v --remove-orphans && stack_assert_clean aa00006-g5-20260820184809-37819 && w1_cleanup
    exit: 0
finished_utc: 2026-08-20T18:50:12Z
final_exit: 130
