# G2 run log
started_utc: 2026-08-20T09:16:50Z
argv: ./scripts/g2/verify-g2-contracts.sh full
cwd: /Users/edwardalvarado/todo/AA/experiments/00006-unbalanced-zswap
host: Darwin arm64
docker: Docker version 29.1.3, build f52814d
compose: 2.40.3-desktop.1
label: EXPERIMENTAL_LANE
--- step: 01-w1-docker-config
    utc_start: 2026-08-20T09:16:50Z
    cwd: /Users/edwardalvarado/todo/AA/experiments/00006-unbalanced-zswap
    argv: step_w1
    utc_end: 2026-08-20T09:16:50Z
    duration_s: 0
    exit: 0
    output: 01-w1-docker-config.out
--- step: 02-probe-ports
    utc_start: 2026-08-20T09:16:50Z
    cwd: /Users/edwardalvarado/todo/AA/experiments/00006-unbalanced-zswap
    argv: step_probe_ports
    utc_end: 2026-08-20T09:16:51Z
    duration_s: 1
    exit: 0
    output: 02-probe-ports.out
--- step: 03-lane-reuse
    utc_start: 2026-08-20T09:16:51Z
    cwd: /Users/edwardalvarado/todo/AA/experiments/00006-unbalanced-zswap
    argv: step_lane_reuse
    utc_end: 2026-08-20T09:16:51Z
    duration_s: 0
    exit: 0
    output: 03-lane-reuse.out
--- step: 04-lane-dev-1
    utc_start: 2026-08-20T09:16:51Z
    cwd: /Users/edwardalvarado/todo/AA/experiments/00006-unbalanced-zswap
    argv: step_lane_dev_1
    utc_end: 2026-08-20T09:16:52Z
    duration_s: 1
    exit: 0
    output: 04-lane-dev-1.out
--- step: 05-compile-fast
    utc_start: 2026-08-20T09:16:52Z
    cwd: /Users/edwardalvarado/todo/AA/experiments/00006-unbalanced-zswap
    argv: step_compile_fast
    utc_end: 2026-08-20T09:16:53Z
    duration_s: 1
    exit: 0
    output: 05-compile-fast.out
--- step: 06-install
    utc_start: 2026-08-20T09:16:53Z
    cwd: /Users/edwardalvarado/todo/AA/experiments/00006-unbalanced-zswap
    argv: step_install
    utc_end: 2026-08-20T09:16:54Z
    duration_s: 0
    exit: 0
    output: 06-install.out
--- step: 07-unit-suites
    utc_start: 2026-08-20T09:16:54Z
    cwd: /Users/edwardalvarado/todo/AA/experiments/00006-unbalanced-zswap
    argv: step_unit_suites
    utc_end: 2026-08-20T09:16:55Z
    duration_s: 1
    exit: 0
    output: 07-unit-suites.out
--- step: 08-typecheck
    utc_start: 2026-08-20T09:16:55Z
    cwd: /Users/edwardalvarado/todo/AA/experiments/00006-unbalanced-zswap
    argv: step_typecheck
    utc_end: 2026-08-20T09:16:57Z
    duration_s: 2
    exit: 0
    output: 08-typecheck.out
--- step: 09-compile-zk
    utc_start: 2026-08-20T09:16:57Z
    cwd: /Users/edwardalvarado/todo/AA/experiments/00006-unbalanced-zswap
    argv: step_compile_zk
    utc_end: 2026-08-20T09:18:15Z
    duration_s: 78
    exit: 0
    output: 09-compile-zk.out
--- step: 10-pull
    utc_start: 2026-08-20T09:18:15Z
    cwd: /Users/edwardalvarado/todo/AA/experiments/00006-unbalanced-zswap
    argv: step_pull
    utc_end: 2026-08-20T09:18:16Z
    duration_s: 1
    exit: 0
    output: 10-pull.out
--- step: 11-boot
    utc_start: 2026-08-20T09:18:16Z
    cwd: /Users/edwardalvarado/todo/AA/experiments/00006-unbalanced-zswap
    argv: step_boot
    utc_end: 2026-08-20T09:18:24Z
    duration_s: 8
    exit: 0
    output: 11-boot.out
--- step: 12-health
    utc_start: 2026-08-20T09:18:24Z
    cwd: /Users/edwardalvarado/todo/AA/experiments/00006-unbalanced-zswap
    argv: step_health
    utc_end: 2026-08-20T09:18:27Z
    duration_s: 3
    exit: 0
    output: 12-health.out
--- step: 13-reset-spike-evidence
    utc_start: 2026-08-20T09:18:27Z
    cwd: /Users/edwardalvarado/todo/AA/experiments/00006-unbalanced-zswap
    argv: step_reset_spike_evidence
    utc_end: 2026-08-20T09:18:27Z
    duration_s: 0
    exit: 0
    output: 13-reset-spike-evidence.out
--- step: 14-loadgate
    utc_start: 2026-08-20T09:18:27Z
    cwd: /Users/edwardalvarado/todo/AA/experiments/00006-unbalanced-zswap
    argv: step_loadgate
    utc_end: 2026-08-20T09:18:27Z
    duration_s: 0
    exit: 0
    output: 14-loadgate.out
--- step: 15-spike-s4
    utc_start: 2026-08-20T09:18:27Z
    cwd: /Users/edwardalvarado/todo/AA/experiments/00006-unbalanced-zswap
    argv: step_spike_s4
    utc_end: 2026-08-20T09:30:56Z
    duration_s: 749
    exit: 0
    output: 15-spike-s4.out
--- step: 17-spike-s5b
    utc_start: 2026-08-20T09:30:57Z
    cwd: /Users/edwardalvarado/todo/AA/experiments/00006-unbalanced-zswap
    argv: step_spike_s5b
    utc_end: 2026-08-20T09:47:09Z
    duration_s: 972
    exit: 0
    output: 17-spike-s5b.out
--- step: 18-spike-s5
    utc_start: 2026-08-20T09:47:09Z
    cwd: /Users/edwardalvarado/todo/AA/experiments/00006-unbalanced-zswap
    argv: step_spike_s5
    utc_end: 2026-08-20T10:29:27Z
    duration_s: 2538
    exit: 0
    output: 18-spike-s5.out
--- step: 19-spike-s6
    utc_start: 2026-08-20T10:29:27Z
    cwd: /Users/edwardalvarado/todo/AA/experiments/00006-unbalanced-zswap
    argv: step_spike_s6
    utc_end: 2026-08-20T10:38:46Z
    duration_s: 559
    exit: 0
    output: 19-spike-s6.out
--- step: 20-record-artifacts
    utc_start: 2026-08-20T10:38:46Z
    cwd: /Users/edwardalvarado/todo/AA/experiments/00006-unbalanced-zswap
    argv: step_record_artifacts
    utc_end: 2026-08-20T10:38:47Z
    duration_s: 1
    exit: 0
    output: 20-record-artifacts.out
--- step: 21-record-spikes
    utc_start: 2026-08-20T10:38:47Z
    cwd: /Users/edwardalvarado/todo/AA/experiments/00006-unbalanced-zswap
    argv: step_record_spikes
    utc_end: 2026-08-20T10:38:47Z
    duration_s: 0
    exit: 0
    output: 21-record-spikes.out
--- teardown
    utc: 2026-08-20T10:38:47Z
    argv: docker compose --env-file /Users/edwardalvarado/todo/AA/experiments/00006-unbalanced-zswap/docker/.env -f /Users/edwardalvarado/todo/AA/experiments/00006-unbalanced-zswap/docker/compose.yml down -v --remove-orphans && stack_assert_clean aa00006-g2-20260820091650-91678 && w1_cleanup
    exit: 0
finished_utc: 2026-08-20T10:38:49Z
final_exit: 0
