original:     /Users/edwardalvarado/todo/AA/experiments/00006-unbalanced-zswap
reproduction: /var/folders/_l/btc7vkzx59j_4tmlx2h02c600000gn/T//aa00006-g4-88MwCz/clone

== freshness — is the "reproduction" a different chain at all?
  Manager addresses: 10 original, 10 reproduced, 0 IN COMMON
  colours: 12 original, 12 reproduced, 0 IN COMMON (colours are issuer-address-scoped and CANNOT repeat on a new chain)
  pooled coin nonces: 8 original, 8 reproduced, 0 IN COMMON
  transaction ids: 97 original, 106 reproduced, 0 IN COMMON
  (account commitments come from deterministic dev seeds and are expected to match: 0 shared, not a freshness signal)

== the swap step ledger (D-307: three stages, three fresh Managers, one chain)
-- stage A: original GREEN, reproduction GREEN (12 / 12 rows)
   carries: rows 0–6, row 10 (NC-304), NC-305, P-F310
   Manager: original 1f8f7b515d8da4614829…  repro ab8b2ce76d350a1051ba…
   PASS      row-0            4/4      Manager v4 deployed; AA_A and AA_B registered
   PASS      row-1            10/10    Minters TOKA/TOKB deployed; S_A 10 → OwnerN, S_B 10 → OwnerT
   PASS      row-2            11/11    OwnerN deposits S_A 6 → AA_A
   PASS      nc-305           7/7      unauthorized make: OwnerN's witness attempts an offer on AA_A's 
   PASS      row-3            12/12    OFFER-1 built (v1 named-taker): give S_A 4 to OwnerT, want S_B 7
   PASS      row-4            7/7      OFFER-1 submitted DIRECTLY (unbalanced) — NC-301
      node refusal code(s): original ['1'], reproduction ['1']
   PASS      row-5            20/20    OwnerT takes OFFER-1: stock balance → merge → submit
   PASS      final-table-v1   12/12    the spec's final table, v1-only column (in parentheses there)
   PASS      row-6            6/6      Double-take: OFFER-1 balanced and submitted again — NC-302
      node refusal code(s): original ['244'], reproduction ['244']
   PASS      row-10           7/7      Tamper: OFFER-1's retained bytes, one byte flipped, taken — NC-3
   MEASURED  p-f310           7/7      D-307's evidence: the spec's LITERAL row 7, attempted here at TW
   PASS      closing          13/13    Stage A closing state, both observation points
   the HEADLINE v1 settlement (spec row 5): ONE tx id = True  ['00b917f91daaad575d082753019d47df8a21d8cc50a56b9d7d347214229109e987']
-- stage B: original GREEN, reproduction GREEN (3 / 3 rows)
   carries: rows 7–8 (P-OPEN — the owner-REQUIRED open offer)
   Manager: original 95fb94dc5df1d640705f…  repro eddac280e7eaece621d9…
   PASS      setup            13/13    fresh Manager; mint; OwnerN deposits S_A 2 → AA_A
   PASS      row-7            13/13    OFFER-2 built (v2 OPEN — floating surplus): give S_A 2 to no one
   PASS      row-8            18/18    OwnerT — whose keys the maker never knew — takes OFFER-2
   the OPEN offer settling for a stranger (spec rows 7-8, FR-308): ONE tx id = True  ['003929da6f91ef0112ee71dd8e9e3ce23111213c833e884e96c0bc9b7cd88d7d5f']
-- stage C: original GREEN, reproduction GREEN (8 / 8 rows)
   carries: rows 9 (NC-303), 11 (P-104), 12 (P-CXL, both forms), NC-306, P-F310 replication
   Manager: original f6eb885f4760142781e6…  repro bb527a748ec2a1ab6540…
   PASS      setup            10/10    fresh Manager; mint; OwnerN deposits S_A 6 → AA_A
   PASS      row-9            9/9      Expiry: OFFER-3 held past its TTL, then taken — NC-303
      node refusal code(s): original ['228'], reproduction ['228']
   MEASURED  row-11           6/6      Staleness (FR-311): a deposit lands on the offered colour, then 
      node refusal code(s): original ['239'], reproduction ['239']
   MEASURED  row-12a          7/7      Cancellation by WITHDRAW: the maker moves the backing pool coin 
      node refusal code(s): original ['239'], reproduction ['239']
   MEASURED  row-12b          7/7      Cancellation by INTERNAL TRANSFER: no token moves at all — does 
      node refusal code(s): original ['104'], reproduction ['104']
   PASS      nc-306           9/9      unbacked make: AA_A asks for more S_A than its cell holds, while
   MEASURED  p-f310           5/5      P-F310 replication: a FULLY BACKED offer at two custody cells
   PASS      closing          4/4      Stage C closing state, both observation points

== G1 spikes
-- S1 foreign wallet balances a contract call: original GREEN, reproduction GREEN
-- S3 offer round-trip + D-306: original GREEN, reproduction GREEN
   D-306 published artifact form: original {"choice": "UNBOUND (`pre-binding`)", "reason": "the unbound form round-trips by, repro {"choice": "UNBOUND (`pre-binding`)", "reason": "the unbound form round-trips by
-- S2 segment order / node code 104 (a lane investigation, MEASURED)
   original:     CONFIRMED — but the POST-HOC fix is REFUTED AS IMPLEMENTED
   reproduction: CONFIRMED + FIX DEMONSTRATED

== G2 spikes
-- FR-308 OPENNESS (owner-REQUIRED): original GREEN via floating-surplus (v2a, the preferred shape)
                                     repro    GREEN via floating-surplus (v2a, the preferred shape)
-- S6 the maker pays nothing (v1 named taker): original GREEN, repro GREEN
   maker intent dust spends: original 0, repro 0
   settlement fee (SPECKs):  original 965879907293241, repro 965776551660961
   fee vs a plain transfer:  original 3.03, repro 3.03
-- S5 staleness / TTL (FR-311, MEASURED)
   original:     MEASURED — as FR-311 predicted
   reproduction: MEASURED — as FR-311 predicted
-- S5b the publishability boundary (F-310, MEASURED)
   original:     MEASURED — the publishability boundary lies between step 1 (pools 1, cells 1) and step 2 (pools 1, cells 2)
   reproduction: MEASURED — the publishability boundary lies between step 1 (pools 1, cells 1) and step 2 (pools 1, cells 2)
   boundary: original (1, 2), reproduction (1, 2)

==============================================================================
FINDINGS — the reproduction differs from the original in a way the SPECIFICATION
PERMITS. Recorded here so it is reported, not passed over:
  ** spike S2 reached a DIFFERENT verdict in the reproduction. S2 measures accept/refuse ratios over random segment draws and feeds sibling issue 0001; the specification does not require it, so this is reported, never scored.
==============================================================================

the reproduction matches the original row for row, verdict for verdict, pool for pool,
cell for cell and map size for map size — on a demonstrably different chain, with ZERO
transaction ids, Manager addresses, colours or pooled-coin nonces in common.
…with the FINDING(s) above, which the specification permits and this gate reports rather
than hides: read them before quoting this verdict.
