# G2 deploy + configure — EXPERIMENTAL_LANE / LANE-DEV-1 — 2026-08-18T20:56:43.090Z
[2026-08-18T20:56:43.091Z] private-state dir: /var/folders/_l/btc7vkzx59j_4tmlx2h02c600000gn/T/aa00004-g2-jyIIRf
[2026-08-18T20:56:43.167Z] wallets open; syncing genesis …
2026-08-18 16:56:43        RPC-CORE: subscribeRuntimeVersion(): RuntimeVersion:: disconnected from ws://127.0.0.1:31968/: 1000:: Normal Closure
2026-08-18 16:56:43        RPC-CORE: subscribeRuntimeVersion(): RuntimeVersion:: disconnected from ws://127.0.0.1:31968/: 1000:: Normal Closure
2026-08-18 16:56:43        RPC-CORE: subscribeRuntimeVersion(): RuntimeVersion:: disconnected from ws://127.0.0.1:31968/: 1000:: Normal Closure
2026-08-18 16:56:43        RPC-CORE: subscribeRuntimeVersion(): RuntimeVersion:: disconnected from ws://127.0.0.1:31968/: 1000:: Normal Closure
[2026-08-18T20:56:43.607Z]   funding feePayer with 1000000000000 NIGHT from genesis
[2026-08-18T20:56:43.622Z]   fund feePayer: attempt 1 — DUST not yet generated, waiting 15s
[2026-08-18T20:57:19.617Z]   submitted tx 00dcbba8325774f5768d9c3b2c84fbc7183e5be4686f984770f18af1551625a0a1 (hash e3644f9d836f221f9576004deafcb0b58c1d8a5c1c97e8744b81bdff6c11be6d)
[2026-08-18T20:57:19.618Z]   waiting for feePayer NIGHT to arrive …
[2026-08-18T20:57:19.739Z]   waiting for genesis to observe its own spend (NIGHT at or below 249000000000000) …
[2026-08-18T20:58:30.363Z]   feePayer: registering 1 NIGHT utxo(s) for DUST generation
[2026-08-18T20:58:49.284Z]   feePayer: DUST registration tx 00a96210b7dbe090a1e9886539435265999ee5b5a8d422debb3d63d79762e3144b
[2026-08-18T20:58:49.285Z]   waiting for feePayer NIGHT utxos to show registeredForDustGeneration=true …
[2026-08-18T20:58:49.437Z] feePayer funded (e3644f9d836f221f9576004deafcb0b58c1d8a5c1c97e8744b81bdff6c11be6d) and registered for DUST (00a96210b7dbe090a1e9886539435265999ee5b5a8d422debb3d63d79762e3144b)
[2026-08-18T20:58:49.440Z] deploying Minter1 with constructor tag "TOKA" (544f4b4100000000000000000000000000000000000000000000000000000000) …
[2026-08-18T20:59:07.796Z]   Minter1 at 3b7bfa336e4220a33f4c9e714750a21905df9a5a5aca742c46ba00a47a7f94a9
[2026-08-18T20:59:43.831Z]   ledger.deploymentTag  544f4b4100000000000000000000000000000000000000000000000000000000
[2026-08-18T20:59:43.832Z]   ledger.shieldedSep    f0d01ad6d6ebe86a154ad08351017bb8bcce8d0431ccffa29f5ecb4c15bcce2e
[2026-08-18T20:59:43.832Z]   ledger.unshieldedSep  20712f5ad7c47b300147ad7a92d9d606575a12d46dc00c6991758a596c9d4ac6
[2026-08-18T20:59:43.832Z]   circuit shieldedColor()   bca98014773c30717198e564451f7f90ce88d36449b496a1cebea7b67a65bffe
[2026-08-18T20:59:43.832Z]   circuit unshieldedColor() 9a1288102ff361119f0555dbc53596045df041236584ea1aa122761f12d56da7
[2026-08-18T20:59:43.833Z] deploying Minter2 with constructor tag "TOKB" (544f4b4200000000000000000000000000000000000000000000000000000000) …
[2026-08-18T21:00:02.624Z]   Minter2 at 77c2f28c3838ed255cda2e5eaae0ab686fb8f75a02467285d9a43a38934bc4a5
[2026-08-18T21:00:38.703Z]   ledger.deploymentTag  544f4b4200000000000000000000000000000000000000000000000000000000
[2026-08-18T21:00:38.704Z]   ledger.shieldedSep    f3940770d5517d6ca314ced3be429137cbf5813aed8a6a16d25e951cbf15aeaa
[2026-08-18T21:00:38.704Z]   ledger.unshieldedSep  074e16e697ad8b0b62a37692da4a00d63d5e284ead62fd691e3507ec23ddb509
[2026-08-18T21:00:38.704Z]   circuit shieldedColor()   f818da4c1fbc34f6e8e6c7d22414475d23df1090b1a87b7f72336c5cde223bff
[2026-08-18T21:00:38.704Z]   circuit unshieldedColor() 13ceddbbd387e2c32dcd3bb2d6a69936225346e8a827318ab37f0671ca4f2553
[2026-08-18T21:00:38.705Z] deploying Minter3 with constructor tag "TOKC" (544f4b4300000000000000000000000000000000000000000000000000000000) …
[2026-08-18T21:00:56.108Z]   Minter3 at 0dafc7c529325d5bbd88241a4af5c4a4a04b31f65774efe662e41383afe0ee46
[2026-08-18T21:01:32.163Z]   ledger.deploymentTag  544f4b4300000000000000000000000000000000000000000000000000000000
[2026-08-18T21:01:32.164Z]   ledger.shieldedSep    43c395dfd73f970e3276d2fec3bef618203008f990c84a972fc6f201eb48b60e
[2026-08-18T21:01:32.164Z]   ledger.unshieldedSep  08ffdfbb93a13cf953af7a4263f4b210e2418654cb581b078a968575265475c9
[2026-08-18T21:01:32.164Z]   circuit shieldedColor()   6c2c11e2cf8768706da2cae690f7f3dcfdef8926670c0f0a3594e09d0388c5e9
[2026-08-18T21:01:32.164Z]   circuit unshieldedColor() 64175427e4079751818b320c82460e0eeeb192f819830447a1926c1aa7d7e5c8
[2026-08-18T21:01:32.164Z] pairwise colour distinctness: 15/15
[2026-08-18T21:01:32.164Z] deploying Manager …
[2026-08-18T21:01:51.015Z]   Manager at 50801c1c9a72480f5c56d1c2b9a81e2138f3e2bf240129079ee729eabfc5108b
[2026-08-18T21:01:51.026Z] configure(S1, S2, U1, U2) …
[2026-08-18T21:02:08.368Z] registering AA_A 67105e92521d24ccd0b0ee9d2ff842aec4b0dbfb81123b2143c9512fe6f114e7 and AA_B e01c3be2d447aa46f6b9a9d8ab6b0f5fef285782b0b6af40bea330a59de33e92 …
[2026-08-18T21:03:56.524Z] circuit reads: isRegistered(AA_A)=true bal(AA_A,S1)=0 bal(AA_B,U2)=0 poolHasColour(S1)=false

## unit-level negatives
  GREEN reconfigure — Unexpected error executing scoped transaction '<unnamed>': Error: failed assert: already configured | cause: failed assert: already configured
  GREEN duplicate-registration — Unexpected error executing scoped transaction '<unnamed>': Error: failed assert: account already registered | cause: failed assert: account already registered
  GREEN unregistered-witness — Unexpected error executing scoped transaction '<unnamed>': Error: failed assert: caller's owner witness matches no registered account | cause: failed assert: caller's owner witness matches no register

## RESULT
{
  "gate": "G2",
  "lane": "EXPERIMENTAL_LANE",
  "deviation": "LANE-DEV-1",
  "recorded_utc": "2026-08-18T21:04:32.925Z",
  "verdict": "PASS",
  "manager_address": "50801c1c9a72480f5c56d1c2b9a81e2138f3e2bf240129079ee729eabfc5108b",
  "minters": [
    {
      "label": "Minter1",
      "tagText": "TOKA",
      "tagIn": "544f4b4100000000000000000000000000000000000000000000000000000000",
      "address": "3b7bfa336e4220a33f4c9e714750a21905df9a5a5aca742c46ba00a47a7f94a9",
      "ledgerTag": "544f4b4100000000000000000000000000000000000000000000000000000000",
      "shieldedSep": "f0d01ad6d6ebe86a154ad08351017bb8bcce8d0431ccffa29f5ecb4c15bcce2e",
      "unshieldedSep": "20712f5ad7c47b300147ad7a92d9d606575a12d46dc00c6991758a596c9d4ac6",
      "simShieldedSep": "f0d01ad6d6ebe86a154ad08351017bb8bcce8d0431ccffa29f5ecb4c15bcce2e",
      "simUnshieldedSep": "20712f5ad7c47b300147ad7a92d9d606575a12d46dc00c6991758a596c9d4ac6",
      "shieldedColour": "bca98014773c30717198e564451f7f90ce88d36449b496a1cebea7b67a65bffe",
      "unshieldedColour": "9a1288102ff361119f0555dbc53596045df041236584ea1aa122761f12d56da7"
    },
    {
      "label": "Minter2",
      "tagText": "TOKB",
      "tagIn": "544f4b4200000000000000000000000000000000000000000000000000000000",
      "address": "77c2f28c3838ed255cda2e5eaae0ab686fb8f75a02467285d9a43a38934bc4a5",
      "ledgerTag": "544f4b4200000000000000000000000000000000000000000000000000000000",
      "shieldedSep": "f3940770d5517d6ca314ced3be429137cbf5813aed8a6a16d25e951cbf15aeaa",
      "unshieldedSep": "074e16e697ad8b0b62a37692da4a00d63d5e284ead62fd691e3507ec23ddb509",
      "simShieldedSep": "f3940770d5517d6ca314ced3be429137cbf5813aed8a6a16d25e951cbf15aeaa",
      "simUnshieldedSep": "074e16e697ad8b0b62a37692da4a00d63d5e284ead62fd691e3507ec23ddb509",
      "shieldedColour": "f818da4c1fbc34f6e8e6c7d22414475d23df1090b1a87b7f72336c5cde223bff",
      "unshieldedColour": "13ceddbbd387e2c32dcd3bb2d6a69936225346e8a827318ab37f0671ca4f2553"
    },
    {
      "label": "Minter3",
      "tagText": "TOKC",
      "tagIn": "544f4b4300000000000000000000000000000000000000000000000000000000",
      "address": "0dafc7c529325d5bbd88241a4af5c4a4a04b31f65774efe662e41383afe0ee46",
      "ledgerTag": "544f4b4300000000000000000000000000000000000000000000000000000000",
      "shieldedSep": "43c395dfd73f970e3276d2fec3bef618203008f990c84a972fc6f201eb48b60e",
      "unshieldedSep": "08ffdfbb93a13cf953af7a4263f4b210e2418654cb581b078a968575265475c9",
      "simShieldedSep": "43c395dfd73f970e3276d2fec3bef618203008f990c84a972fc6f201eb48b60e",
      "simUnshieldedSep": "08ffdfbb93a13cf953af7a4263f4b210e2418654cb581b078a968575265475c9",
      "shieldedColour": "6c2c11e2cf8768706da2cae690f7f3dcfdef8926670c0f0a3594e09d0388c5e9",
      "unshieldedColour": "64175427e4079751818b320c82460e0eeeb192f819830447a1926c1aa7d7e5c8"
    }
  ],
  "colours": {
    "configured": {
      "S1": "bca98014773c30717198e564451f7f90ce88d36449b496a1cebea7b67a65bffe",
      "S2": "f818da4c1fbc34f6e8e6c7d22414475d23df1090b1a87b7f72336c5cde223bff",
      "U1": "9a1288102ff361119f0555dbc53596045df041236584ea1aa122761f12d56da7",
      "U2": "13ceddbbd387e2c32dcd3bb2d6a69936225346e8a827318ab37f0671ca4f2553"
    },
    "control_never_configured": {
      "Minter3.shielded": "6c2c11e2cf8768706da2cae690f7f3dcfdef8926670c0f0a3594e09d0388c5e9",
      "Minter3.unshielded": "64175427e4079751818b320c82460e0eeeb192f819830447a1926c1aa7d7e5c8"
    }
  },
  "distinctness": {
    "comparisons": 15,
    "distinct": 15,
    "collisions": []
  },
  "configure_state": {
    "configured": true,
    "colours": {
      "S1": "bca98014773c30717198e564451f7f90ce88d36449b496a1cebea7b67a65bffe",
      "S2": "f818da4c1fbc34f6e8e6c7d22414475d23df1090b1a87b7f72336c5cde223bff",
      "U1": "9a1288102ff361119f0555dbc53596045df041236584ea1aa122761f12d56da7",
      "U2": "13ceddbbd387e2c32dcd3bb2d6a69936225346e8a827318ab37f0671ca4f2553"
    },
    "accounts": [
      "67105e92521d24ccd0b0ee9d2ff842aec4b0dbfb81123b2143c9512fe6f114e7",
      "e01c3be2d447aa46f6b9a9d8ab6b0f5fef285782b0b6af40bea330a59de33e92"
    ],
    "balance_cells": 8,
    "pools": 0
  },
  "accounts": {
    "AA_A": "67105e92521d24ccd0b0ee9d2ff842aec4b0dbfb81123b2143c9512fe6f114e7",
    "AA_B": "e01c3be2d447aa46f6b9a9d8ab6b0f5fef285782b0b6af40bea330a59de33e92"
  },
  "table_at_g2": {
    "AA_A": {
      "S1": "0",
      "S2": "0",
      "U1": "0",
      "U2": "0"
    },
    "AA_B": {
      "S1": "0",
      "S2": "0",
      "U1": "0",
      "U2": "0"
    }
  },
  "circuit_reads": {
    "isRegistered(AA_A)": true,
    "accountBalance(AA_A, S1)": "0",
    "accountBalance(AA_B, U2)": "0",
    "poolHasColour(S1)": false
  },
  "negatives": [
    {
      "id": "reconfigure",
      "label": "A second `configure` is refused (FR-102, one-time binding)",
      "expectation": "rejected with 'already configured'; the four bound colours are unchanged",
      "rejectedAt": "circuit execution (no transaction built)",
      "reason": "Unexpected error executing scoped transaction '<unnamed>': Error: failed assert: already configured | cause: failed assert: already configured",
      "expectedMessage": "/already configured/",
      "messageMatched": true,
      "stateUnchanged": true,
      "status": "GREEN"
    },
    {
      "id": "duplicate-registration",
      "label": "Registering an account id that already exists is refused",
      "expectation": "rejected with 'account already registered'; the account set and the 8 seeded cells are unchanged",
      "rejectedAt": "circuit execution (no transaction built)",
      "reason": "Unexpected error executing scoped transaction '<unnamed>': Error: failed assert: account already registered | cause: failed assert: account already registered",
      "expectedMessage": "/account already registered/",
      "messageMatched": true,
      "stateUnchanged": true,
      "status": "GREEN"
    },
    {
      "id": "unregistered-witness",
      "label": "NC-1 shape: a witness that opens no registered account is refused at the choke point",
      "expectation": "rejected with \"caller's owner witness matches no registered account\" before any colour, balance or pool guard is reached",
      "rejectedAt": "circuit execution (no transaction built)",
      "reason": "Unexpected error executing scoped transaction '<unnamed>': Error: failed assert: caller's owner witness matches no registered account | cause: failed assert: caller's owner witness matches no registered account",
      "expectedMessage": "/matches no registered account/",
      "messageMatched": true,
      "stateUnchanged": true,
      "status": "GREEN"
    }
  ],
  "failures": []
}

G2 deploy/configure PASS — 3 Minters + 1 Manager live, 15/15 colours distinct, Manager configured with exactly S1,S2,U1,U2, both accounts registered with 8 seeded cells, 3/3 negatives refused with state proven unchanged
