# G5-SMOKE run log
started_utc: 2026-08-20T17:59:08Z
argv: ./scripts/g5/smoke-g5.sh smoke
cwd: /Users/edwardalvarado/todo/AA/experiments/00006-unbalanced-zswap
host: Darwin arm64
docker: Docker version 29.1.3, build f52814d
compose: 2.40.3-desktop.1
label: EXPERIMENTAL_LANE
--- step: 01-w1
    utc_start: 2026-08-20T17:59:08Z
    cwd: /Users/edwardalvarado/todo/AA/experiments/00006-unbalanced-zswap
    argv: step_w1
    utc_end: 2026-08-20T17:59:09Z
    duration_s: 1
    exit: 0
    output: 01-w1.out
--- step: 02-probe-ports
    utc_start: 2026-08-20T17:59:09Z
    cwd: /Users/edwardalvarado/todo/AA/experiments/00006-unbalanced-zswap
    argv: step_probe_ports
    utc_end: 2026-08-20T17:59:10Z
    duration_s: 1
    exit: 0
    output: 02-probe-ports.out
--- step: 03-pull
    utc_start: 2026-08-20T17:59:10Z
    cwd: /Users/edwardalvarado/todo/AA/experiments/00006-unbalanced-zswap
    argv: step_pull
    utc_end: 2026-08-20T17:59:14Z
    duration_s: 4
    exit: 0
    output: 03-pull.out
--- step: 04-boot
    utc_start: 2026-08-20T17:59:14Z
    cwd: /Users/edwardalvarado/todo/AA/experiments/00006-unbalanced-zswap
    argv: step_boot
    utc_end: 2026-08-20T17:59:19Z
    duration_s: 5
    exit: 0
    output: 04-boot.out
--- step: 05-health
    utc_start: 2026-08-20T17:59:19Z
    cwd: /Users/edwardalvarado/todo/AA/experiments/00006-unbalanced-zswap
    argv: step_health
    utc_end: 2026-08-20T17:59:22Z
    duration_s: 3
    exit: 0
    output: 05-health.out
--- step: 06-loadgate
    utc_start: 2026-08-20T17:59:22Z
    cwd: /Users/edwardalvarado/todo/AA/experiments/00006-unbalanced-zswap
    argv: step_loadgate
    utc_end: 2026-08-20T17:59:22Z
    duration_s: 0
    exit: 0
    output: 06-loadgate.out
--- step: 07-matrix
    utc_start: 2026-08-20T17:59:22Z
    cwd: /Users/edwardalvarado/todo/AA/experiments/00006-unbalanced-zswap
    argv: step_matrix
    utc_end: 2026-08-20T18:13:04Z
    duration_s: 822
    exit: 0
    output: 07-matrix.out
--- teardown
    utc: 2026-08-20T18:13:04Z
    argv: docker compose --env-file /Users/edwardalvarado/todo/AA/experiments/00006-unbalanced-zswap/docker/.env -f /Users/edwardalvarado/todo/AA/experiments/00006-unbalanced-zswap/docker/compose.yml down -v --remove-orphans && stack_assert_clean aa00006-g5smoke-20260820175908-80544 && w1_cleanup
    exit: 0
finished_utc: 2026-08-20T18:13:05Z
final_exit: 0
