# G5 OFFLINE SWEEP — EXPERIMENTAL_LANE / LANE-DEV-1 — 2026-08-21T02:31:18.388Z
# parameters: CHAIN parameters captured at evidence/g5-mitigation/chain-params.json
# cells: 1, 2, 4, 8, 16   shapes: named-taker, floating-surplus

## manager (baseline) — Manager v4 (SHIPPED, unchanged)
   cells= 1 pools=1 named-taker      GUARANTEED ops=126 proxy read=3.468ms compute=6.592ms
   cells= 1 pools=1 floating-surplus GUARANTEED ops=117 proxy read=3.468ms compute=6.484ms
   cells= 2 pools=1 named-taker      FALLIBLE   ops=126 proxy read=—ms compute=—ms
   cells= 2 pools=1 floating-surplus FALLIBLE   ops=117 proxy read=—ms compute=—ms
   cells= 4 pools=1 named-taker      FALLIBLE   ops=126 proxy read=—ms compute=—ms
   cells= 4 pools=1 floating-surplus FALLIBLE   ops=117 proxy read=—ms compute=—ms
   cells= 8 pools=1 named-taker      FALLIBLE   ops=126 proxy read=—ms compute=—ms
   cells= 8 pools=1 floating-surplus FALLIBLE   ops=117 proxy read=—ms compute=—ms
   cells=16 pools=1 named-taker      FALLIBLE   ops=126 proxy read=—ms compute=—ms
   cells=16 pools=1 floating-surplus FALLIBLE   ops=117 proxy read=—ms compute=—ms

## v4-slim (control) — v4-slim — v4 minus the unshielded family
   cells= 1 pools=1 named-taker      GUARANTEED ops=126 proxy read=3.468ms compute=6.592ms
   cells= 1 pools=1 floating-surplus GUARANTEED ops=117 proxy read=3.468ms compute=6.484ms
   cells= 2 pools=1 named-taker      FALLIBLE   ops=126 proxy read=—ms compute=—ms
   cells= 2 pools=1 floating-surplus FALLIBLE   ops=117 proxy read=—ms compute=—ms
   cells= 4 pools=1 named-taker      FALLIBLE   ops=126 proxy read=—ms compute=—ms
   cells= 4 pools=1 floating-surplus FALLIBLE   ops=117 proxy read=—ms compute=—ms
   cells= 8 pools=1 named-taker      FALLIBLE   ops=126 proxy read=—ms compute=—ms
   cells= 8 pools=1 floating-surplus FALLIBLE   ops=117 proxy read=—ms compute=—ms
   cells=16 pools=1 named-taker      FALLIBLE   ops=126 proxy read=—ms compute=—ms
   cells=16 pools=1 floating-surplus FALLIBLE   ops=117 proxy read=—ms compute=—ms

## arm-a-dedupe (a) — arm (a) dedupe-flat
   cells= 1 pools=1 named-taker      GUARANTEED ops=107 proxy read=2.652ms compute=5.645ms
   cells= 1 pools=1 floating-surplus GUARANTEED ops= 98 proxy read=2.652ms compute=5.537ms
   cells= 2 pools=1 named-taker      GUARANTEED ops=107 proxy read=3.366ms compute=6.562ms
   cells= 2 pools=1 floating-surplus GUARANTEED ops= 98 proxy read=3.366ms compute=6.453ms
   cells= 4 pools=1 named-taker      FALLIBLE   ops=107 proxy read=—ms compute=—ms
   cells= 4 pools=1 floating-surplus FALLIBLE   ops= 98 proxy read=—ms compute=—ms
   cells= 8 pools=1 named-taker      FALLIBLE   ops=107 proxy read=—ms compute=—ms
   cells= 8 pools=1 floating-surplus FALLIBLE   ops= 98 proxy read=—ms compute=—ms
   cells=16 pools=1 named-taker      FALLIBLE   ops=107 proxy read=—ms compute=—ms
   cells=16 pools=1 floating-surplus FALLIBLE   ops= 98 proxy read=—ms compute=—ms

## arm-b-nested (b) — arm (b) nested-balances
   cells= 1 pools=1 named-taker      GUARANTEED ops=148 proxy read=5.202ms compute=8.607ms
   cells= 1 pools=1 floating-surplus GUARANTEED ops=139 proxy read=5.202ms compute=8.499ms
   cells= 2 pools=1 named-taker      FALLIBLE   ops=148 proxy read=—ms compute=—ms
   cells= 2 pools=1 floating-surplus FALLIBLE   ops=139 proxy read=—ms compute=—ms
   cells= 4 pools=1 named-taker      FALLIBLE   ops=148 proxy read=—ms compute=—ms
   cells= 4 pools=1 floating-surplus FALLIBLE   ops=139 proxy read=—ms compute=—ms
   cells= 8 pools=1 named-taker      FALLIBLE   ops=148 proxy read=—ms compute=—ms
   cells= 8 pools=1 floating-surplus FALLIBLE   ops=139 proxy read=—ms compute=—ms
   cells=16 pools=1 named-taker      FALLIBLE   ops=148 proxy read=—ms compute=—ms
   cells=16 pools=1 floating-surplus FALLIBLE   ops=139 proxy read=—ms compute=—ms

## arm-c-both (c) — arm (c) nested + deduped
   cells= 1 pools=1 named-taker      GUARANTEED ops=117 proxy read=3.570ms compute=6.760ms
   cells= 1 pools=1 floating-surplus GUARANTEED ops=108 proxy read=3.570ms compute=6.652ms
   cells= 2 pools=1 named-taker      FALLIBLE   ops=117 proxy read=—ms compute=—ms
   cells= 2 pools=1 floating-surplus FALLIBLE   ops=108 proxy read=—ms compute=—ms
   cells= 4 pools=1 named-taker      FALLIBLE   ops=117 proxy read=—ms compute=—ms
   cells= 4 pools=1 floating-surplus FALLIBLE   ops=108 proxy read=—ms compute=—ms
   cells= 8 pools=1 named-taker      FALLIBLE   ops=117 proxy read=—ms compute=—ms
   cells= 8 pools=1 floating-surplus FALLIBLE   ops=108 proxy read=—ms compute=—ms
   cells=16 pools=1 named-taker      FALLIBLE   ops=117 proxy read=—ms compute=—ms
   cells=16 pools=1 floating-surplus FALLIBLE   ops=108 proxy read=—ms compute=—ms

## arm-d-unified (d) — arm (d) unified per-account coin map
   cells= 1 pools=1 named-taker      GUARANTEED ops= 98 proxy read=2.652ms compute=5.590ms
   cells= 1 pools=1 floating-surplus GUARANTEED ops= 89 proxy read=2.652ms compute=5.482ms
   cells= 2 pools=1 named-taker      GUARANTEED ops= 98 proxy read=3.672ms compute=6.814ms
   cells= 2 pools=1 floating-surplus GUARANTEED ops= 89 proxy read=3.672ms compute=6.706ms
   cells= 4 pools=1 named-taker      FALLIBLE   ops= 98 proxy read=—ms compute=—ms
   cells= 4 pools=1 floating-surplus FALLIBLE   ops= 89 proxy read=—ms compute=—ms
   cells= 8 pools=1 named-taker      FALLIBLE   ops= 98 proxy read=—ms compute=—ms
   cells= 8 pools=1 floating-surplus FALLIBLE   ops= 89 proxy read=—ms compute=—ms
   cells=16 pools=1 named-taker      FALLIBLE   ops= 98 proxy read=—ms compute=—ms
   cells=16 pools=1 floating-surplus FALLIBLE   ops= 89 proxy read=—ms compute=—ms

## arm-e-escrow (e) — arm (e) two-phase escrow Cell
   cells= 1 pools=1 named-taker      GUARANTEED ops= 64 proxy read=1.530ms compute=3.927ms
   cells= 1 pools=1 floating-surplus GUARANTEED ops= 55 proxy read=1.530ms compute=3.819ms
   cells= 2 pools=1 named-taker      GUARANTEED ops= 64 proxy read=1.632ms compute=4.029ms
   cells= 2 pools=1 floating-surplus GUARANTEED ops= 55 proxy read=1.632ms compute=3.921ms
   cells= 4 pools=1 named-taker      GUARANTEED ops= 64 proxy read=1.632ms compute=4.495ms
   cells= 4 pools=1 floating-surplus GUARANTEED ops= 55 proxy read=1.632ms compute=4.386ms
   cells= 8 pools=1 named-taker      GUARANTEED ops= 64 proxy read=1.632ms compute=4.495ms
   cells= 8 pools=1 floating-surplus GUARANTEED ops= 55 proxy read=1.632ms compute=4.386ms
   cells=16 pools=1 named-taker      GUARANTEED ops= 64 proxy read=1.632ms compute=4.029ms
   cells=16 pools=1 floating-surplus GUARANTEED ops= 55 proxy read=1.632ms compute=3.921ms

wrote /Users/edwardalvarado/todo/AA/experiments/00006-unbalanced-zswap/evidence/g5-mitigation/offline-sweep.json and OFFLINE-SWEEP.md
