#0 building with "default" instance using docker driver

#1 [internal] load build definition from compactc.Dockerfile
#1 transferring dockerfile: 2.54kB done
#1 DONE 0.0s

#2 [internal] load metadata for docker.io/library/alpine:3.22
#2 DONE 0.0s

#3 [internal] load .dockerignore
#3 transferring context:
#3 transferring context: 2B done
#3 DONE 0.0s

#4 [1/4] FROM docker.io/library/alpine:3.22@sha256:14358309a308569c32bdc37e2e0e9694be33a9d99e68afb0f5ff33cc1f695dce
#4 resolve docker.io/library/alpine:3.22@sha256:14358309a308569c32bdc37e2e0e9694be33a9d99e68afb0f5ff33cc1f695dce done
#4 CACHED

#5 [2/4] RUN apk add --no-cache libstdc++ libgcc unzip curl bash
#5 0.128 fetch https://dl-cdn.alpinelinux.org/alpine/v3.22/main/aarch64/APKINDEX.tar.gz
#5 0.495 fetch https://dl-cdn.alpinelinux.org/alpine/v3.22/community/aarch64/APKINDEX.tar.gz
#5 0.902 (1/16) Installing ncurses-terminfo-base (6.5_p20250503-r0)
#5 0.915 (2/16) Installing libncursesw (6.5_p20250503-r0)
#5 0.931 (3/16) Installing readline (8.2.13-r1)
#5 0.944 (4/16) Installing bash (5.2.37-r0)
#5 0.971 Executing bash-5.2.37-r0.post-install
#5 0.974 (5/16) Installing brotli-libs (1.1.0-r2)
#5 0.991 (6/16) Installing c-ares (1.34.8-r0)
#5 1.004 (7/16) Installing libunistring (1.3-r0)
#5 1.023 (8/16) Installing libidn2 (2.3.7-r0)
#5 1.036 (9/16) Installing nghttp2-libs (1.69.0-r0)
#5 1.048 (10/16) Installing libpsl (0.21.5-r3)
#5 1.061 (11/16) Installing zstd-libs (1.5.7-r0)
#5 1.077 (12/16) Installing libcurl (8.14.1-r3)
#5 1.091 (13/16) Installing curl (8.14.1-r3)
#5 1.104 (14/16) Installing libgcc (14.2.0-r6)
#5 1.114 (15/16) Installing libstdc++ (14.2.0-r6)
#5 1.136 (16/16) Installing unzip (6.0-r15)
#5 1.149 Executing busybox-1.37.0-r20.trigger
#5 1.152 OK: 20 MiB in 32 packages
#5 DONE 1.3s

#6 [3/4] RUN set -eux;     curl -sSL -o /tmp/compactc.zip "https://github.com/LFDT-Minokawa/compact/releases/download/compactc-v0.33.0-rc.2/compactc_v0.33.0-rc.2_aarch64-unknown-linux-musl.zip";     echo "3aa23812b0b086dbce07da3931a40dcb01bec9676b1ceed7f2d0be370ab2dc46  /tmp/compactc.zip" | sha256sum -c -;     mkdir -p /opt/compactc;     unzip -q /tmp/compactc.zip -d /opt/compactc;     chmod +x /opt/compactc/compactc /opt/compactc/compactc.bin /opt/compactc/zkir              /opt/compactc/zkir-v3 /opt/compactc/fixup-compact /opt/compactc/format-compact;     rm -f /tmp/compactc.zip
#6 0.137 + curl -sSL -o /tmp/compactc.zip https://github.com/LFDT-Minokawa/compact/releases/download/compactc-v0.33.0-rc.2/compactc_v0.33.0-rc.2_aarch64-unknown-linux-musl.zip
#6 1.502 + echo '3aa23812b0b086dbce07da3931a40dcb01bec9676b1ceed7f2d0be370ab2dc46  /tmp/compactc.zip'
#6 1.502 + sha256sum -c -
#6 1.604 /tmp/compactc.zip: OK
#6 1.604 + mkdir -p /opt/compactc
#6 1.605 + unzip -q /tmp/compactc.zip -d /opt/compactc
#6 1.940 + chmod +x /opt/compactc/compactc /opt/compactc/compactc.bin /opt/compactc/zkir /opt/compactc/zkir-v3 /opt/compactc/fixup-compact /opt/compactc/format-compact
#6 1.941 + rm -f /tmp/compactc.zip
#6 DONE 2.0s

#7 [4/4] WORKDIR /work
#7 DONE 0.0s

#8 exporting to image
#8 exporting layers
#8 exporting layers 1.0s done
#8 exporting manifest sha256:8c0b6107047be042a45091d17313ed72dbd767d4e00701ff85a6c0856e1d7e55
#8 exporting manifest sha256:8c0b6107047be042a45091d17313ed72dbd767d4e00701ff85a6c0856e1d7e55 done
#8 exporting config sha256:0d60f205f2709f60810a56dab9c028a0a71dab11ee9aa5384f87ac5e0898f2c0 done
#8 exporting attestation manifest sha256:18fd66fb5662de33de3643fca28ec8861eff26ba522a693339d7e72809efa0c6 done
#8 exporting manifest list sha256:ae939e5b0397e23830e9359085baf65f806f861c301180c14f17e33f11d53436 done
#8 naming to docker.io/library/aa00006-compactc-lfdt-verify:0.33.0 done
#8 unpacking to docker.io/library/aa00006-compactc-lfdt-verify:0.33.0
#8 unpacking to docker.io/library/aa00006-compactc-lfdt-verify:0.33.0 0.2s done
#8 DONE 1.2s

View build details: docker-desktop://dashboard/build/default/default/bimq3qgzwbrlwwb01r4wgllod
