# G1-SMOKE run log
started_utc: 2026-08-19T21:53:27Z
argv: ./scripts/g1/verify-g1-spikes.sh smoke
cwd: /Users/edwardalvarado/todo/AA/experiments/00006-unbalanced-zswap
host: Darwin arm64
docker: Docker version 29.1.3, build f52814d
compose: 2.40.3-desktop.1
label: EXPERIMENTAL_LANE
--- step: 01-w1-docker-config
    utc_start: 2026-08-19T21:53:27Z
    cwd: /Users/edwardalvarado/todo/AA/experiments/00006-unbalanced-zswap
    argv: step_w1
    utc_end: 2026-08-19T21:53:28Z
    duration_s: 1
    exit: 0
    output: 01-w1-docker-config.out
--- step: 02-probe-ports
    utc_start: 2026-08-19T21:53:28Z
    cwd: /Users/edwardalvarado/todo/AA/experiments/00006-unbalanced-zswap
    argv: step_probe_ports
    utc_end: 2026-08-19T21:53:28Z
    duration_s: 0
    exit: 0
    output: 02-probe-ports.out
--- step: 03-lane-reuse
    utc_start: 2026-08-19T21:53:28Z
    cwd: /Users/edwardalvarado/todo/AA/experiments/00006-unbalanced-zswap
    argv: step_lane_reuse
    utc_end: 2026-08-19T21:53:29Z
    duration_s: 1
    exit: 0
    output: 03-lane-reuse.out
--- step: 04-lane-dev-1
    utc_start: 2026-08-19T21:53:29Z
    cwd: /Users/edwardalvarado/todo/AA/experiments/00006-unbalanced-zswap
    argv: step_lane_dev_1
    utc_end: 2026-08-19T21:53:30Z
    duration_s: 1
    exit: 0
    output: 04-lane-dev-1.out
--- step: 05-compile-fast
    utc_start: 2026-08-19T21:53:30Z
    cwd: /Users/edwardalvarado/todo/AA/experiments/00006-unbalanced-zswap
    argv: step_compile_fast
    utc_end: 2026-08-19T21:53:31Z
    duration_s: 1
    exit: 0
    output: 05-compile-fast.out
--- step: 06-install
    utc_start: 2026-08-19T21:53:31Z
    cwd: /Users/edwardalvarado/todo/AA/experiments/00006-unbalanced-zswap
    argv: step_install
    utc_end: 2026-08-19T21:53:31Z
    duration_s: 0
    exit: 0
    output: 06-install.out
--- step: 07-compile-zk
    utc_start: 2026-08-19T21:53:31Z
    cwd: /Users/edwardalvarado/todo/AA/experiments/00006-unbalanced-zswap
    argv: step_compile_zk
    utc_end: 2026-08-19T21:54:30Z
    duration_s: 59
    exit: 0
    output: 07-compile-zk.out
--- step: 08-typecheck
    utc_start: 2026-08-19T21:54:30Z
    cwd: /Users/edwardalvarado/todo/AA/experiments/00006-unbalanced-zswap
    argv: step_typecheck
    utc_end: 2026-08-19T21:54:32Z
    duration_s: 2
    exit: 0
    output: 08-typecheck.out
--- step: 09-pull
    utc_start: 2026-08-19T21:54:32Z
    cwd: /Users/edwardalvarado/todo/AA/experiments/00006-unbalanced-zswap
    argv: step_pull
    utc_end: 2026-08-19T21:54:34Z
    duration_s: 2
    exit: 0
    output: 09-pull.out
--- step: 10-boot
    utc_start: 2026-08-19T21:54:34Z
    cwd: /Users/edwardalvarado/todo/AA/experiments/00006-unbalanced-zswap
    argv: step_boot
    utc_end: 2026-08-19T21:54:44Z
    duration_s: 10
    exit: 0
    output: 10-boot.out
--- step: 11-health
    utc_start: 2026-08-19T21:54:44Z
    cwd: /Users/edwardalvarado/todo/AA/experiments/00006-unbalanced-zswap
    argv: step_health
    utc_end: 2026-08-19T21:54:46Z
    duration_s: 2
    exit: 0
    output: 11-health.out
--- step: 12-wallets
    utc_start: 2026-08-19T21:54:46Z
    cwd: /Users/edwardalvarado/todo/AA/experiments/00006-unbalanced-zswap
    argv: step_wallets
    utc_end: 2026-08-19T21:54:52Z
    duration_s: 6
    exit: 0
    output: 12-wallets.out
--- step: 13-funding
    utc_start: 2026-08-19T21:54:52Z
    cwd: /Users/edwardalvarado/todo/AA/experiments/00006-unbalanced-zswap
    argv: step_funding
    utc_end: 2026-08-19T21:56:19Z
    duration_s: 87
    exit: 0
    output: 13-funding.out
--- step: 14-record-lane
    utc_start: 2026-08-19T21:56:19Z
    cwd: /Users/edwardalvarado/todo/AA/experiments/00006-unbalanced-zswap
    argv: step_record_lane
    utc_end: 2026-08-19T21:56:19Z
    duration_s: 0
    exit: 0
    output: 14-record-lane.out
--- teardown
    utc: 2026-08-19T21:56:19Z
    argv: docker compose --env-file /Users/edwardalvarado/todo/AA/experiments/00006-unbalanced-zswap/docker/.env -f /Users/edwardalvarado/todo/AA/experiments/00006-unbalanced-zswap/docker/compose.yml down -v --remove-orphans && stack_assert_clean aa00006-g1-20260819215327-45307 && w1_cleanup
    exit: 0
finished_utc: 2026-08-19T21:56:20Z
final_exit: 0
