# SPIKE S5b — how much custody state still allows a PUBLISHABLE offer? — EXPERIMENTAL_LANE / LANE-DEV-1 — 2026-08-20T14:27:42.575Z
[2026-08-20T14:27:42.652Z] wallets open; syncing genesis …
2026-08-20 10:27:42        RPC-CORE: subscribeRuntimeVersion(): RuntimeVersion:: disconnected from ws://127.0.0.1:13884/: 1000:: Normal Closure
2026-08-20 10:27:42        RPC-CORE: subscribeRuntimeVersion(): RuntimeVersion:: disconnected from ws://127.0.0.1:13884/: 1000:: Normal Closure
2026-08-20 10:27:43        RPC-CORE: subscribeRuntimeVersion(): RuntimeVersion:: disconnected from ws://127.0.0.1:13884/: 1000:: Normal Closure
2026-08-20 10:27:43        RPC-CORE: subscribeRuntimeVersion(): RuntimeVersion:: disconnected from ws://127.0.0.1:13884/: 1000:: Normal Closure
[2026-08-20T14:27:43.321Z] genesis: NIGHT=248000000000000 DUST=0 utxos=5 unregisteredNightUtxos=0
[2026-08-20T14:27:43.329Z]   funding feePayer with 2000000000000 NIGHT from genesis
[2026-08-20T14:28:01.696Z]   submitted tx 009beda1d0629975cf2a008f4da2538162c0ae40341db29825da619918fbc55ce3 (hash 3ef73879123b1386240538fb5490caa02aa135073d892aa6e969f1220ad27926)
[2026-08-20T14:28:01.697Z]   waiting for feePayer NIGHT to arrive …
[2026-08-20T14:28:01.814Z]   waiting for genesis to observe its own spend (NIGHT at or below 246000000000000) …
[2026-08-20T14:28:15.283Z]   feePayer: NIGHT already registered for DUST
2026-08-20 10:28:15        RPC-CORE: subscribeRuntimeVersion(): RuntimeVersion:: disconnected from ws://127.0.0.1:13884/: 1000:: Normal Closure
2026-08-20 10:28:15        RPC-CORE: subscribeRuntimeVersion(): RuntimeVersion:: disconnected from ws://127.0.0.1:13884/: 1000:: Normal Closure
[2026-08-20T14:28:15.633Z]   funding OwnerN-funding with 400000000000 NIGHT from feePayer
[2026-08-20T14:28:31.117Z]   submitted tx 00a1bbb3abd92b09a3189e8758d2c11a9a4b15869e23b8603f3aaf9a26024be76e (hash 4bf5aeb6c12814226e10ec5249a42c9e52b37db684d0a646d3c6c7b4ed446d4e)
[2026-08-20T14:28:31.117Z]   waiting for OwnerN-funding NIGHT to arrive …
[2026-08-20T14:28:31.245Z]   waiting for feePayer to observe its own spend (NIGHT at or below 2400000000000) …
[2026-08-20T14:28:40.853Z]   OwnerN-funding: NIGHT already registered for DUST
2026-08-20 10:28:41        RPC-CORE: subscribeRuntimeVersion(): RuntimeVersion:: disconnected from ws://127.0.0.1:13884/: 1000:: Normal Closure
2026-08-20 10:28:41        RPC-CORE: subscribeRuntimeVersion(): RuntimeVersion:: disconnected from ws://127.0.0.1:13884/: 1000:: Normal Closure
[2026-08-20T14:28:46.454Z]   funding OwnerT-funding with 400000000000 NIGHT from feePayer
[2026-08-20T14:29:01.883Z]   submitted tx 000f25283390c1e492b4651140ed7f07cc8ee60dc9c0eda56c9dfe01b50ba4cb4f (hash 2f14a85cdc47914e6eb651d338011d8993508fbe884b7e1e5b19eb06f21abf5b)
[2026-08-20T14:29:01.884Z]   waiting for OwnerT-funding NIGHT to arrive …
[2026-08-20T14:29:02.065Z]   waiting for feePayer to observe its own spend (NIGHT at or below 2000000000000) …
[2026-08-20T14:29:14.206Z]   OwnerT-funding: NIGHT already registered for DUST
2026-08-20 10:29:14        RPC-CORE: subscribeRuntimeVersion(): RuntimeVersion:: disconnected from ws://127.0.0.1:13884/: 1000:: Normal Closure
2026-08-20 10:29:14        RPC-CORE: subscribeRuntimeVersion(): RuntimeVersion:: disconnected from ws://127.0.0.1:13884/: 1000:: Normal Closure
[2026-08-20T14:29:14.576Z] deploying Manager v3 (UNCHANGED from 00005) …
[2026-08-20T14:29:32.469Z]   Manager at 35167ae909d954cffd3dca399f0284533986f7de74586abff73be9b7f89ca4cc
[2026-08-20T14:30:08.531Z] AA_A 009a77de97356f5caec09a9f582208d448e7ea81404d0a8501f077a032e4ce4b / AA_B 755f593682390c58ac90759406d756ebbd86b44825f753a59389d44266da2904 registered; custody maps {"pools":0,"shieldedCells":0,"unshieldedCells":0}
2026-08-20 10:30:08        RPC-CORE: subscribeRuntimeVersion(): RuntimeVersion:: disconnected from ws://127.0.0.1:13884/: 1000:: Normal Closure
2026-08-20 10:30:08        RPC-CORE: subscribeRuntimeVersion(): RuntimeVersion:: disconnected from ws://127.0.0.1:13884/: 1000:: Normal Closure
[2026-08-20T14:30:08.984Z]   funding OwnerA-funding with 400000000000 NIGHT from feePayer
[2026-08-20T14:30:24.841Z]   submitted tx 00368344f78744e7a2ee7600636d7f6559b6c2f88343c3146e3a2a3bf2b88265f3 (hash 0037fde1ff9757926548a5c151f564e50038bf3bb2290239261dd60507460b66)
[2026-08-20T14:30:24.841Z]   waiting for OwnerA-funding NIGHT to arrive …
[2026-08-20T14:30:25.035Z]   waiting for feePayer to observe its own spend (NIGHT at or below 1600000000000) …
[2026-08-20T14:30:44.048Z]   OwnerA-funding: NIGHT already registered for DUST
2026-08-20 10:30:44        RPC-CORE: subscribeRuntimeVersion(): RuntimeVersion:: disconnected from ws://127.0.0.1:13884/: 1000:: Normal Closure
2026-08-20 10:30:44        RPC-CORE: subscribeRuntimeVersion(): RuntimeVersion:: disconnected from ws://127.0.0.1:13884/: 1000:: Normal Closure
[2026-08-20T14:30:44.487Z] maker OwnerA open (funded + DUST-registered on purpose, so "paid no fees" means something)
[2026-08-20T14:30:44.487Z] deploying Minter1 (TOKG) …
[2026-08-20T14:31:38.091Z]   Minter1 at fbfbe7085039ba92b0032b4a0ca6365bcbe8447f4a7e18bb9d8f07a0775e20a9: shielded 7f9127ce6a3dac71200cb63402ed47536a60680be8023c9f2fb0a8ffde3cf187 / unshielded 378a8f1ffa6ec7df4b71f47ee38d70a23aacebd1e74578a836591ba96a6550a2
[2026-08-20T14:31:55.807Z] minted 40 G (7f9127ce6a3d…) in 00cbe7121a5975e8a292179b4f2958b73ae036b580b5ea8e363f3eabc8d91b4b1c
2026-08-20 10:31:56        RPC-CORE: subscribeRuntimeVersion(): RuntimeVersion:: disconnected from ws://127.0.0.1:13884/: 1000:: Normal Closure
2026-08-20 10:31:56        RPC-CORE: subscribeRuntimeVersion(): RuntimeVersion:: disconnected from ws://127.0.0.1:13884/: 1000:: Normal Closure
[2026-08-20T14:31:56.279Z]   waiting for OwnerN-g-a-spender-1 to see 8 of shielded 7f9127ce6a3d… before spending it …
[2026-08-20T14:32:19.883Z] OwnerN-g-a deposited 8 G into custody in 0000c887f4a8440f4436213a8879c63dcc3f0603f9245251f0e1e7c8288c135450

## step 1 — deposit 8 G to AA_A — the state S4/S6 published from (pools 1, shielded cells 1)
[2026-08-20T14:32:21.943Z] deploying Minter2 (TOKW1) …
[2026-08-20T14:33:14.405Z]   Minter2 at 02de23d38b308a5c74de422c89458a4295902a1655f06dd6fca931b1ee508864: shielded 2ae30036ca89de9455eb7c5cdb96514bc9a48f577fb04bd1fbfe1fa658fced32 / unshielded d5e1094da3a43fa9f32be18c5a7a5fb29b938255ce4f4dd99ea6572772201680
[2026-08-20T14:33:14.411Z] maker[named-taker]: building openSwapShielded(give 1 of 7f9127ce6a3d…, want 1 of 2ae30036ca89…)
[2026-08-20T14:33:14.545Z] maker[named-taker]: proving — the LAST thing the maker does (no balance, no dust, no submit)
[2026-08-20T14:33:22.483Z] maker[named-taker]: offer proven in 7935 ms; 26820 bytes, sha256 4016ff7f379e6316…; imbalances(0) = {"shielded:2ae30036ca89de9455eb7c5cdb96514bc9a48f577fb04bd1fbfe1fa658fced32":"-1"}
[2026-08-20T14:33:22.483Z]   named-taker: GUARANTEED — publishable; imbalances(0) = {"shielded:2ae30036ca89de9455eb7c5cdb96514bc9a48f577fb04bd1fbfe1fa658fced32":"-1"}; fallible segments []
[2026-08-20T14:33:22.488Z] deploying Minter3 (TOKW2) …
[2026-08-20T14:34:14.571Z]   Minter3 at 78fc0d3719f31c9a3096d2723aef7c24c19c4f31712d644009ad54137e535cf7: shielded 3b2730fb9e69a661595904d1e7a0e67f15c1f7ffa9bb281c339b7a68d5e1b736 / unshielded 9c7b5fc2596aff2c4b3b06488f8b410bf7b54b46502f84bddb20afbcc02d59c0
[2026-08-20T14:34:14.572Z] maker[floating-surplus]: building openSwapShielded(give 1 of 7f9127ce6a3d…, want 1 of 3b2730fb9e69…)
[2026-08-20T14:34:14.676Z] maker[floating-surplus]: proving — the LAST thing the maker does (no balance, no dust, no submit)
[2026-08-20T14:34:22.192Z] maker[floating-surplus]: offer proven in 7515 ms; 21581 bytes, sha256 1f8d19fe3250c69b…; imbalances(0) = {"shielded:3b2730fb9e69a661595904d1e7a0e67f15c1f7ffa9bb281c339b7a68d5e1b736":"-1","shielded:7f9127ce6a3dac71200cb63402ed47536a60680be8023c9f2fb0a8ffde3cf187":"1"}
[2026-08-20T14:34:22.192Z]   floating-surplus: GUARANTEED — publishable; imbalances(0) = {"shielded:3b2730fb9e69a661595904d1e7a0e67f15c1f7ffa9bb281c339b7a68d5e1b736":"-1","shielded:7f9127ce6a3dac71200cb63402ed47536a60680be8023c9f2fb0a8ffde3cf187":"1"}; fallible segments []
2026-08-20 10:34:22        RPC-CORE: subscribeRuntimeVersion(): RuntimeVersion:: disconnected from ws://127.0.0.1:13884/: 1000:: Normal Closure
2026-08-20 10:34:22        RPC-CORE: subscribeRuntimeVersion(): RuntimeVersion:: disconnected from ws://127.0.0.1:13884/: 1000:: Normal Closure
[2026-08-20T14:34:22.606Z]   waiting for OwnerN-g-b-spender-2 to see 2 of shielded 7f9127ce6a3d… before spending it …
[2026-08-20T14:34:49.621Z] OwnerN-g-b deposited 2 G into custody in 0031ea9071954eebe88f123e416de12d3d6f5276bb467e1555d857acb568b3c4cf

## step 2 — deposit 2 G to AA_B — ONE MORE CELL, pool count unchanged (pools 1, shielded cells 2)
[2026-08-20T14:34:51.668Z] deploying Minter4 (TOKW3) …
[2026-08-20T14:35:44.140Z]   Minter4 at 34a67eac54618e92192eab1da2e44e49c1230e847db773814ee5d25d3090d909: shielded 90bce180f48f7c7b3188535387359e59067b5461b320b65dc8be239acd94073f / unshielded 6fe4624e944cbc3b71bf42d740bb4b5d31587396a7db39386a91c11fdaca64b5
[2026-08-20T14:35:44.146Z] maker[named-taker]: building openSwapShielded(give 1 of 7f9127ce6a3d…, want 1 of 90bce180f48f…)
[2026-08-20T14:35:44.287Z] maker[named-taker]: proving — the LAST thing the maker does (no balance, no dust, no submit)
[2026-08-20T14:35:52.125Z] maker[named-taker]: offer proven in 7835 ms; 26869 bytes, sha256 61a027d3295bdc59…; imbalances(0) = {}
[2026-08-20T14:35:52.126Z]   named-taker: FALLIBLE — NOT publishable; imbalances(0) = {}; fallible segments [18582]
[2026-08-20T14:35:52.128Z] deploying Minter5 (TOKW4) …
[2026-08-20T14:36:44.357Z]   Minter5 at bdde9a45329fc551c5cf447c20d65b2f9b579826df179c126cf02e989e0f52f0: shielded b8b84cf09f2657bdf4ea23ea6a43b26f3cdd64397ccb344153ce2dee1ccdc59d / unshielded 2b08fba008380862beb852214321263bd3a8b7159cc5dfce208723ea46d3d2ae
[2026-08-20T14:36:44.359Z] maker[floating-surplus]: building openSwapShielded(give 1 of 7f9127ce6a3d…, want 1 of b8b84cf09f26…)
[2026-08-20T14:36:44.492Z] maker[floating-surplus]: proving — the LAST thing the maker does (no balance, no dust, no submit)
[2026-08-20T14:36:51.818Z] maker[floating-surplus]: offer proven in 7324 ms; 21631 bytes, sha256 c62ba9cf02868e2d…; imbalances(0) = {}
[2026-08-20T14:36:51.819Z]   floating-surplus: FALLIBLE — NOT publishable; imbalances(0) = {}; fallible segments [4460]
[2026-08-20T14:36:51.821Z] deploying Minter6 (TOKF1) …
[2026-08-20T14:37:44.509Z]   Minter6 at 347759db05a91976ac4114a9c04c06f8f8bf4a1337ea368d76ecaa03cf2a59c7: shielded 8c247a5652766782d8223f1dbbddabe0d70f41190df5b114bd7e647a864d05f4 / unshielded a2e00ce9ca9de0cf2ad3423836ee51c64c6d60b161baa832b517c0c3c08e514d
[2026-08-20T14:38:00.866Z] minted 6 F1 (8c247a565276…) in 0008cf766df5296f428b595c6a2fac05b3f0393857b258dbcab06c32c923ebdce4
2026-08-20 10:38:01        RPC-CORE: subscribeRuntimeVersion(): RuntimeVersion:: disconnected from ws://127.0.0.1:13884/: 1000:: Normal Closure
2026-08-20 10:38:01        RPC-CORE: subscribeRuntimeVersion(): RuntimeVersion:: disconnected from ws://127.0.0.1:13884/: 1000:: Normal Closure
[2026-08-20T14:38:01.355Z]   waiting for OwnerN-f1-spender-3 to see 2 of shielded 8c247a565276… before spending it …
[2026-08-20T14:38:24.940Z] OwnerN-f1 deposited 2 F1 into custody in 0097d345d4d78cbb734b32951a1b591b08b84a3ab27b211e207f2efbad63bcc78e

## step 3 — deposit 2 F1 to AA_A — ONE MORE POOL (pools 2, shielded cells 3)
[2026-08-20T14:38:27.006Z] deploying Minter7 (TOKW5) …
[2026-08-20T14:39:20.807Z]   Minter7 at 7d55e1bef6354eb5a82e3a2a99c4e85fa8893abd8d41301ddf7fd86fd8467a65: shielded 75b9f0c7e146ef8ea76a5c4770dc5bc000460f6b5d094c7710a583aadc16c13f / unshielded 51c801a4d615465b700976d9da9c6995bb66071e0600588f6ca5fcd07d1d321a
[2026-08-20T14:39:20.811Z] maker[named-taker]: building openSwapShielded(give 1 of 7f9127ce6a3d…, want 1 of 75b9f0c7e146…)
[2026-08-20T14:39:20.946Z] maker[named-taker]: proving — the LAST thing the maker does (no balance, no dust, no submit)
[2026-08-20T14:39:28.893Z] maker[named-taker]: offer proven in 7943 ms; 26927 bytes, sha256 719f1e0a5f3ca2a1…; imbalances(0) = {}
[2026-08-20T14:39:28.894Z]   named-taker: FALLIBLE — NOT publishable; imbalances(0) = {}; fallible segments [34847]
[2026-08-20T14:39:28.896Z] deploying Minter8 (TOKW6) …
[2026-08-20T14:40:26.342Z]   Minter8 at c5ca9e450e81241378f1e631d32bb023100525b71fb5c2df744b5b2b0574ad4a: shielded 741e28ac061dc1b4618aaf6e43f498cac36b04045b0f776dc977fa8770750e32 / unshielded ef0e5e0c2ce428ebeb240f43d3b7ac8ff0f8e578cabfc3b8a0862758711d81c3
[2026-08-20T14:40:26.344Z] maker[floating-surplus]: building openSwapShielded(give 1 of 7f9127ce6a3d…, want 1 of 741e28ac061d…)
[2026-08-20T14:40:26.471Z] maker[floating-surplus]: proving — the LAST thing the maker does (no balance, no dust, no submit)
[2026-08-20T14:40:33.706Z] maker[floating-surplus]: offer proven in 7233 ms; 21630 bytes, sha256 9e51ed6f68c1e441…; imbalances(0) = {}
[2026-08-20T14:40:33.706Z]   floating-surplus: FALLIBLE — NOT publishable; imbalances(0) = {}; fallible segments [42032]
[2026-08-20T14:40:33.709Z] deploying Minter9 (TOKF2) …
[2026-08-20T14:41:26.516Z]   Minter9 at ef3202293efbe1185af126fabc9e97493806289d81d5a727e4faf45cee849f75: shielded 96b688841c1231d4062965adaf199813bb9f45b6b9d2bfa7d17a076a9976aa59 / unshielded e56b96af5ec00457d93a3241d838fee54b40b5c030a807fd11d47231dba53eb8
[2026-08-20T14:41:42.876Z] minted 6 F2 (96b688841c12…) in 008c6a426d81e2bc38afab3db3bef529dbc3bd8c05ad1fd83c40365780d3dc20f3
2026-08-20 10:41:43        RPC-CORE: subscribeRuntimeVersion(): RuntimeVersion:: disconnected from ws://127.0.0.1:13884/: 1000:: Normal Closure
2026-08-20 10:41:43        RPC-CORE: subscribeRuntimeVersion(): RuntimeVersion:: disconnected from ws://127.0.0.1:13884/: 1000:: Normal Closure
[2026-08-20T14:41:43.409Z]   waiting for OwnerN-f2-spender-4 to see 2 of shielded 96b688841c12… before spending it …
[2026-08-20T14:42:06.941Z] OwnerN-f2 deposited 2 F2 into custody in 00152b881719d4bea11b6e217c9f00eeaa70a20bf5bbdd981b8796950e2e3d6855

## step 4 — deposit 2 F2 to AA_A — ONE MORE POOL (pools 3, shielded cells 4)
[2026-08-20T14:42:08.996Z] deploying Minter10 (TOKW7) …
[2026-08-20T14:43:02.793Z]   Minter10 at 7c38e4e277927c534d1a7a70e9a22280f05dbac9f0bb12628ac48a06324df41c: shielded cd34a495249c3ddd0795b8d4afe34835f72d806606026c1e5df88144dbb90b1f / unshielded 4bdc70b492f7ecce4ee7809574052ab03615029f6fb7c417e61f7f724a728a9f
[2026-08-20T14:43:02.799Z] maker[named-taker]: building openSwapShielded(give 1 of 7f9127ce6a3d…, want 1 of cd34a495249c…)
[2026-08-20T14:43:02.933Z] maker[named-taker]: proving — the LAST thing the maker does (no balance, no dust, no submit)
[2026-08-20T14:43:10.381Z] maker[named-taker]: offer proven in 7445 ms; 26869 bytes, sha256 d38b44a8768d3977…; imbalances(0) = {}
[2026-08-20T14:43:10.383Z]   named-taker: FALLIBLE — NOT publishable; imbalances(0) = {}; fallible segments [11174]
[2026-08-20T14:43:10.384Z] deploying Minter11 (TOKW8) …
[2026-08-20T14:44:02.959Z]   Minter11 at 930706f25f05332ad592f3d2452da0f10aca80c4da9885463e6f2cd124112414: shielded 1dcae9fb52732bcaa974ffcffab3ecfa8e4b65eef0bbe94a1336f08b13d22eff / unshielded 38ba6490aac4f102b70bde0562da1b1270a0c8d52bb416b778b39707147c4064
[2026-08-20T14:44:02.961Z] maker[floating-surplus]: building openSwapShielded(give 1 of 7f9127ce6a3d…, want 1 of 1dcae9fb5273…)
[2026-08-20T14:44:03.083Z] maker[floating-surplus]: proving — the LAST thing the maker does (no balance, no dust, no submit)
[2026-08-20T14:44:09.937Z] maker[floating-surplus]: offer proven in 6852 ms; 21631 bytes, sha256 9bfe3b910f54e282…; imbalances(0) = {}
[2026-08-20T14:44:09.939Z]   floating-surplus: FALLIBLE — NOT publishable; imbalances(0) = {}; fallible segments [49317]

## S5b: MEASURED — the publishability boundary lies between step 1 (pools 1, cells 1) and step 2 (pools 1, cells 2)
