# G2 run log
started_utc: 2026-08-20T14:13:45Z
argv: ./scripts/g2/verify-g2-contracts.sh full
cwd: /var/folders/_l/btc7vkzx59j_4tmlx2h02c600000gn/T/aa00006-g4-88MwCz/clone
host: Darwin arm64
docker: Docker version 29.1.3, build f52814d
compose: 2.40.3-desktop.1
label: EXPERIMENTAL_LANE
--- step: 01-w1-docker-config
    utc_start: 2026-08-20T14:13:45Z
    cwd: /var/folders/_l/btc7vkzx59j_4tmlx2h02c600000gn/T/aa00006-g4-88MwCz/clone
    argv: step_w1
    utc_end: 2026-08-20T14:13:46Z
    duration_s: 1
    exit: 0
    output: 01-w1-docker-config.out
--- step: 02-probe-ports
    utc_start: 2026-08-20T14:13:46Z
    cwd: /var/folders/_l/btc7vkzx59j_4tmlx2h02c600000gn/T/aa00006-g4-88MwCz/clone
    argv: step_probe_ports
    utc_end: 2026-08-20T14:13:46Z
    duration_s: 0
    exit: 0
    output: 02-probe-ports.out
--- step: 03-lane-reuse
    utc_start: 2026-08-20T14:13:46Z
    cwd: /var/folders/_l/btc7vkzx59j_4tmlx2h02c600000gn/T/aa00006-g4-88MwCz/clone
    argv: step_lane_reuse
    utc_end: 2026-08-20T14:13:47Z
    duration_s: 1
    exit: 0
    output: 03-lane-reuse.out
--- step: 04-lane-dev-1
    utc_start: 2026-08-20T14:13:47Z
    cwd: /var/folders/_l/btc7vkzx59j_4tmlx2h02c600000gn/T/aa00006-g4-88MwCz/clone
    argv: step_lane_dev_1
    utc_end: 2026-08-20T14:13:47Z
    duration_s: 0
    exit: 0
    output: 04-lane-dev-1.out
--- step: 05-compile-fast
    utc_start: 2026-08-20T14:13:47Z
    cwd: /var/folders/_l/btc7vkzx59j_4tmlx2h02c600000gn/T/aa00006-g4-88MwCz/clone
    argv: step_compile_fast
    utc_end: 2026-08-20T14:13:49Z
    duration_s: 2
    exit: 0
    output: 05-compile-fast.out
--- step: 06-install
    utc_start: 2026-08-20T14:13:49Z
    cwd: /var/folders/_l/btc7vkzx59j_4tmlx2h02c600000gn/T/aa00006-g4-88MwCz/clone
    argv: step_install
    utc_end: 2026-08-20T14:13:49Z
    duration_s: 0
    exit: 0
    output: 06-install.out
--- step: 07-unit-suites
    utc_start: 2026-08-20T14:13:49Z
    cwd: /var/folders/_l/btc7vkzx59j_4tmlx2h02c600000gn/T/aa00006-g4-88MwCz/clone
    argv: step_unit_suites
    utc_end: 2026-08-20T14:13:51Z
    duration_s: 2
    exit: 0
    output: 07-unit-suites.out
--- step: 08-typecheck
    utc_start: 2026-08-20T14:13:51Z
    cwd: /var/folders/_l/btc7vkzx59j_4tmlx2h02c600000gn/T/aa00006-g4-88MwCz/clone
    argv: step_typecheck
    utc_end: 2026-08-20T14:13:53Z
    duration_s: 2
    exit: 0
    output: 08-typecheck.out
--- step: 09-compile-zk
    utc_start: 2026-08-20T14:13:53Z
    cwd: /var/folders/_l/btc7vkzx59j_4tmlx2h02c600000gn/T/aa00006-g4-88MwCz/clone
    argv: step_compile_zk
    utc_end: 2026-08-20T14:15:12Z
    duration_s: 79
    exit: 0
    output: 09-compile-zk.out
--- step: 10-pull
    utc_start: 2026-08-20T14:15:12Z
    cwd: /var/folders/_l/btc7vkzx59j_4tmlx2h02c600000gn/T/aa00006-g4-88MwCz/clone
    argv: step_pull
    utc_end: 2026-08-20T14:15:14Z
    duration_s: 2
    exit: 0
    output: 10-pull.out
--- step: 11-boot
    utc_start: 2026-08-20T14:15:14Z
    cwd: /var/folders/_l/btc7vkzx59j_4tmlx2h02c600000gn/T/aa00006-g4-88MwCz/clone
    argv: step_boot
    utc_end: 2026-08-20T14:15:20Z
    duration_s: 6
    exit: 0
    output: 11-boot.out
--- step: 12-health
    utc_start: 2026-08-20T14:15:20Z
    cwd: /var/folders/_l/btc7vkzx59j_4tmlx2h02c600000gn/T/aa00006-g4-88MwCz/clone
    argv: step_health
    utc_end: 2026-08-20T14:15:22Z
    duration_s: 2
    exit: 0
    output: 12-health.out
--- step: 13-reset-spike-evidence
    utc_start: 2026-08-20T14:15:22Z
    cwd: /var/folders/_l/btc7vkzx59j_4tmlx2h02c600000gn/T/aa00006-g4-88MwCz/clone
    argv: step_reset_spike_evidence
    utc_end: 2026-08-20T14:15:22Z
    duration_s: 0
    exit: 0
    output: 13-reset-spike-evidence.out
--- step: 14-loadgate
    utc_start: 2026-08-20T14:15:22Z
    cwd: /var/folders/_l/btc7vkzx59j_4tmlx2h02c600000gn/T/aa00006-g4-88MwCz/clone
    argv: step_loadgate
    utc_end: 2026-08-20T14:15:22Z
    duration_s: 0
    exit: 0
    output: 14-loadgate.out
--- step: 15-spike-s4
    utc_start: 2026-08-20T14:15:22Z
    cwd: /var/folders/_l/btc7vkzx59j_4tmlx2h02c600000gn/T/aa00006-g4-88MwCz/clone
    argv: step_spike_s4
    utc_end: 2026-08-20T14:27:39Z
    duration_s: 737
    exit: 0
    output: 15-spike-s4.out
--- step: 17-spike-s5b
    utc_start: 2026-08-20T14:27:39Z
    cwd: /var/folders/_l/btc7vkzx59j_4tmlx2h02c600000gn/T/aa00006-g4-88MwCz/clone
    argv: step_spike_s5b
    utc_end: 2026-08-20T14:44:10Z
    duration_s: 991
    exit: 0
    output: 17-spike-s5b.out
--- step: 18-spike-s5
    utc_start: 2026-08-20T14:44:10Z
    cwd: /var/folders/_l/btc7vkzx59j_4tmlx2h02c600000gn/T/aa00006-g4-88MwCz/clone
    argv: step_spike_s5
    utc_end: 2026-08-20T15:26:32Z
    duration_s: 2542
    exit: 0
    output: 18-spike-s5.out
--- step: 19-spike-s6
    utc_start: 2026-08-20T15:26:32Z
    cwd: /var/folders/_l/btc7vkzx59j_4tmlx2h02c600000gn/T/aa00006-g4-88MwCz/clone
    argv: step_spike_s6
    utc_end: 2026-08-20T15:35:51Z
    duration_s: 559
    exit: 0
    output: 19-spike-s6.out
--- step: 20-record-artifacts
    utc_start: 2026-08-20T15:35:51Z
    cwd: /var/folders/_l/btc7vkzx59j_4tmlx2h02c600000gn/T/aa00006-g4-88MwCz/clone
    argv: step_record_artifacts
    utc_end: 2026-08-20T15:35:52Z
    duration_s: 1
    exit: 0
    output: 20-record-artifacts.out
--- step: 21-record-spikes
    utc_start: 2026-08-20T15:35:52Z
    cwd: /var/folders/_l/btc7vkzx59j_4tmlx2h02c600000gn/T/aa00006-g4-88MwCz/clone
    argv: step_record_spikes
    utc_end: 2026-08-20T15:35:53Z
    duration_s: 1
    exit: 0
    output: 21-record-spikes.out
--- teardown
    utc: 2026-08-20T15:35:53Z
    argv: docker compose --env-file /var/folders/_l/btc7vkzx59j_4tmlx2h02c600000gn/T/aa00006-g4-88MwCz/clone/docker/.env -f /var/folders/_l/btc7vkzx59j_4tmlx2h02c600000gn/T/aa00006-g4-88MwCz/clone/docker/compose.yml down -v --remove-orphans && stack_assert_clean aa00006-g2-20260820141345-69525 && w1_cleanup
    exit: 0
finished_utc: 2026-08-20T15:35:54Z
final_exit: 0
