 Container aa00006-g2-20260820061936-52237-proof-server-1  Stopping
 Container aa00006-g2-20260820061936-52237-indexer-1  Stopping
 Container aa00006-g2-20260820061936-52237-indexer-1  Stopped
 Container aa00006-g2-20260820061936-52237-indexer-1  Removing
 Container aa00006-g2-20260820061936-52237-indexer-1  Removed
 Container aa00006-g2-20260820061936-52237-node-1  Stopping
 Container aa00006-g2-20260820061936-52237-proof-server-1  Stopped
 Container aa00006-g2-20260820061936-52237-proof-server-1  Removing
 Container aa00006-g2-20260820061936-52237-proof-server-1  Removed
 Container aa00006-g2-20260820061936-52237-node-1  Stopped
 Container aa00006-g2-20260820061936-52237-node-1  Removing
 Container aa00006-g2-20260820061936-52237-node-1  Removed
 Network aa00006-g2-20260820061936-52237_default  Removing
 Volume aa00006-g2-20260820061936-52237_node-data  Removing
 Volume aa00006-g2-20260820061936-52237_node-data  Removed
 Network aa00006-g2-20260820061936-52237_default  Removed
host clean: no containers, volumes or networks named aa00006-g2-20260820061936-52237*
W-1: scratch DOCKER_CONFIG removed (/var/folders/_l/btc7vkzx59j_4tmlx2h02c600000gn/T//aa00006-dockercfg-Wxx66L)
 Container aa00006-g2-20260820081521-78328-indexer-1  Stopping
 Container aa00006-g2-20260820081521-78328-proof-server-1  Stopping
 Container aa00006-g2-20260820081521-78328-indexer-1  Stopped
 Container aa00006-g2-20260820081521-78328-indexer-1  Removing
 Container aa00006-g2-20260820081521-78328-indexer-1  Removed
 Container aa00006-g2-20260820081521-78328-node-1  Stopping
 Container aa00006-g2-20260820081521-78328-proof-server-1  Stopped
 Container aa00006-g2-20260820081521-78328-proof-server-1  Removing
 Container aa00006-g2-20260820081521-78328-proof-server-1  Removed
 Container aa00006-g2-20260820081521-78328-node-1  Stopped
 Container aa00006-g2-20260820081521-78328-node-1  Removing
 Container aa00006-g2-20260820081521-78328-node-1  Removed
 Network aa00006-g2-20260820081521-78328_default  Removing
 Volume aa00006-g2-20260820081521-78328_node-data  Removing
 Volume aa00006-g2-20260820081521-78328_node-data  Removed
 Network aa00006-g2-20260820081521-78328_default  Removed
host clean: no containers, volumes or networks named aa00006-g2-20260820081521-78328*
W-1: scratch DOCKER_CONFIG removed (/var/folders/_l/btc7vkzx59j_4tmlx2h02c600000gn/T//aa00006-dockercfg-iPrabQ)
 Container aa00006-g2-20260820091650-91678-indexer-1  Stopping
 Container aa00006-g2-20260820091650-91678-proof-server-1  Stopping
 Container aa00006-g2-20260820091650-91678-indexer-1  Stopped
 Container aa00006-g2-20260820091650-91678-indexer-1  Removing
 Container aa00006-g2-20260820091650-91678-indexer-1  Removed
 Container aa00006-g2-20260820091650-91678-node-1  Stopping
 Container aa00006-g2-20260820091650-91678-proof-server-1  Stopped
 Container aa00006-g2-20260820091650-91678-proof-server-1  Removing
 Container aa00006-g2-20260820091650-91678-proof-server-1  Removed
 Container aa00006-g2-20260820091650-91678-node-1  Stopped
 Container aa00006-g2-20260820091650-91678-node-1  Removing
 Container aa00006-g2-20260820091650-91678-node-1  Removed
 Volume aa00006-g2-20260820091650-91678_node-data  Removing
 Network aa00006-g2-20260820091650-91678_default  Removing
 Volume aa00006-g2-20260820091650-91678_node-data  Removed
 Network aa00006-g2-20260820091650-91678_default  Removed
host clean: no containers, volumes or networks named aa00006-g2-20260820091650-91678*
W-1: scratch DOCKER_CONFIG removed (/var/folders/_l/btc7vkzx59j_4tmlx2h02c600000gn/T//aa00006-dockercfg-JNRjLP)
 Container aa00006-g2-20260820141345-69525-proof-server-1  Stopping
 Container aa00006-g2-20260820141345-69525-indexer-1  Stopping
 Container aa00006-g2-20260820141345-69525-indexer-1  Stopped
 Container aa00006-g2-20260820141345-69525-indexer-1  Removing
 Container aa00006-g2-20260820141345-69525-indexer-1  Removed
 Container aa00006-g2-20260820141345-69525-node-1  Stopping
 Container aa00006-g2-20260820141345-69525-proof-server-1  Stopped
 Container aa00006-g2-20260820141345-69525-proof-server-1  Removing
 Container aa00006-g2-20260820141345-69525-proof-server-1  Removed
 Container aa00006-g2-20260820141345-69525-node-1  Stopped
 Container aa00006-g2-20260820141345-69525-node-1  Removing
 Container aa00006-g2-20260820141345-69525-node-1  Removed
 Network aa00006-g2-20260820141345-69525_default  Removing
 Volume aa00006-g2-20260820141345-69525_node-data  Removing
 Volume aa00006-g2-20260820141345-69525_node-data  Removed
 Network aa00006-g2-20260820141345-69525_default  Removed
host clean: no containers, volumes or networks named aa00006-g2-20260820141345-69525*
W-1: scratch DOCKER_CONFIG removed (/var/folders/_l/btc7vkzx59j_4tmlx2h02c600000gn/T//aa00006-dockercfg-4AZLYN)
