original   Minter/Manager: b0a96ac61f4bc71de1627657dc934b11aefab199a50dc73a115b0fcc041a28ad / 1d838367033c26ea83bcfde405851aeec45057390dd364ca6632299d6c39e183
reproduced Minter/Manager: 3f7de5d25f798768bd07f110fead5bc71b9d659c5d711fda52462a8200e9de55 / 10522fb9c3636d84d95a05d88ec6dc164cdfc965b49c200da716e336cadcca5e
transaction ids: 20 original, 20 reproduced, 0 in common
original cells:   26
reproduced cells: 26
  GREEN internal-shielded  step 3  level SDK
  GREEN internal-unshielded  step 5  level SDK
  GREEN invariant-pool-equals-accounts  step 9  level derived
  GREEN merge-pool-deposit  step 4  level SDK
  GREEN mint-shielded-account  step 1  level LEDGER
  GREEN mint-shielded-user  step 1  level SDK
  GREEN mint-unshielded-account  step 2  level LEDGER
  GREEN mint-unshielded-user  step 2  level SDK
  GREEN provenance-account-resends-shielded  step 7  level SDK
  GREEN provenance-account-resends-unshielded  step 8  level SDK
  GREEN provenance-user-resends-shielded  step 7  level SDK
  GREEN provenance-user-resends-unshielded  step 8  level SDK
  GREEN selfsend-pool-shielded  step 9  level SDK
  GREEN selfsend-pool-unshielded  step 9  level SDK
  GREEN selfsend-user-shielded  step 9  level wallet
  GREEN selfsend-user-unshielded  step 9  level wallet
  GREEN send-shielded-account-user  step 4  level SDK
  GREEN send-shielded-user-account  step 4  level SDK
  GREEN send-shielded-user-user  step 3  level wallet
  GREEN send-unshielded-account-user  step 6  level SDK
  GREEN send-unshielded-user-account  step 6  level SDK
  GREEN send-unshielded-user-user  step 5  level wallet
  GREEN split-shielded-contract-change  step 4  level SDK
  GREEN split-shielded-user-change  step 3  level wallet
  GREEN split-unshielded-partial-pool  step 6  level SDK
  GREEN split-unshielded-user-utxo  step 5  level wallet
negative-controls.json: original {'wrong-owner-witness': 'GREEN', 'unregistered-witness': 'GREEN', 'per-account-overdraw': 'GREEN', 'omitted-claim-shielded': 'GREEN', 'omitted-claim-unshielded': 'GREEN'}, reproduced {'wrong-owner-witness': 'GREEN', 'unregistered-witness': 'GREEN', 'per-account-overdraw': 'GREEN', 'omitted-claim-shielded': 'GREEN', 'omitted-claim-unshielded': 'GREEN'}
atomicity.json: original {'shielded': 'GREEN', 'unshielded': 'GREEN'}, reproduced {'shielded': 'GREEN', 'unshielded': 'GREEN'}

reproduction matches the original cell for cell, on a demonstrably different chain
