 Container aa00008_phase4_20260824_155524_32437-indexer-1 Stopping 
 Container aa00008_phase4_20260824_155524_32437-proof-server-1 Stopping 
 Container aa00008_phase4_20260824_155524_32437-plain-proof-server-1 Stopping 
 Container aa00008_phase4_20260824_155524_32437-indexer-1 Stopped 
 Container aa00008_phase4_20260824_155524_32437-indexer-1 Removing 
 Container aa00008_phase4_20260824_155524_32437-indexer-1 Removed 
 Container aa00008_phase4_20260824_155524_32437-node-1 Stopping 
 Container aa00008_phase4_20260824_155524_32437-proof-server-1 Stopped 
 Container aa00008_phase4_20260824_155524_32437-proof-server-1 Removing 
 Container aa00008_phase4_20260824_155524_32437-plain-proof-server-1 Stopped 
 Container aa00008_phase4_20260824_155524_32437-plain-proof-server-1 Removing 
 Container aa00008_phase4_20260824_155524_32437-proof-server-1 Removed 
 Container aa00008_phase4_20260824_155524_32437-node-1 Stopped 
 Container aa00008_phase4_20260824_155524_32437-node-1 Removing 
 Container aa00008_phase4_20260824_155524_32437-plain-proof-server-1 Removed 
 Container aa00008_phase4_20260824_155524_32437-node-1 Removed 
 Network aa00008_phase4_20260824_155524_32437_default Removing 
 Volume aa00008_phase4_20260824_155524_32437_node-data Removing 
 Volume aa00008_phase4_20260824_155524_32437_node-data Removed 
 Network aa00008_phase4_20260824_155524_32437_default Removed 
aa00008_phase4_20260824_155524_32437_work
aa00008_phase4_20260824_155524_32437_evidence
