# G1 Phase 4 — funding + DUST + smoke tx — EXPERIMENTAL_LANE — 2026-08-18T20:20:34.701Z
[2026-08-18T20:20:34.799Z] syncing genesis + feePayer …
2026-08-18 16:20:35        RPC-CORE: subscribeRuntimeVersion(): RuntimeVersion:: disconnected from ws://127.0.0.1:20404/: 1000:: Normal Closure
2026-08-18 16:20:35        RPC-CORE: subscribeRuntimeVersion(): RuntimeVersion:: disconnected from ws://127.0.0.1:20404/: 1000:: Normal Closure
[2026-08-18T20:20:35.300Z] genesis(before): NIGHT=250000000000000 DUST=0 utxos=5 unregisteredNightUtxos=0
2026-08-18 16:20:35        RPC-CORE: subscribeRuntimeVersion(): RuntimeVersion:: disconnected from ws://127.0.0.1:20404/: 1000:: Normal Closure
2026-08-18 16:20:35        RPC-CORE: subscribeRuntimeVersion(): RuntimeVersion:: disconnected from ws://127.0.0.1:20404/: 1000:: Normal Closure
2026-08-18 16:20:35        RPC-CORE: subscribeRuntimeVersion(): RuntimeVersion:: disconnected from ws://127.0.0.1:20404/: 1000:: Normal Closure
2026-08-18 16:20:35        RPC-CORE: subscribeRuntimeVersion(): RuntimeVersion:: disconnected from ws://127.0.0.1:20404/: 1000:: Normal Closure
[2026-08-18T20:20:35.435Z] feePayer(before): NIGHT=0 DUST=0 utxos=0 unregisteredNightUtxos=0
[2026-08-18T20:20:35.442Z]   funding feePayer with 1000000000000 NIGHT from genesis
[2026-08-18T20:20:35.458Z]   fund feePayer: attempt 1 — DUST not yet generated, waiting 15s
[2026-08-18T20:21:06.887Z]   submitted tx 004e2702a83c9d97c55c02e81f5689776eab015801fbff19108fb400c6b47a61cc (hash 803860d3a12d1e08fa94e389d1c00425207f4a8cb65392526c200291a66a78f1)
[2026-08-18T20:21:06.887Z]   waiting for feePayer NIGHT to arrive …
[2026-08-18T20:21:06.997Z]   waiting for genesis to observe its own spend (NIGHT at or below 249000000000000) …
[2026-08-18T20:22:08.100Z]   feePayer: registering 1 NIGHT utxo(s) for DUST generation
[2026-08-18T20:22:25.585Z]   feePayer: DUST registration tx 00aa77e60518524a65c3eccf933663955737050fcc41952fb079d7fdb051cbe8b7
[2026-08-18T20:22:25.585Z]   waiting for feePayer NIGHT utxos to show registeredForDustGeneration=true …
[2026-08-18T20:22:41.320Z] feePayer(registered): NIGHT=1000000000000 DUST=0 utxos=1 unregisteredNightUtxos=0
[2026-08-18T20:22:41.323Z] smoke transfer: feePayer -> OwnerN 1000000 NIGHT (fees paid from generated DUST)
[2026-08-18T20:22:41.326Z] ownerN(before): NIGHT=0 DUST=0 utxos=0 unregisteredNightUtxos=0
[2026-08-18T20:23:01.636Z]   submitted tx 00ff10228d89970af7d855034e97fcccc4fdbcd8471e6bbc07078cfb37e36361f3 (hash b0e5c29f4bf8e3b49d25ac754e6e0ac40074160b50e8cff3778b1516019c990b)
[2026-08-18T20:23:01.637Z]   waiting for OwnerN NIGHT to arrive …
[2026-08-18T20:23:01.788Z] ownerN(after): NIGHT=1000000 DUST=0 utxos=1 unregisteredNightUtxos=1

## RESULT
fund_tx:             803860d3a12d1e08fa94e389d1c00425207f4a8cb65392526c200291a66a78f1
dust_registration_tx:00aa77e60518524a65c3eccf933663955737050fcc41952fb079d7fdb051cbe8b7
smoke_tx:            b0e5c29f4bf8e3b49d25ac754e6e0ac40074160b50e8cff3778b1516019c990b
feePayer_night:      1000000000000
feePayer_dust:       0
ownerN_night:        1000000

G1 Phase 4: fee wallet funded, DUST generated, smoke transaction confirmed
