# PROBE P2 (deploy half) — EXPERIMENTAL_LANE / LANE-DEV-1 — 2026-08-18T20:23:03.977Z
[2026-08-18T20:23:03.978Z] private-state dir: /var/folders/_l/btc7vkzx59j_4tmlx2h02c600000gn/T/aa00004-p2-Jn6GZo
2026-08-18 16:23:04        RPC-CORE: subscribeRuntimeVersion(): RuntimeVersion:: disconnected from ws://127.0.0.1:20404/: 1000:: Normal Closure
2026-08-18 16:23:04        RPC-CORE: subscribeRuntimeVersion(): RuntimeVersion:: disconnected from ws://127.0.0.1:20404/: 1000:: Normal Closure
[2026-08-18T20:23:04.296Z] feePayer synced
[2026-08-18T20:23:04.297Z] deploying probe P2 with constructor tag "TOKA" (544f4b4100000000000000000000000000000000000000000000000000000000) …
[2026-08-18T20:23:20.102Z]   deployed at 206cc83afb75abab5267f6eb30f43cf868ee5604f2afd74f92f1562665ed7fb3
[2026-08-18T20:23:56.112Z]   ledger.tag        544f4b4100000000000000000000000000000000000000000000000000000000
[2026-08-18T20:23:56.112Z]   ledger.shieldedSep   650db3844b3efd66fe37d272dda6e2058f416b1d43460ca03e59e14b3a496234
[2026-08-18T20:23:56.112Z]   ledger.unshieldedSep 5e0d3c5d31890bf09dc3c472c7ba278ad6ec6d62081de31c5db3039f2f7b1a41
[2026-08-18T20:23:56.112Z]   circuit shieldedColour()   985c8615574a7fe7265a206770c8c1ab467674c69720b9fd7d52be7b0c163718
[2026-08-18T20:23:56.112Z]   circuit unshieldedColour() 5af9429f025c7bd5e8b92801de4432f8fbc2d6f23a45591bcbcc51bfbcd8b78d
[2026-08-18T20:23:56.112Z] deploying probe P2 with constructor tag "TOKB" (544f4b4200000000000000000000000000000000000000000000000000000000) …
[2026-08-18T20:24:14.898Z]   deployed at 8bb83d80d6dcb2ff2e89fde22f9c7387c51e70f2cef93fd90eb4f473c826f3f9
[2026-08-18T20:24:50.825Z]   ledger.tag        544f4b4200000000000000000000000000000000000000000000000000000000
[2026-08-18T20:24:50.825Z]   ledger.shieldedSep   a04a5901ccd61cfe08a2d7db6802d243d5c856178858c8b335432c13ca45e199
[2026-08-18T20:24:50.826Z]   ledger.unshieldedSep 8a5a704a7c3f4b6414a706980b17f38b14c8465f6d38dc1ac8e43ade36d37331
[2026-08-18T20:24:50.826Z]   circuit shieldedColour()   292f4ab1f7cf7e46591de10ac97b21e928f3eb218e499ca77ed09805283bf08a
[2026-08-18T20:24:50.826Z]   circuit unshieldedColour() c945136c72afca4f512a328822dd5ab2d0a8511aada1d31a0ad43c5ca171c257
[2026-08-18T20:24:50.826Z] pairwise colour distinctness: 6/6
[2026-08-18T20:24:50.827Z] wrote /Users/edwardalvarado/todo/AA/experiments/00004-multi-token-custody/evidence/g1-lane/probes/p2-deploy.json

## RESULT
{
  "probe": "P2 (deploy half)",
  "lane": "EXPERIMENTAL_LANE",
  "deviation": "LANE-DEV-1",
  "question": "does the pinned midnight-js v5.0.0-beta.6 deploy path accept constructor arguments, so one source deployed twice yields different colours?",
  "recorded_utc": "2026-08-18T20:24:50.826Z",
  "verdict": "PASS",
  "pairwise_colour_comparisons": 6,
  "deployments": [
    {
      "label": "TOKA",
      "tagIn": "544f4b4100000000000000000000000000000000000000000000000000000000",
      "address": "206cc83afb75abab5267f6eb30f43cf868ee5604f2afd74f92f1562665ed7fb3",
      "ledgerTag": "544f4b4100000000000000000000000000000000000000000000000000000000",
      "shieldedSep": "650db3844b3efd66fe37d272dda6e2058f416b1d43460ca03e59e14b3a496234",
      "unshieldedSep": "5e0d3c5d31890bf09dc3c472c7ba278ad6ec6d62081de31c5db3039f2f7b1a41",
      "shieldedColour": "985c8615574a7fe7265a206770c8c1ab467674c69720b9fd7d52be7b0c163718",
      "unshieldedColour": "5af9429f025c7bd5e8b92801de4432f8fbc2d6f23a45591bcbcc51bfbcd8b78d"
    },
    {
      "label": "TOKB",
      "tagIn": "544f4b4200000000000000000000000000000000000000000000000000000000",
      "address": "8bb83d80d6dcb2ff2e89fde22f9c7387c51e70f2cef93fd90eb4f473c826f3f9",
      "ledgerTag": "544f4b4200000000000000000000000000000000000000000000000000000000",
      "shieldedSep": "a04a5901ccd61cfe08a2d7db6802d243d5c856178858c8b335432c13ca45e199",
      "unshieldedSep": "8a5a704a7c3f4b6414a706980b17f38b14c8465f6d38dc1ac8e43ade36d37331",
      "shieldedColour": "292f4ab1f7cf7e46591de10ac97b21e928f3eb218e499ca77ed09805283bf08a",
      "unshieldedColour": "c945136c72afca4f512a328822dd5ab2d0a8511aada1d31a0ad43c5ca171c257"
    }
  ],
  "failures": []
}

PROBE P2 PASS — the pinned deploy path applies constructor arguments; one source, two tags, four distinct colours
