# G1 run log
started_utc: 2026-08-18T20:17:30Z
argv: ./scripts/g1/verify-g1-lane.sh 
cwd: /Users/edwardalvarado/todo/AA/experiments/00004-multi-token-custody
host: Darwin arm64
docker: Docker version 29.1.3, build f52814d
compose: 2.40.3-desktop.1
label: EXPERIMENTAL_LANE
--- step: 01-probe-ports
    utc_start: 2026-08-18T20:17:30Z
    cwd: /Users/edwardalvarado/todo/AA/experiments/00004-multi-token-custody
    argv: step_probe_ports
    utc_end: 2026-08-18T20:17:31Z
    duration_s: 1
    exit: 0
    output: 01-probe-ports.out
--- step: 02-lane-reuse
    utc_start: 2026-08-18T20:17:31Z
    cwd: /Users/edwardalvarado/todo/AA/experiments/00004-multi-token-custody
    argv: step_lane_reuse
    utc_end: 2026-08-18T20:17:31Z
    duration_s: 0
    exit: 0
    output: 02-lane-reuse.out
--- step: 03-lane-dev-1
    utc_start: 2026-08-18T20:17:31Z
    cwd: /Users/edwardalvarado/todo/AA/experiments/00004-multi-token-custody
    argv: step_lane_dev_1
    utc_end: 2026-08-18T20:17:32Z
    duration_s: 1
    exit: 0
    output: 03-lane-dev-1.out
--- step: 04-probes-compile
    utc_start: 2026-08-18T20:17:32Z
    cwd: /Users/edwardalvarado/todo/AA/experiments/00004-multi-token-custody
    argv: step_probes_compile
    utc_end: 2026-08-18T20:18:06Z
    duration_s: 34
    exit: 0
    output: 04-probes-compile.out
--- step: 05-pull
    utc_start: 2026-08-18T20:18:06Z
    cwd: /Users/edwardalvarado/todo/AA/experiments/00004-multi-token-custody
    argv: step_pull
    utc_end: 2026-08-18T20:20:17Z
    duration_s: 131
    exit: 0
    output: 05-pull.out
--- step: 06-boot
    utc_start: 2026-08-18T20:20:17Z
    cwd: /Users/edwardalvarado/todo/AA/experiments/00004-multi-token-custody
    argv: step_boot
    utc_end: 2026-08-18T20:20:25Z
    duration_s: 8
    exit: 0
    output: 06-boot.out
--- step: 07-health
    utc_start: 2026-08-18T20:20:25Z
    cwd: /Users/edwardalvarado/todo/AA/experiments/00004-multi-token-custody
    argv: step_health
    utc_end: 2026-08-18T20:20:28Z
    duration_s: 3
    exit: 0
    output: 07-health.out
--- step: 08-install
    utc_start: 2026-08-18T20:20:28Z
    cwd: /Users/edwardalvarado/todo/AA/experiments/00004-multi-token-custody
    argv: step_install
    utc_end: 2026-08-18T20:20:28Z
    duration_s: 0
    exit: 0
    output: 08-install.out
--- step: 09-wallets
    utc_start: 2026-08-18T20:20:28Z
    cwd: /Users/edwardalvarado/todo/AA/experiments/00004-multi-token-custody
    argv: step_wallets
    utc_end: 2026-08-18T20:20:33Z
    duration_s: 5
    exit: 0
    output: 09-wallets.out
--- step: 10-funding
    utc_start: 2026-08-18T20:20:33Z
    cwd: /Users/edwardalvarado/todo/AA/experiments/00004-multi-token-custody
    argv: step_funding
    utc_end: 2026-08-18T20:23:01Z
    duration_s: 148
    exit: 0
    output: 10-funding.out
--- step: 11-probe-p2
    utc_start: 2026-08-18T20:23:01Z
    cwd: /Users/edwardalvarado/todo/AA/experiments/00004-multi-token-custody
    argv: step_probe_p2
    utc_end: 2026-08-18T20:24:50Z
    duration_s: 109
    exit: 0
    output: 11-probe-p2.out
--- step: 12-record-lane
    utc_start: 2026-08-18T20:24:50Z
    cwd: /Users/edwardalvarado/todo/AA/experiments/00004-multi-token-custody
    argv: step_record_lane
    utc_end: 2026-08-18T20:24:51Z
    duration_s: 1
    exit: 0
    output: 12-record-lane.out
--- teardown
    utc: 2026-08-18T20:24:51Z
    argv: docker compose --env-file /Users/edwardalvarado/todo/AA/experiments/00004-multi-token-custody/docker/.env -f /Users/edwardalvarado/todo/AA/experiments/00004-multi-token-custody/docker/compose.yml down -v --remove-orphans
    exit: 0
finished_utc: 2026-08-18T20:24:52Z
final_exit: 0
