 Container aa00004-g1-20260818194625-3226-proof-server-1  Stopping
 Container aa00004-g1-20260818194625-3226-indexer-1  Stopping
 Container aa00004-g1-20260818194625-3226-indexer-1  Stopped
 Container aa00004-g1-20260818194625-3226-indexer-1  Removing
 Container aa00004-g1-20260818194625-3226-proof-server-1  Stopped
 Container aa00004-g1-20260818194625-3226-proof-server-1  Removing
 Container aa00004-g1-20260818194625-3226-indexer-1  Removed
 Container aa00004-g1-20260818194625-3226-node-1  Stopping
 Container aa00004-g1-20260818194625-3226-proof-server-1  Removed
 Container aa00004-g1-20260818194625-3226-node-1  Stopped
 Container aa00004-g1-20260818194625-3226-node-1  Removing
 Container aa00004-g1-20260818194625-3226-node-1  Removed
 Volume aa00004-g1-20260818194625-3226_node-data  Removing
 Network aa00004-g1-20260818194625-3226_default  Removing
 Volume aa00004-g1-20260818194625-3226_node-data  Removed
 Network aa00004-g1-20260818194625-3226_default  Removed
 Container aa00004-g1-20260818195321-6681-indexer-1  Stopping
 Container aa00004-g1-20260818195321-6681-proof-server-1  Stopping
 Container aa00004-g1-20260818195321-6681-indexer-1  Stopped
 Container aa00004-g1-20260818195321-6681-indexer-1  Removing
 Container aa00004-g1-20260818195321-6681-indexer-1  Removed
 Container aa00004-g1-20260818195321-6681-node-1  Stopping
 Container aa00004-g1-20260818195321-6681-proof-server-1  Stopped
 Container aa00004-g1-20260818195321-6681-proof-server-1  Removing
 Container aa00004-g1-20260818195321-6681-proof-server-1  Removed
 Container aa00004-g1-20260818195321-6681-node-1  Stopped
 Container aa00004-g1-20260818195321-6681-node-1  Removing
 Container aa00004-g1-20260818195321-6681-node-1  Removed
 Volume aa00004-g1-20260818195321-6681_node-data  Removing
 Network aa00004-g1-20260818195321-6681_default  Removing
 Volume aa00004-g1-20260818195321-6681_node-data  Removed
 Network aa00004-g1-20260818195321-6681_default  Removed
 Container aa00004-g1-20260818201730-16867-proof-server-1  Stopping
 Container aa00004-g1-20260818201730-16867-indexer-1  Stopping
 Container aa00004-g1-20260818201730-16867-indexer-1  Stopped
 Container aa00004-g1-20260818201730-16867-indexer-1  Removing
 Container aa00004-g1-20260818201730-16867-indexer-1  Removed
 Container aa00004-g1-20260818201730-16867-node-1  Stopping
 Container aa00004-g1-20260818201730-16867-proof-server-1  Stopped
 Container aa00004-g1-20260818201730-16867-proof-server-1  Removing
 Container aa00004-g1-20260818201730-16867-proof-server-1  Removed
 Container aa00004-g1-20260818201730-16867-node-1  Stopped
 Container aa00004-g1-20260818201730-16867-node-1  Removing
 Container aa00004-g1-20260818201730-16867-node-1  Removed
 Network aa00004-g1-20260818201730-16867_default  Removing
 Volume aa00004-g1-20260818201730-16867_node-data  Removing
 Volume aa00004-g1-20260818201730-16867_node-data  Removed
 Network aa00004-g1-20260818201730-16867_default  Removed
