# G3 run log
started_utc: 2026-08-19T04:52:15Z
argv: ./scripts/g3/verify-g3-ledger.sh 
cwd: /Users/edwardalvarado/todo/AA/experiments/00005-open-colour-custody
host: Darwin arm64
docker: Docker version 29.1.3, build f52814d
compose: 2.40.3-desktop.1
label: EXPERIMENTAL_LANE
--- step: 01-w1-docker-config
    utc_start: 2026-08-19T04:52:16Z
    cwd: /Users/edwardalvarado/todo/AA/experiments/00005-open-colour-custody
    argv: step_w1
    utc_end: 2026-08-19T04:52:16Z
    duration_s: 0
    exit: 0
    output: 01-w1-docker-config.out
--- step: 02-probe-ports
    utc_start: 2026-08-19T04:52:16Z
    cwd: /Users/edwardalvarado/todo/AA/experiments/00005-open-colour-custody
    argv: step_probe_ports
    utc_end: 2026-08-19T04:52:16Z
    duration_s: 0
    exit: 0
    output: 02-probe-ports.out
--- step: 03-lane-reuse
    utc_start: 2026-08-19T04:52:16Z
    cwd: /Users/edwardalvarado/todo/AA/experiments/00005-open-colour-custody
    argv: step_lane_reuse
    utc_end: 2026-08-19T04:52:17Z
    duration_s: 1
    exit: 0
    output: 03-lane-reuse.out
--- step: 04-lane-dev-1
    utc_start: 2026-08-19T04:52:17Z
    cwd: /Users/edwardalvarado/todo/AA/experiments/00005-open-colour-custody
    argv: step_lane_dev_1
    utc_end: 2026-08-19T04:52:18Z
    duration_s: 1
    exit: 0
    output: 04-lane-dev-1.out
--- step: 05-compile-fast
    utc_start: 2026-08-19T04:52:18Z
    cwd: /Users/edwardalvarado/todo/AA/experiments/00005-open-colour-custody
    argv: step_compile_fast
    utc_end: 2026-08-19T04:52:21Z
    duration_s: 3
    exit: 0
    output: 05-compile-fast.out
--- step: 06-install
    utc_start: 2026-08-19T04:52:21Z
    cwd: /Users/edwardalvarado/todo/AA/experiments/00005-open-colour-custody
    argv: step_install
    utc_end: 2026-08-19T04:52:21Z
    duration_s: 0
    exit: 0
    output: 06-install.out
--- step: 07-unit-suites
    utc_start: 2026-08-19T04:52:21Z
    cwd: /Users/edwardalvarado/todo/AA/experiments/00005-open-colour-custody
    argv: step_unit_suites
    utc_end: 2026-08-19T04:52:22Z
    duration_s: 1
    exit: 0
    output: 07-unit-suites.out
--- step: 08-compile-zk
    utc_start: 2026-08-19T04:52:22Z
    cwd: /Users/edwardalvarado/todo/AA/experiments/00005-open-colour-custody
    argv: step_compile_zk
    utc_end: 2026-08-19T04:53:23Z
    duration_s: 61
    exit: 0
    output: 08-compile-zk.out
--- step: 09-pull
    utc_start: 2026-08-19T04:53:23Z
    cwd: /Users/edwardalvarado/todo/AA/experiments/00005-open-colour-custody
    argv: step_pull
    utc_end: 2026-08-19T04:53:25Z
    duration_s: 2
    exit: 0
    output: 09-pull.out
--- step: 10-boot
    utc_start: 2026-08-19T04:53:25Z
    cwd: /Users/edwardalvarado/todo/AA/experiments/00005-open-colour-custody
    argv: step_boot
    utc_end: 2026-08-19T04:53:30Z
    duration_s: 5
    exit: 0
    output: 10-boot.out
--- step: 11-health
    utc_start: 2026-08-19T04:53:30Z
    cwd: /Users/edwardalvarado/todo/AA/experiments/00005-open-colour-custody
    argv: step_health
    utc_end: 2026-08-19T04:53:33Z
    duration_s: 3
    exit: 0
    output: 11-health.out
--- step: 12-step-ledger
    utc_start: 2026-08-19T04:53:33Z
    cwd: /Users/edwardalvarado/todo/AA/experiments/00005-open-colour-custody
    argv: step_step_ledger
    utc_end: 2026-08-19T05:20:56Z
    duration_s: 1643
    exit: 0
    output: 12-step-ledger.out
--- step: 13-render-cells
    utc_start: 2026-08-19T05:20:56Z
    cwd: /Users/edwardalvarado/todo/AA/experiments/00005-open-colour-custody
    argv: step_render_cells
    utc_end: 2026-08-19T05:20:57Z
    duration_s: 1
    exit: 0
    output: 13-render-cells.out
--- teardown
    utc: 2026-08-19T05:20:57Z
    argv: docker compose --env-file /Users/edwardalvarado/todo/AA/experiments/00005-open-colour-custody/docker/.env -f /Users/edwardalvarado/todo/AA/experiments/00005-open-colour-custody/docker/compose.yml down -v --remove-orphans && stack_assert_clean aa00005-g3-20260819045216-99788 && w1_cleanup
    exit: 0
finished_utc: 2026-08-19T05:20:58Z
final_exit: 0
