 Container aa00003-token-custody-indexer-1  Stopping
 Container aa00003-token-custody-proof-server-1  Stopping
 Container aa00003-token-custody-indexer-1  Stopped
 Container aa00003-token-custody-indexer-1  Removing
 Container aa00003-token-custody-indexer-1  Removed
 Container aa00003-token-custody-node-1  Stopping
 Container aa00003-token-custody-node-1  Stopped
 Container aa00003-token-custody-node-1  Removing
 Container aa00003-token-custody-node-1  Removed
 Container aa00003-token-custody-proof-server-1  Stopped
 Container aa00003-token-custody-proof-server-1  Removing
 Container aa00003-token-custody-proof-server-1  Removed
 Volume aa00003-token-custody_node-data  Removing
 Network aa00003-token-custody_default  Removing
 Volume aa00003-token-custody_node-data  Removed
 Network aa00003-token-custody_default  Removed
 Container aa00003-token-custody-proof-server-1  Stopping
 Container aa00003-token-custody-indexer-1  Stopping
 Container aa00003-token-custody-indexer-1  Stopped
 Container aa00003-token-custody-indexer-1  Removing
 Container aa00003-token-custody-indexer-1  Removed
 Container aa00003-token-custody-node-1  Stopping
 Container aa00003-token-custody-node-1  Stopped
 Container aa00003-token-custody-node-1  Removing
 Container aa00003-token-custody-node-1  Removed
 Container aa00003-token-custody-proof-server-1  Stopped
 Container aa00003-token-custody-proof-server-1  Removing
 Container aa00003-token-custody-proof-server-1  Removed
 Volume aa00003-token-custody_node-data  Removing
 Network aa00003-token-custody_default  Removing
 Volume aa00003-token-custody_node-data  Removed
 Network aa00003-token-custody_default  Removed
 Container aa00003-token-custody-indexer-1  Stopping
 Container aa00003-token-custody-proof-server-1  Stopping
 Container aa00003-token-custody-indexer-1  Stopped
 Container aa00003-token-custody-indexer-1  Removing
 Container aa00003-token-custody-indexer-1  Removed
 Container aa00003-token-custody-node-1  Stopping
 Container aa00003-token-custody-node-1  Stopped
 Container aa00003-token-custody-node-1  Removing
 Container aa00003-token-custody-node-1  Removed
 Container aa00003-token-custody-proof-server-1  Stopped
 Container aa00003-token-custody-proof-server-1  Removing
 Container aa00003-token-custody-proof-server-1  Removed
 Volume aa00003-token-custody_node-data  Removing
 Network aa00003-token-custody_default  Removing
 Volume aa00003-token-custody_node-data  Removed
 Network aa00003-token-custody_default  Removed
