# G1 run log
started_utc: 2026-08-20T03:04:35Z
argv: ./scripts/g1/verify-g1-spikes.sh full
cwd: /Users/edwardalvarado/todo/AA/experiments/00006-unbalanced-zswap
host: Darwin arm64
docker: Docker version 29.1.3, build f52814d
compose: 2.40.3-desktop.1
label: EXPERIMENTAL_LANE
--- step: 01-w1-docker-config
    utc_start: 2026-08-20T03:04:35Z
    cwd: /Users/edwardalvarado/todo/AA/experiments/00006-unbalanced-zswap
    argv: step_w1
    utc_end: 2026-08-20T03:04:35Z
    duration_s: 0
    exit: 0
    output: 01-w1-docker-config.out
--- step: 02-probe-ports
    utc_start: 2026-08-20T03:04:35Z
    cwd: /Users/edwardalvarado/todo/AA/experiments/00006-unbalanced-zswap
    argv: step_probe_ports
    utc_end: 2026-08-20T03:04:35Z
    duration_s: 0
    exit: 0
    output: 02-probe-ports.out
--- step: 03-lane-reuse
    utc_start: 2026-08-20T03:04:35Z
    cwd: /Users/edwardalvarado/todo/AA/experiments/00006-unbalanced-zswap
    argv: step_lane_reuse
    utc_end: 2026-08-20T03:04:36Z
    duration_s: 1
    exit: 0
    output: 03-lane-reuse.out
--- step: 04-lane-dev-1
    utc_start: 2026-08-20T03:04:36Z
    cwd: /Users/edwardalvarado/todo/AA/experiments/00006-unbalanced-zswap
    argv: step_lane_dev_1
    utc_end: 2026-08-20T03:04:37Z
    duration_s: 1
    exit: 0
    output: 04-lane-dev-1.out
--- step: 05-compile-fast
    utc_start: 2026-08-20T03:04:37Z
    cwd: /Users/edwardalvarado/todo/AA/experiments/00006-unbalanced-zswap
    argv: step_compile_fast
    utc_end: 2026-08-20T03:04:38Z
    duration_s: 1
    exit: 0
    output: 05-compile-fast.out
--- step: 06-install
    utc_start: 2026-08-20T03:04:38Z
    cwd: /Users/edwardalvarado/todo/AA/experiments/00006-unbalanced-zswap
    argv: step_install
    utc_end: 2026-08-20T03:04:38Z
    duration_s: 0
    exit: 0
    output: 06-install.out
--- step: 07-compile-zk
    utc_start: 2026-08-20T03:04:38Z
    cwd: /Users/edwardalvarado/todo/AA/experiments/00006-unbalanced-zswap
    argv: step_compile_zk
    utc_end: 2026-08-20T03:05:39Z
    duration_s: 61
    exit: 0
    output: 07-compile-zk.out
--- step: 08-typecheck
    utc_start: 2026-08-20T03:05:39Z
    cwd: /Users/edwardalvarado/todo/AA/experiments/00006-unbalanced-zswap
    argv: step_typecheck
    utc_end: 2026-08-20T03:05:40Z
    duration_s: 1
    exit: 0
    output: 08-typecheck.out
--- step: 09-pull
    utc_start: 2026-08-20T03:05:40Z
    cwd: /Users/edwardalvarado/todo/AA/experiments/00006-unbalanced-zswap
    argv: step_pull
    utc_end: 2026-08-20T03:05:42Z
    duration_s: 2
    exit: 0
    output: 09-pull.out
--- step: 10-boot
    utc_start: 2026-08-20T03:05:42Z
    cwd: /Users/edwardalvarado/todo/AA/experiments/00006-unbalanced-zswap
    argv: step_boot
    utc_end: 2026-08-20T03:05:50Z
    duration_s: 8
    exit: 0
    output: 10-boot.out
--- step: 11-health
    utc_start: 2026-08-20T03:05:50Z
    cwd: /Users/edwardalvarado/todo/AA/experiments/00006-unbalanced-zswap
    argv: step_health
    utc_end: 2026-08-20T03:05:52Z
    duration_s: 2
    exit: 0
    output: 11-health.out
--- step: 12-wallets
    utc_start: 2026-08-20T03:05:52Z
    cwd: /Users/edwardalvarado/todo/AA/experiments/00006-unbalanced-zswap
    argv: step_wallets
    utc_end: 2026-08-20T03:05:57Z
    duration_s: 5
    exit: 0
    output: 12-wallets.out
--- step: 13-funding
    utc_start: 2026-08-20T03:05:57Z
    cwd: /Users/edwardalvarado/todo/AA/experiments/00006-unbalanced-zswap
    argv: step_funding
    utc_end: 2026-08-20T03:08:25Z
    duration_s: 148
    exit: 0
    output: 13-funding.out
--- step: 14-record-lane
    utc_start: 2026-08-20T03:08:25Z
    cwd: /Users/edwardalvarado/todo/AA/experiments/00006-unbalanced-zswap
    argv: step_record_lane
    utc_end: 2026-08-20T03:08:25Z
    duration_s: 0
    exit: 0
    output: 14-record-lane.out
--- step: 15-spike-s1
    utc_start: 2026-08-20T03:08:25Z
    cwd: /Users/edwardalvarado/todo/AA/experiments/00006-unbalanced-zswap
    argv: step_spike_s1
    utc_end: 2026-08-20T03:14:14Z
    duration_s: 349
    exit: 0
    output: 15-spike-s1.out
--- step: 16-spike-s2
    utc_start: 2026-08-20T03:14:14Z
    cwd: /Users/edwardalvarado/todo/AA/experiments/00006-unbalanced-zswap
    argv: step_spike_s2
    utc_end: 2026-08-20T03:41:11Z
    duration_s: 1617
    exit: 0
    output: 16-spike-s2.out
--- step: 17-spike-s3
    utc_start: 2026-08-20T03:41:11Z
    cwd: /Users/edwardalvarado/todo/AA/experiments/00006-unbalanced-zswap
    argv: step_spike_s3
    utc_end: 2026-08-20T03:44:54Z
    duration_s: 223
    exit: 0
    output: 17-spike-s3.out
--- step: 18-record-spikes
    utc_start: 2026-08-20T03:44:54Z
    cwd: /Users/edwardalvarado/todo/AA/experiments/00006-unbalanced-zswap
    argv: step_record_spikes
    utc_end: 2026-08-20T03:44:55Z
    duration_s: 1
    exit: 0
    output: 18-record-spikes.out
--- teardown
    utc: 2026-08-20T03:44:55Z
    argv: docker compose --env-file /Users/edwardalvarado/todo/AA/experiments/00006-unbalanced-zswap/docker/.env -f /Users/edwardalvarado/todo/AA/experiments/00006-unbalanced-zswap/docker/compose.yml down -v --remove-orphans && stack_assert_clean aa00006-g1-20260820030435-6040 && w1_cleanup
    exit: 0
finished_utc: 2026-08-20T03:44:56Z
final_exit: 0
