== freshness
  Manager   original 10ea8ca47a36e89a6534148161355156ce2b1cd372ac748502cb273b29cba901
            repro    e00ad0b5f46779ade510da9010c8cd2d7df59a57131ab59d30663eb97ceaff77
  Minter1 (TOKA) original 8ff81b38627d0a611c3c558eed28b859b0b5e1b9ea88159caee4ae6bc257e692
                  repro    22f35b2b430088d94e0fadfcc1b0a9cb0d25db1acdf4a15765d154bfa947e189
  Minter2 (TOKB) original 4cf57bdd66fa67d51305194bf68b6611b14261f31e21cfcfee8593cee742a0a0
                  repro    ada870b7052b6f776ceee23cad13ac4eb64a323653a91802a2b27836510f388c
  Minter3 (TOKC) original c4b9aec02d9d45d75ffcb7a5bc1d5223658d6130232fcdd09752ab9fa3b4b14f
                  repro    eae07f88714e0f76bd827c90b6b30ffe001e59c860af03ead79f6d9f1566b3c5
  colours all differ: True
  transaction ids: 18 original, 18 reproduced, 0 in common
== checklist
  GREEN  step-0                 step     0 level SDK
  GREEN  distinctness           step     0 level SDK
  GREEN  step-1                 step     1 level SDK
  GREEN  step-2                 step     2 level SDK
  GREEN  step-3                 step     3 level SDK
  GREEN  step-4                 step     4 level SDK
  GREEN  step-5                 step     5 level SDK
  GREEN  step-6                 step     6 level SDK
  GREEN  step-7                 step     7 level SDK
  GREEN  step-8                 step     8 level SDK
  GREEN  step-9                 step     9 level SDK
  GREEN  step-10                step    10 level SDK
  GREEN  step-11                step    11 level SDK
  GREEN  step-12                step    12 level SDK
  GREEN  step-13                step    13 level SDK
  GREEN  M1                     step    13 level SDK
  GREEN  invariant-per-colour   step 0-13  level derived
  GREEN  enumeration            step 0-13  level derived
  GREEN  NC-1                   step NC-1  level SDK
  GREEN  NC-2                   step NC-2  level SDK
  GREEN  NC-3                   step NC-3  level SDK
  GREEN  NC-4a                  step NC-4a level SDK
  GREEN  NC-4b                  step NC-4b level SDK
  GREEN  NC-5                   step NC-5  level SDK
  GREEN  M2                     step M2    level SDK
  original 25 items, reproduced 25 items, 25 GREEN
== final 16-cell table + custody
  OwnerN  S1=4  S2=0  U1=5  U2=2
  OwnerM  S1=3  S2=2  U1=0  U2=3
  AA_A    S1=3  S2=0  U1=5  U2=0
  AA_B    S1=0  S2=8  U1=0  U2=5
  custody S1=3  S2=8  U1=5  U2=5
  pooled coin nonces differ: True
== distinctness and M1
  distinctness: original 15/15, repro 15/15
  M1 original tx 00b61d330b2a782e234dac5fdabaf8134b7be065a64cdfeb5855d513f055c7f7e6  shape: sdk-scoped batch (one transaction, one segment per call, state threaded)
  M1 repro    tx 006f2eacaf443f7f6158bf6dcb6ebbd73f8a0051397a3d14fc8c8e72a2d48e5470  shape: sdk-scoped batch (one transaction, one segment per call, state threaded)
== negative controls
  GREEN  M2     message-matched=True funds-unchanged=True
  GREEN  NC-1   message-matched=True funds-unchanged=True
  GREEN  NC-2   message-matched=True funds-unchanged=True
  GREEN  NC-3   message-matched=True funds-unchanged=True
  GREEN  NC-4a  message-matched=True funds-unchanged=True
  GREEN  NC-4b  message-matched=True funds-unchanged=True
  GREEN  NC-5   message-matched=True funds-unchanged=True

reproduction matches the original item for item, verdict for verdict, and control message for
control message — on a demonstrably different chain, with zero transaction ids in common
