# G4 run log
started_utc: 2026-08-19T00:58:14Z
argv: ./scripts/g4/verify-g4-closeout.sh 
cwd: /Users/edwardalvarado/todo/AA/experiments/00004-multi-token-custody
host: Darwin arm64
docker: Docker version 29.1.3, build f52814d
compose: 2.40.3-desktop.1
label: EXPERIMENTAL_LANE
--- step: 01-clean-clone
    utc_start: 2026-08-19T00:58:14Z
    cwd: /Users/edwardalvarado/todo/AA/experiments/00004-multi-token-custody
    argv: step_clean_clone
    utc_end: 2026-08-19T00:58:14Z
    duration_s: 0
    exit: 0
    output: 01-clean-clone.out
--- step: 02-spec-hash
    utc_start: 2026-08-19T00:58:14Z
    cwd: /Users/edwardalvarado/todo/AA/experiments/00004-multi-token-custody
    argv: step_spec_hash
    utc_end: 2026-08-19T00:58:14Z
    duration_s: 0
    exit: 0
    output: 02-spec-hash.out
--- step: 03-reproduce-g1
    utc_start: 2026-08-19T00:58:14Z
    cwd: /Users/edwardalvarado/todo/AA/experiments/00004-multi-token-custody
    argv: step_reproduce_g1
    utc_end: 2026-08-19T01:02:27Z
    duration_s: 253
    exit: 0
    output: 03-reproduce-g1.out
--- step: 04-reproduce-g2
    utc_start: 2026-08-19T01:02:27Z
    cwd: /Users/edwardalvarado/todo/AA/experiments/00004-multi-token-custody
    argv: step_reproduce_g2
    utc_end: 2026-08-19T01:11:17Z
    duration_s: 530
    exit: 0
    output: 04-reproduce-g2.out
--- step: 05-reproduce-g3
    utc_start: 2026-08-19T01:11:17Z
    cwd: /Users/edwardalvarado/todo/AA/experiments/00004-multi-token-custody
    argv: step_reproduce_g3
    utc_end: 2026-08-19T01:30:28Z
    duration_s: 1151
    exit: 0
    output: 05-reproduce-g3.out
--- step: 06-compare
    utc_start: 2026-08-19T01:30:28Z
    cwd: /Users/edwardalvarado/todo/AA/experiments/00004-multi-token-custody
    argv: step_compare
    utc_end: 2026-08-19T01:30:29Z
    duration_s: 1
    exit: 0
    output: 06-compare.out
--- step: 07-report
    utc_start: 2026-08-19T01:30:29Z
    cwd: /Users/edwardalvarado/todo/AA/experiments/00004-multi-token-custody
    argv: step_report
    utc_end: 2026-08-19T01:30:29Z
    duration_s: 0
    exit: 0
    output: 07-report.out
--- step: 08-docs
    utc_start: 2026-08-19T01:30:29Z
    cwd: /Users/edwardalvarado/todo/AA/experiments/00004-multi-token-custody
    argv: step_docs
    utc_end: 2026-08-19T01:30:29Z
    duration_s: 0
    exit: 0
    output: 08-docs.out
--- teardown
    utc: 2026-08-19T01:30:29Z
    argv: step_teardown
    exit: 0
finished_utc: 2026-08-19T01:30:31Z
final_exit: 0
