# G4-OFFLINE run log
started_utc: 2026-08-20T13:26:32Z
argv: ./scripts/g4/verify-g4-closeout.sh offline
cwd: /Users/edwardalvarado/todo/AA/experiments/00006-unbalanced-zswap
host: Darwin arm64
docker: Docker version 29.1.3, build f52814d
compose: 2.40.3-desktop.1
label: EXPERIMENTAL_LANE
--- step: 01-w1-docker-config
    utc_start: 2026-08-20T13:26:33Z
    cwd: /Users/edwardalvarado/todo/AA/experiments/00006-unbalanced-zswap
    argv: step_w1
    utc_end: 2026-08-20T13:26:34Z
    duration_s: 1
    exit: 0
    output: 01-w1-docker-config.out
--- step: 02-clean-clone
    utc_start: 2026-08-20T13:26:34Z
    cwd: /Users/edwardalvarado/todo/AA/experiments/00006-unbalanced-zswap
    argv: step_clean_clone
    utc_end: 2026-08-20T13:26:34Z
    duration_s: 0
    exit: 0
    output: 02-clean-clone.out
--- step: 03-spec-hash
    utc_start: 2026-08-20T13:26:34Z
    cwd: /Users/edwardalvarado/todo/AA/experiments/00006-unbalanced-zswap
    argv: step_spec_hash
    utc_end: 2026-08-20T13:26:34Z
    duration_s: 0
    exit: 0
    output: 03-spec-hash.out
--- step: 04-freshness-selftest
    utc_start: 2026-08-20T13:26:34Z
    cwd: /Users/edwardalvarado/todo/AA/experiments/00006-unbalanced-zswap
    argv: step_freshness_selftest
    utc_end: 2026-08-20T13:26:34Z
    duration_s: 0
    exit: 0
    output: 04-freshness-selftest.out
--- step: 05-report
    utc_start: 2026-08-20T13:26:34Z
    cwd: /Users/edwardalvarado/todo/AA/experiments/00006-unbalanced-zswap
    argv: step_report
    utc_end: 2026-08-20T13:26:35Z
    duration_s: 1
    exit: 0
    output: 05-report.out
--- step: 06-docs
    utc_start: 2026-08-20T13:26:35Z
    cwd: /Users/edwardalvarado/todo/AA/experiments/00006-unbalanced-zswap
    argv: step_docs
    utc_end: 2026-08-20T13:26:35Z
    duration_s: 0
    exit: 0
    output: 06-docs.out
--- teardown
    utc: 2026-08-20T13:26:35Z
    argv: step_teardown
    exit: 0
finished_utc: 2026-08-20T13:26:37Z
final_exit: 0
